Microchip MPLAB XC8 Compiler V3.10

Linker command line:

-W-3 \
  --edf=C:\Program Files\Microchip\xc8\v3.10\pic\dat\20250813170317_en.msgs \
  -cn -h+dist/default/production\OLED_libreria.X.production.sym \
  --cmf=dist/default/production\OLED_libreria.X.production.cmf -z -Q18F4550 \
  -oC:\Users\Lenovo\AppData\Local\Temp\xcAs7u8.0\driver_tmp_3.o \
  --defsym=__MPLAB_BUILD=1 --fixupoverflow=error \
  -Mdist/default/production/OLED_libreria.X.production.map \
  --md=C:\Users\Lenovo\AppData\Local\Temp\xcAs7u8.0\driver_tmp_0.dat -E1 \
  -ver=XC8 Compiler -ACODE=00h-07FFFh -ACONST=00h-07FFFh \
  -ASMALLCONST=0800h-08FFhx120 -AMEDIUMCONST=0800h-07FFFh -ACOMRAM=01h-05Fh \
  -AABS1=00h-07FFh -ABIGRAM=01h-07FFh -ARAM=060h-0FFh,0100h-01FFhx7 \
  -ABANK0=060h-0FFh -ABANK1=0100h-01FFh -ABANK2=0200h-02FFh \
  -ABANK3=0300h-03FFh -ABANK4=0400h-04FFh -ABANK5=0500h-05FFh \
  -ABANK6=0600h-06FFh -ABANK7=0700h-07FFh -ASFR=0F60h-0FFFh \
  -ABIGSFR=0F60h-0FFFh -ACONFIG=0300000h-030000Dh -AIDLOC=0200000h-0200007h \
  -AEEDATA=0F00000h-0F000FFh -peeprom_data=EEDATA \
  -preset_vec=00h,intcode=8h,intcodelo=18h,sivt_lo,sivt_hi=CODE \
  -ppowerup=CODE,init -pramtop=0800h -psmallconst=SMALLCONST \
  -pmediumconst=MEDIUMCONST -pconst=CONST -AFARRAM=00h-00h \
  -prdata=COMRAM,nvrram=COMRAM,nvbit=COMRAM,rbss=COMRAM,rbit=COMRAM \
  -pfarbss=FARRAM,fardata=FARRAM,nvFARRAM=FARRAM \
  -pintsave_regs=BIGRAM,bigbss=BIGRAM,bigdata=BIGRAM -pbss=RAM \
  -pidata=CODE,irdata=CODE,ibigdata=CODE,ifardata=CODE -prparam=COMRAM \
  C:\Users\Lenovo\AppData\Local\Temp\xcAs7u8.0\driver_tmp_9.o \
  dist/default/production\OLED_libreria.X.production.o 

Object code version is 3.11

Machine type is 18F4550



                Name                               Link     Load   Length Selector   Space Scale
C:\Users\Lenovo\AppData\Local\Temp\xcAs7u8.0\driver_tmp_9.o
                config                           300000   300000        8        0       4
                init                               7FFC     7FFC        4     3FFE       0
                reset_vec                             0        0        4        0       0
dist/default/production\OLED_libreria.X.production.o
                config                           300000   300000        8        0       4
                smallconst                          800      800       98      400       0
                text12                              B48      B48       16      44C       0
                text11                              A66      A66       2E      44C       0
                text10                              A94      A94       2C      44C       0
                text9                               B30      B30       18      44C       0
                text8                               AE0      AE0       1C      44C       0
                text7                               B16      B16       1A      44C       0
                text6                               AFC      AFC       1A      44C       0
                text5                               9BA      9BA       44      44C       0
                text4                               898      898       C4      44C       0
                text3                               95C      95C       5E      44C       0
                text2                               AC0      AC0       20      44C       0
                text1                               9FE      9FE       38      44C       0
                text0                               A36      A36       30      44C       0
                cstackCOMRAM                          1        1        9        1       1
                cinit                               B5E      B5E        E      44C       0

TOTAL           Name                               Link     Load   Length     Space
        CLASS   CODE           
                init                               7FFC     7FFC        4         0
                reset_vec                             0        0        4         0
                text12                              B48      B48       16         0
                text11                              A66      A66       2E         0
                text10                              A94      A94       2C         0
                text9                               B30      B30       18         0
                text8                               AE0      AE0       1C         0
                text7                               B16      B16       1A         0
                text6                               AFC      AFC       1A         0
                text5                               9BA      9BA       44         0
                text4                               898      898       C4         0
                text3                               95C      95C       5E         0
                text2                               AC0      AC0       20         0
                text1                               9FE      9FE       38         0
                text0                               A36      A36       30         0
                cinit                               B5E      B5E        E         0

        CLASS   CONST          

        CLASS   SMALLCONST     
                smallconst                          800      800       98         0

        CLASS   MEDIUMCONST    

        CLASS   COMRAM         
                cstackCOMRAM                          1        1        9         1

        CLASS   ABS1           

        CLASS   BIGRAM         

        CLASS   RAM            

        CLASS   BANK0          

        CLASS   BANK1          

        CLASS   BANK2          

        CLASS   BANK3          

        CLASS   BANK4          

        CLASS   BANK5          

        CLASS   BANK6          

        CLASS   BANK7          

        CLASS   SFR            

        CLASS   BIGSFR         

        CLASS   CONFIG         
                config                           300000   300000        8         4

        CLASS   IDLOC          

        CLASS   EEDATA         

        CLASS   FARRAM         

        CLASS   HEAP           

        CLASS   STACK          



SEGMENTS        Name                           Load    Length   Top    Selector   Space  Class

                reset_vec                      000000  000004  000004         0       0  CODE    
                cstackCOMRAM                   000001  000009  00000A         1       1  COMRAM  
                smallconst                     000800  000098  000898       400       0  SMALLCON
                text4                          000898  0002D4  000B6C       44C       0  CODE    
                init                           007FFC  000004  008000      3FFE       0  CODE    


UNUSED ADDRESS RANGES

        Name                Unused          Largest block    Delta
        BANK0            000060-0000FF               A0
        BANK1            000100-0001FF              100
        BANK2            000200-0002FF              100
        BANK3            000300-0003FF              100
        BANK4            000400-0004FF              100
        BANK5            000500-0005FF              100
        BANK6            000600-0006FF              100
        BANK7            000700-0007FF              100
        BIGRAM           00000A-0007FF              7F6
        BIGSFR           000F60-000FFF               A0
        CODE             000004-0007FF              7FC
                         000B6C-007FFB             7490
        COMRAM           00000A-00005F               56
        CONFIG           300008-30000D                6
        CONST            000004-0007FF              7FC
                         000B6C-007FFB             7490
        EEDATA           F00000-F000FF              100
        IDLOC            200000-200007                8
        MEDIUMCONST      000B6C-007FFB             7490
        RAM              000060-0007FF              100
        SFR              000F60-000FFF               A0
        SMALLCONST       000B6C-007FFB              100

                                  Symbol Table

I2C_Start@addr           cstackCOMRAM 000002
I2C_Write@data           cstackCOMRAM 000002
OLED_Char@c              cstackCOMRAM 000005
OLED_Char@i              cstackCOMRAM 000006
OLED_Clear@i             cstackCOMRAM 000005
OLED_Clear@j             cstackCOMRAM 000004
OLED_Comando@cmd         cstackCOMRAM 000003
OLED_Dato@dato           cstackCOMRAM 000003
OLED_SetCursor@col       cstackCOMRAM 000004
OLED_SetCursor@pagina    cstackCOMRAM 000005
OLED_String@col          cstackCOMRAM 000007
OLED_String@pagina       cstackCOMRAM 000009
OLED_String@texto        cstackCOMRAM 000008
_I2C_Init                text12       000B48
_I2C_Ready               text11       000A66
_I2C_Start               text10       000A94
_I2C_Stop                text9        000B30
_I2C_Write               text8        000AE0
_OLED_Char               text3        00095C
_OLED_Clear              text5        0009BA
_OLED_Comando            text7        000B16
_OLED_Dato               text6        000AFC
_OLED_Init               text4        000898
_OLED_SetCursor          text2        000AC0
_OLED_String             text1        0009FE
_PIR1bits                (abs)        000F9E
_SSPADD                  (abs)        000FC8
_SSPBUF                  (abs)        000FC9
_SSPCON1                 (abs)        000FC6
_SSPCON2                 (abs)        000FC5
_SSPCON2bits             (abs)        000FC5
_SSPSTAT                 (abs)        000FC7
_SSPSTATbits             (abs)        000FC7
_TRISBbits               (abs)        000F93
__HRAM                   (abs)        000000
__H__absolute__          __absolute__ 000000
__Habs1                  abs1         000000
__Hbank0                 bank0        000000
__Hbank1                 bank1        000000
__Hbank2                 bank2        000000
__Hbank3                 bank3        000000
__Hbank4                 bank4        000000
__Hbank5                 bank5        000000
__Hbank6                 bank6        000000
__Hbank7                 bank7        000000
__Hbigbss                bigbss       000000
__Hbigdata               bigdata      000000
__Hbigram                bigram       000000
__Hbigsfr                bigsfr       000000
__Hbss                   bss          000000
__Hcinit                 cinit        000000
__Hclrtext               clrtext      000000
__Hcomram                comram       000000
__Hconfig                config       300008
__Hconst                 const        000000
__HcstackCOMRAM          cstackCOMRAM 000000
__Hdata                  data         000000
__Heeprom_data           eeprom_data  000000
__Hfarbss                farbss       000000
__Hfardata               fardata      000000
__Hheap                  heap         000000
__Hibigdata              ibigdata     000000
__Hidata                 idata        000000
__Hidloc                 idloc        000000
__Hifardata              ifardata     000000
__Hinit                  init         008000
__Hintcode               intcode      000008
__Hintcode_body          intcode_body 000000
__Hintcodelo             intcodelo    000018
__Hintentry              intentry     000000
__Hintret                intret       000000
__Hintsave_regs          intsave_regs 000000
__Hirdata                irdata       000000
__Hmediumconst           mediumconst  000000
__HnvFARRAM              nvFARRAM     000000
__Hnvbit                 nvbit        000000
__Hnvrram                nvrram       000000
__Hparam                 rparam       000000
__Hpowerup               powerup      000000
__Hram                   ram          000000
__Hramtop                ramtop       000800
__Hrbit                  rbit         000000
__Hrbss                  rbss         000000
__Hrdata                 rdata        000000
__Hreset_vec             reset_vec    000004
__Hrparam                rparam       000000
__Hsfr                   sfr          000000
__Hsivt_hi               sivt_hi      000000
__Hsivt_lo               sivt_lo      000018
__Hsmallconst            smallconst   000898
__Hspace_0               (abs)        008000
__Hspace_1               (abs)        00000A
__Hspace_2               (abs)        000000
__Hspace_4               (abs)        600008
__Hstack                 stack        000000
__Hstruct                struct       000000
__Htemp                  temp         000000
__Htext                  text         000000
__Htext0                 text0        000000
__Htext1                 text1        000000
__Htext10                text10       000000
__Htext11                text11       000000
__Htext12                text12       000000
__Htext2                 text2        000000
__Htext3                 text3        000000
__Htext4                 text4        000000
__Htext5                 text5        000000
__Htext6                 text6        000000
__Htext7                 text7        000000
__Htext8                 text8        000000
__Htext9                 text9        000000
__LRAM                   (abs)        000001
__L__absolute__          __absolute__ 000000
__Labs1                  abs1         000000
__Lbank0                 bank0        000000
__Lbank1                 bank1        000000
__Lbank2                 bank2        000000
__Lbank3                 bank3        000000
__Lbank4                 bank4        000000
__Lbank5                 bank5        000000
__Lbank6                 bank6        000000
__Lbank7                 bank7        000000
__Lbigbss                bigbss       000000
__Lbigdata               bigdata      000000
__Lbigram                bigram       000000
__Lbigsfr                bigsfr       000000
__Lbss                   bss          000000
__Lcinit                 cinit        000000
__Lclrtext               clrtext      000000
__Lcomram                comram       000000
__Lconfig                config       000000
__Lconst                 const        000000
__LcstackCOMRAM          cstackCOMRAM 000000
__Ldata                  data         000000
__Leeprom_data           eeprom_data  000000
__Lfarbss                farbss       000000
__Lfardata               fardata      000000
__Lheap                  heap         000000
__Libigdata              ibigdata     000000
__Lidata                 idata        000000
__Lidloc                 idloc        000000
__Lifardata              ifardata     000000
__Linit                  init         007FFC
__Lintcode               intcode      000008
__Lintcode_body          intcode_body 000000
__Lintcodelo             intcodelo    000018
__Lintentry              intentry     000000
__Lintret                intret       000000
__Lintsave_regs          intsave_regs 000000
__Lirdata                irdata       000000
__Lmediumconst           mediumconst  000000
__LnvFARRAM              nvFARRAM     000000
__Lnvbit                 nvbit        000000
__Lnvrram                nvrram       000000
__Lparam                 rparam       000000
__Lpowerup               powerup      000000
__Lram                   ram          000000
__Lramtop                ramtop       000800
__Lrbit                  rbit         000000
__Lrbss                  rbss         000000
__Lrdata                 rdata        000000
__Lreset_vec             reset_vec    000000
__Lrparam                rparam       000000
__Lsfr                   sfr          000000
__Lsivt_hi               sivt_hi      000000
__Lsivt_lo               sivt_lo      000018
__Lsmallconst            smallconst   000800
__Lspace_0               (abs)        000000
__Lspace_1               (abs)        000000
__Lspace_2               (abs)        000000
__Lspace_4               (abs)        000000
__Lstack                 stack        000000
__Lstruct                struct       000000
__Ltemp                  temp         000000
__Ltext                  text         000000
__Ltext0                 text0        000000
__Ltext1                 text1        000000
__Ltext10                text10       000000
__Ltext11                text11       000000
__Ltext12                text12       000000
__Ltext2                 text2        000000
__Ltext3                 text3        000000
__Ltext4                 text4        000000
__Ltext5                 text5        000000
__Ltext6                 text6        000000
__Ltext7                 text7        000000
__Ltext8                 text8        000000
__Ltext9                 text9        000000
__S0                     (abs)        008000
__S1                     (abs)        00000A
__S4                     (abs)        000000
__S5                     (abs)        000000
___heap_hi               (abs)        000000
___heap_lo               (abs)        000000
___inthi_sp              stack        000000
___inthi_stack_hi        stack        000000
___inthi_stack_lo        stack        000000
___intlo_sp              stack        000000
___intlo_stack_hi        stack        000000
___intlo_stack_lo        stack        000000
___param_bank            (abs)        000000
___rparam_used           (abs)        000001
___sp                    stack        000000
___stack_hi              stack        000000
___stack_lo              stack        000000
__accesstop              (abs)        000060
__activetblptr           (abs)        000001
__end_of_I2C_Init        text12       000B5E
__end_of_I2C_Ready       text11       000A94
__end_of_I2C_Start       text10       000AC0
__end_of_I2C_Stop        text9        000B48
__end_of_I2C_Write       text8        000AFC
__end_of_OLED_Char       text3        0009BA
__end_of_OLED_Clear      text5        0009FE
__end_of_OLED_Comando    text7        000B30
__end_of_OLED_Dato       text6        000B16
__end_of_OLED_Init       text4        00095C
__end_of_OLED_SetCursor  text2        000AE0
__end_of_OLED_String     text1        000A36
__end_of__initialization cinit        000B5E
__end_of_font5x8         smallconst   000883
__end_of_main            text0        000A66
__initialization         cinit        000B5E
__mediumconst            smallconst   000800
__pcinit                 cinit        000B5E
__pcstackCOMRAM          cstackCOMRAM 000001
__psmallconst            smallconst   000800
__ptext0                 text0        000A36
__ptext1                 text1        0009FE
__ptext10                text10       000A94
__ptext11                text11       000A66
__ptext12                text12       000B48
__ptext2                 text2        000AC0
__ptext3                 text3        00095C
__ptext4                 text4        000898
__ptext5                 text5        0009BA
__ptext6                 text6        000AFC
__ptext7                 text7        000B16
__ptext8                 text8        000AE0
__ptext9                 text9        000B30
__ramtop                 ramtop       000800
__smallconst             smallconst   000800
_font5x8                 smallconst   000801
_main                    text0        000A36
end_of_initialization    cinit        000B5E
intlevel0                text         000000
intlevel1                text         000000
intlevel2                text         000000
intlevel3                text         000000
isa$std                  (abs)        000001
isa$xinst                (abs)        000000
stackhi                  (abs)        000000
stacklo                  (abs)        000000
start                    init         007FFC
start_initialization     cinit        000B5E


MODULE INFORMATION

Module		Function		Class		Link	Load	Size
i2c.c
		_I2C_Write     		CODE           	0AE0	0000	28
		_I2C_Stop      		CODE           	0B30	0000	24
		_I2C_Ready     		CODE           	0A66	0000	46
		_I2C_Init      		CODE           	0B48	0000	22
		_I2C_Start     		CODE           	0A94	0000	44

i2c.c estimated size: 164

shared
		_font5x8       		SMALLCONST     	0801	0000	130
		__initialization		CODE           	0B5E	0000	1

shared estimated size: 131

oled.c
		_OLED_SetCursor		CODE           	0AC0	0000	32
		_OLED_Clear    		CODE           	09BA	0000	68
		_OLED_String   		CODE           	09FE	0000	56
		_OLED_Comando  		CODE           	0B16	0000	26
		_OLED_Char     		CODE           	095C	0000	94
		_OLED_Init     		CODE           	0898	0000	196
		_OLED_Dato     		CODE           	0AFC	0000	26

oled.c estimated size: 498

main.c
		_main          		CODE           	0A36	0000	48

main.c estimated size: 48

