

Microchip MPLAB XC8 Assembler V3.10 build 20250813170317 
                                                                                               Tue Apr 21 08:36:14 2026

Microchip MPLAB XC8 C Compiler v3.10 (Free license) build 20250813170317 Og1 
     1                           	processor	18F4550
     2                           	fnconf	rparam,??,?,0
     3                           	pagewidth 120
     4                           	opt	flic
     5                           	psect	cinit,global,reloc=2,class=CODE,space=0,delta=1
     6                           	psect	cstackCOMRAM,global,class=COMRAM,space=1,delta=1,lowdata,noexec
     7                           	psect	text0,global,reloc=2,class=CODE,space=0,delta=1
     8                           	psect	text1,global,reloc=2,class=CODE,space=0,delta=1
     9                           	psect	text2,global,reloc=2,class=CODE,space=0,delta=1
    10                           	psect	text3,global,reloc=2,class=CODE,space=0,delta=1
    11                           	psect	smallconst,global,reloc=2,class=SMALLCONST,space=0,delta=1,noexec
    12                           	psect	intsave_regs,global,class=BIGRAM,space=1,delta=1,noexec
    13                           	psect	rparam,global,class=COMRAM,space=1,delta=1,noexec
    14                           	psect	config,global,abs,ovrld,class=CONFIG,space=4,delta=1,noexec
    15   000000                     
    16                           ; Generated 17/01/2025 GMT
    17                           ; 
    18                           ; Copyright © 2025, Microchip Technology Inc. and its subsidiaries ("Microchip")
    19                           ; All rights reserved.
    20                           ; 
    21                           ; This software is developed by Microchip Technology Inc. and its subsidiaries ("Microch
      +                          ip").
    22                           ; 
    23                           ; Redistribution and use in source and binary forms, with or without modification, are
    24                           ; permitted provided that the following conditions are met:
    25                           ; 
    26                           ;     1. Redistributions of source code must retain the above copyright notice, this lis
      +                          t of
    27                           ;        conditions and the following disclaimer.
    28                           ; 
    29                           ;     2. Redistributions in binary form must reproduce the above copyright notice, this 
      +                          list
    30                           ;        of conditions and the following disclaimer in the documentation and/or other
    31                           ;        materials provided with the distribution. Publication is not required when
    32                           ;        this file is used in an embedded application.
    33                           ; 
    34                           ;     3. Microchip's name may not be used to endorse or promote products derived from th
      +                          is
    35                           ;        software without specific prior written permission.
    36                           ; 
    37                           ; THIS SOFTWARE IS PROVIDED BY MICROCHIP "AS IS" AND ANY EXPRESS OR IMPLIED WARRANTIES,
    38                           ; INCLUDING, BUT NOT LIMITED TO, THE IMPLIED WARRANTIES OF MERCHANTABILITY AND FITNESS F
      +                          OR
    39                           ; PURPOSE ARE DISCLAIMED.  IN NO EVENT SHALL MICROCHIP BE LIABLE FOR ANY DIRECT, INDIREC
      +                          T,
    40                           ; INCIDENTAL, SPECIAL, EXEMPLARY, OR CONSEQUENTIAL DAMAGES (INCLUDING BUT NOT LIMITED TO
    41                           ; PROCUREMENT OF SUBSTITUTE GOODS OR SERVICES; LOSS OF USE, DATA OR PROFITS; OR BUSINESS
    42                           ; INTERRUPTION) HOWSOEVER CAUSED AND ON ANY THEORY OF LIABILITY, WHETHER IN CONTRACT, ST
      +                          RICT
    43                           ; LIABILITY, OR TORT (INCLUDING NEGLIGENCE OR OTHERWISE) ARISING IN ANY WAY OUT OF THE U
      +                          SE OF
    44                           ; THIS SOFTWARE, EVEN IF ADVISED OF THE POSSIBILITY OF SUCH DAMAGE.
    45                           ; 
    46                           ; 
    47                           ; Code-generator required, PIC18F4550 Definitions
    48                           ; 
    49                           ; SFR Addresses
    50   000FE0                     bsr             equ	4064
    51   000FE9                     fsr0            equ	4073
    52   000FEA                     fsr0h           equ	4074
    53   000FE9                     fsr0l           equ	4073
    54   000FE1                     fsr1            equ	4065
    55   000FE2                     fsr1h           equ	4066
    56   000FE1                     fsr1l           equ	4065
    57   000FD9                     fsr2            equ	4057
    58   000FDA                     fsr2h           equ	4058
    59   000FD9                     fsr2l           equ	4057
    60   000FEF                     indf0           equ	4079
    61   000FE7                     indf1           equ	4071
    62   000FDF                     indf2           equ	4063
    63   000FF2                     intcon          equ	4082
    64   000000                     nvmcon          equ	0
    65   000FF9                     pcl             equ	4089
    66   000FFA                     pclath          equ	4090
    67   000FFB                     pclatu          equ	4091
    68   000FEB                     plusw0          equ	4075
    69   000FE3                     plusw1          equ	4067
    70   000FDB                     plusw2          equ	4059
    71   000FED                     postdec0        equ	4077
    72   000FE5                     postdec1        equ	4069
    73   000FDD                     postdec2        equ	4061
    74   000FEE                     postinc0        equ	4078
    75   000FE6                     postinc1        equ	4070
    76   000FDE                     postinc2        equ	4062
    77   000FEC                     preinc0         equ	4076
    78   000FE4                     preinc1         equ	4068
    79   000FDC                     preinc2         equ	4060
    80   000FF3                     prod            equ	4083
    81   000FF4                     prodh           equ	4084
    82   000FF3                     prodl           equ	4083
    83   000FD8                     status          equ	4056
    84   000FF5                     tablat          equ	4085
    85   000FF6                     tblptr          equ	4086
    86   000FF7                     tblptrh         equ	4087
    87   000FF6                     tblptrl         equ	4086
    88   000FF8                     tblptru         equ	4088
    89   000FFD                     tosl            equ	4093
    90   000FE8                     wreg            equ	4072
    91   000F62                     SPPDATA         equ	3938	;# 
    92   000F63                     SPPCFG          equ	3939	;# 
    93   000F64                     SPPEPS          equ	3940	;# 
    94   000F65                     SPPCON          equ	3941	;# 
    95   000F66                     UFRM            equ	3942	;# 
    96   000F66                     UFRML           equ	3942	;# 
    97   000F67                     UFRMH           equ	3943	;# 
    98   000F68                     UIR             equ	3944	;# 
    99   000F69                     UIE             equ	3945	;# 
   100   000F6A                     UEIR            equ	3946	;# 
   101   000F6B                     UEIE            equ	3947	;# 
   102   000F6C                     USTAT           equ	3948	;# 
   103   000F6D                     UCON            equ	3949	;# 
   104   000F6E                     UADDR           equ	3950	;# 
   105   000F6F                     UCFG            equ	3951	;# 
   106   000F70                     UEP0            equ	3952	;# 
   107   000F71                     UEP1            equ	3953	;# 
   108   000F72                     UEP2            equ	3954	;# 
   109   000F73                     UEP3            equ	3955	;# 
   110   000F74                     UEP4            equ	3956	;# 
   111   000F75                     UEP5            equ	3957	;# 
   112   000F76                     UEP6            equ	3958	;# 
   113   000F77                     UEP7            equ	3959	;# 
   114   000F78                     UEP8            equ	3960	;# 
   115   000F79                     UEP9            equ	3961	;# 
   116   000F7A                     UEP10           equ	3962	;# 
   117   000F7B                     UEP11           equ	3963	;# 
   118   000F7C                     UEP12           equ	3964	;# 
   119   000F7D                     UEP13           equ	3965	;# 
   120   000F7E                     UEP14           equ	3966	;# 
   121   000F7F                     UEP15           equ	3967	;# 
   122   000F80                     PORTA           equ	3968	;# 
   123   000F81                     PORTB           equ	3969	;# 
   124   000F82                     PORTC           equ	3970	;# 
   125   000F83                     PORTD           equ	3971	;# 
   126   000F84                     PORTE           equ	3972	;# 
   127   000F89                     LATA            equ	3977	;# 
   128   000F8A                     LATB            equ	3978	;# 
   129   000F8B                     LATC            equ	3979	;# 
   130   000F8C                     LATD            equ	3980	;# 
   131   000F8D                     LATE            equ	3981	;# 
   132   000F92                     TRISA           equ	3986	;# 
   133   000F92                     DDRA            equ	3986	;# 
   134   000F93                     TRISB           equ	3987	;# 
   135   000F93                     DDRB            equ	3987	;# 
   136   000F94                     TRISC           equ	3988	;# 
   137   000F94                     DDRC            equ	3988	;# 
   138   000F95                     TRISD           equ	3989	;# 
   139   000F95                     DDRD            equ	3989	;# 
   140   000F96                     TRISE           equ	3990	;# 
   141   000F96                     DDRE            equ	3990	;# 
   142   000F9B                     OSCTUNE         equ	3995	;# 
   143   000F9D                     PIE1            equ	3997	;# 
   144   000F9E                     PIR1            equ	3998	;# 
   145   000F9F                     IPR1            equ	3999	;# 
   146   000FA0                     PIE2            equ	4000	;# 
   147   000FA1                     PIR2            equ	4001	;# 
   148   000FA2                     IPR2            equ	4002	;# 
   149   000FA6                     EECON1          equ	4006	;# 
   150   000FA7                     EECON2          equ	4007	;# 
   151   000FA8                     EEDATA          equ	4008	;# 
   152   000FA9                     EEADR           equ	4009	;# 
   153   000FAB                     RCSTA           equ	4011	;# 
   154   000FAB                     RCSTA1          equ	4011	;# 
   155   000FAC                     TXSTA           equ	4012	;# 
   156   000FAC                     TXSTA1          equ	4012	;# 
   157   000FAD                     TXREG           equ	4013	;# 
   158   000FAD                     TXREG1          equ	4013	;# 
   159   000FAE                     RCREG           equ	4014	;# 
   160   000FAE                     RCREG1          equ	4014	;# 
   161   000FAF                     SPBRG           equ	4015	;# 
   162   000FAF                     SPBRG1          equ	4015	;# 
   163   000FB0                     SPBRGH          equ	4016	;# 
   164   000FB1                     T3CON           equ	4017	;# 
   165   000FB2                     TMR3            equ	4018	;# 
   166   000FB2                     TMR3L           equ	4018	;# 
   167   000FB3                     TMR3H           equ	4019	;# 
   168   000FB4                     CMCON           equ	4020	;# 
   169   000FB5                     CVRCON          equ	4021	;# 
   170   000FB6                     ECCP1AS         equ	4022	;# 
   171   000FB6                     CCP1AS          equ	4022	;# 
   172   000FB7                     ECCP1DEL        equ	4023	;# 
   173   000FB7                     CCP1DEL         equ	4023	;# 
   174   000FB8                     BAUDCON         equ	4024	;# 
   175   000FB8                     BAUDCTL         equ	4024	;# 
   176   000FBA                     CCP2CON         equ	4026	;# 
   177   000FBB                     CCPR2           equ	4027	;# 
   178   000FBB                     CCPR2L          equ	4027	;# 
   179   000FBC                     CCPR2H          equ	4028	;# 
   180   000FBD                     CCP1CON         equ	4029	;# 
   181   000FBD                     ECCP1CON        equ	4029	;# 
   182   000FBE                     CCPR1           equ	4030	;# 
   183   000FBE                     CCPR1L          equ	4030	;# 
   184   000FBF                     CCPR1H          equ	4031	;# 
   185   000FC0                     ADCON2          equ	4032	;# 
   186   000FC1                     ADCON1          equ	4033	;# 
   187   000FC2                     ADCON0          equ	4034	;# 
   188   000FC3                     ADRES           equ	4035	;# 
   189   000FC3                     ADRESL          equ	4035	;# 
   190   000FC4                     ADRESH          equ	4036	;# 
   191   000FC5                     SSPCON2         equ	4037	;# 
   192   000FC6                     SSPCON1         equ	4038	;# 
   193   000FC7                     SSPSTAT         equ	4039	;# 
   194   000FC8                     SSPADD          equ	4040	;# 
   195   000FC9                     SSPBUF          equ	4041	;# 
   196   000FCA                     T2CON           equ	4042	;# 
   197   000FCB                     PR2             equ	4043	;# 
   198   000FCB                     MEMCON          equ	4043	;# 
   199   000FCC                     TMR2            equ	4044	;# 
   200   000FCD                     T1CON           equ	4045	;# 
   201   000FCE                     TMR1            equ	4046	;# 
   202   000FCE                     TMR1L           equ	4046	;# 
   203   000FCF                     TMR1H           equ	4047	;# 
   204   000FD0                     RCON            equ	4048	;# 
   205   000FD1                     WDTCON          equ	4049	;# 
   206   000FD2                     HLVDCON         equ	4050	;# 
   207   000FD2                     LVDCON          equ	4050	;# 
   208   000FD3                     OSCCON          equ	4051	;# 
   209   000FD5                     T0CON           equ	4053	;# 
   210   000FD6                     TMR0            equ	4054	;# 
   211   000FD6                     TMR0L           equ	4054	;# 
   212   000FD7                     TMR0H           equ	4055	;# 
   213   000FD8                     STATUS          equ	4056	;# 
   214   000FD9                     FSR2            equ	4057	;# 
   215   000FD9                     FSR2L           equ	4057	;# 
   216   000FDA                     FSR2H           equ	4058	;# 
   217   000FDB                     PLUSW2          equ	4059	;# 
   218   000FDC                     PREINC2         equ	4060	;# 
   219   000FDD                     POSTDEC2        equ	4061	;# 
   220   000FDE                     POSTINC2        equ	4062	;# 
   221   000FDF                     INDF2           equ	4063	;# 
   222   000FE0                     BSR             equ	4064	;# 
   223   000FE1                     FSR1            equ	4065	;# 
   224   000FE1                     FSR1L           equ	4065	;# 
   225   000FE2                     FSR1H           equ	4066	;# 
   226   000FE3                     PLUSW1          equ	4067	;# 
   227   000FE4                     PREINC1         equ	4068	;# 
   228   000FE5                     POSTDEC1        equ	4069	;# 
   229   000FE6                     POSTINC1        equ	4070	;# 
   230   000FE7                     INDF1           equ	4071	;# 
   231   000FE8                     WREG            equ	4072	;# 
   232   000FE9                     FSR0            equ	4073	;# 
   233   000FE9                     FSR0L           equ	4073	;# 
   234   000FEA                     FSR0H           equ	4074	;# 
   235   000FEB                     PLUSW0          equ	4075	;# 
   236   000FEC                     PREINC0         equ	4076	;# 
   237   000FED                     POSTDEC0        equ	4077	;# 
   238   000FEE                     POSTINC0        equ	4078	;# 
   239   000FEF                     INDF0           equ	4079	;# 
   240   000FF0                     INTCON3         equ	4080	;# 
   241   000FF1                     INTCON2         equ	4081	;# 
   242   000FF2                     INTCON          equ	4082	;# 
   243   000FF3                     PROD            equ	4083	;# 
   244   000FF3                     PRODL           equ	4083	;# 
   245   000FF4                     PRODH           equ	4084	;# 
   246   000FF5                     TABLAT          equ	4085	;# 
   247   000FF6                     TBLPTR          equ	4086	;# 
   248   000FF6                     TBLPTRL         equ	4086	;# 
   249   000FF7                     TBLPTRH         equ	4087	;# 
   250   000FF8                     TBLPTRU         equ	4088	;# 
   251   000FF9                     PCLAT           equ	4089	;# 
   252   000FF9                     PC              equ	4089	;# 
   253   000FF9                     PCL             equ	4089	;# 
   254   000FFA                     PCLATH          equ	4090	;# 
   255   000FFB                     PCLATU          equ	4091	;# 
   256   000FFC                     STKPTR          equ	4092	;# 
   257   000FFD                     TOS             equ	4093	;# 
   258   000FFD                     TOSL            equ	4093	;# 
   259   000FFE                     TOSH            equ	4094	;# 
   260   000FFF                     TOSU            equ	4095	;# 
   261   000F8C                     _LATDbits       set	3980
   262   000F95                     _TRISDbits      set	3989
   263   000FD3                     _OSCCON         set	4051
   264   000FC3                     _ADRESL         set	4035
   265   000FC4                     _ADRESH         set	4036
   266   000FC2                     _ADCON0bits     set	4034
   267   000FC2                     _ADCON0         set	4034
   268   000FC0                     _ADCON2         set	4032
   269   000FC1                     _ADCON1         set	4033
   270   000F92                     _TRISAbits      set	3986
   271                           
   272                           ; #config settings
   273                           
   274                           	psect	cinit
   275   000938                     __pcinit:
   276                           	callstack 0
   277   000938                     start_initialization:
   278                           	callstack 0
   279   000938                     __initialization:
   280                           	callstack 0
   281   000938                     end_of_initialization:
   282                           	callstack 0
   283   000938                     __end_of__initialization:
   284                           	callstack 0
   285   000938  0100               	movlb	0
   286   00093A  EF3E  F004         	goto	_main	;jump to C main() function
   287                           
   288                           	psect	cstackCOMRAM
   289   000001                     __pcstackCOMRAM:
   290                           	callstack 0
   291   000001                     ?_ADC_Read:
   292                           	callstack 0
   293   000001                     ??_ADC_Init:
   294                           
   295                           ; 1 bytes @ 0x0
   296   000001                     	ds	2
   297   000003                     ??_ADC_Read:
   298                           
   299                           ; 1 bytes @ 0x2
   300   000003                     	ds	2
   301   000005                     ADC_Read@canal:
   302                           	callstack 0
   303                           
   304                           ; 1 bytes @ 0x4
   305   000005                     	ds	1
   306   000006                     ?_ADC_ReadAvg:
   307                           	callstack 0
   308                           
   309                           ; 2 bytes @ 0x5
   310   000006                     	ds	2
   311   000008                     ??_ADC_ReadAvg:
   312                           
   313                           ; 1 bytes @ 0x7
   314   000008                     	ds	4
   315   00000C                     ADC_ReadAvg@canal:
   316                           	callstack 0
   317                           
   318                           ; 1 bytes @ 0xB
   319   00000C                     	ds	1
   320   00000D                     ADC_ReadAvg@suma:
   321                           	callstack 0
   322                           
   323                           ; 4 bytes @ 0xC
   324   00000D                     	ds	4
   325   000011                     ADC_ReadAvg@i:
   326                           	callstack 0
   327                           
   328                           ; 1 bytes @ 0x10
   329   000011                     	ds	1
   330   000012                     ??_main:
   331                           
   332                           ; 1 bytes @ 0x11
   333   000012                     	ds	2
   334   000014                     main@valor:
   335                           	callstack 0
   336                           
   337                           ; 2 bytes @ 0x13
   338   000014                     	ds	2
   339                           
   340 ;;
   341 ;;Main: autosize = 0, tempsize = 2, incstack = 0, save=0
   342 ;;
   343 ;; *************** function _main *****************
   344 ;; Defined at:
   345 ;;		line 69 in file "adc_reutilizable.c"
   346 ;; Parameters:    Size  Location     Type
   347 ;;		None
   348 ;; Auto vars:     Size  Location     Type
   349 ;;  valor           2   19[COMRAM] unsigned int 
   350 ;; Return value:  Size  Location     Type
   351 ;;                  1    wreg      void 
   352 ;; Registers used:
   353 ;;		wreg, status,2, status,0, cstack
   354 ;; Tracked objects:
   355 ;;		On entry : 0/0
   356 ;;		On exit  : 0/0
   357 ;;		Unchanged: 0/0
   358 ;; Data sizes:     COMRAM   BANK0   BANK1   BANK2   BANK3   BANK4   BANK5   BANK6   BANK7
   359 ;;      Params:         0       0       0       0       0       0       0       0       0
   360 ;;      Locals:         2       0       0       0       0       0       0       0       0
   361 ;;      Temps:          2       0       0       0       0       0       0       0       0
   362 ;;      Totals:         4       0       0       0       0       0       0       0       0
   363 ;;Total ram usage:        4 bytes
   364 ;; Hardware stack levels required when called: 2
   365 ;; This function calls:
   366 ;;		_ADC_Init
   367 ;;		_ADC_ReadAvg
   368 ;; This function is called by:
   369 ;;		Startup code after reset
   370 ;; This function uses a non-reentrant model
   371 ;;
   372                           
   373                           	psect	text0
   374   00087C                     __ptext0:
   375                           	callstack 0
   376   00087C                     _main:
   377                           	callstack 29
   378   00087C                     
   379                           ;adc_reutilizable.c: 71:     unsigned int valor;;adc_reutilizable.c: 73:     OSCCON = 0x
      +                          72;
   380   00087C  0E72               	movlw	114
   381   00087E  6ED3               	movwf	211,c	;volatile
   382   000880                     
   383                           ;adc_reutilizable.c: 75:     TRISDbits.TRISD0 = 0;
   384   000880  9095               	bcf	149,0,c	;volatile
   385   000882                     
   386                           ;adc_reutilizable.c: 76:     LATDbits.LATD0 = 0;
   387   000882  908C               	bcf	140,0,c	;volatile
   388   000884                     
   389                           ;adc_reutilizable.c: 78:     ADC_Init();
   390   000884  EC8D  F004         	call	_ADC_Init	;wreg free
   391   000888                     l920:
   392                           
   393                           ;adc_reutilizable.c: 82:         valor = ADC_ReadAvg(0);
   394   000888  0E00               	movlw	0
   395   00088A  EC01  F004         	call	_ADC_ReadAvg
   396   00088E  C006  F014         	movff	?_ADC_ReadAvg,main@valor
   397   000892  C007  F015         	movff	?_ADC_ReadAvg+1,main@valor+1
   398                           
   399                           ;adc_reutilizable.c: 85:         if (valor > 300) {
   400   000896  0E2D               	movlw	45
   401   000898  5C14               	subwf	main@valor^0,w,c
   402   00089A  0E01               	movlw	1
   403   00089C  5815               	subwfb	(main@valor+1)^0,w,c
   404   00089E  A0D8               	btfss	status,0,c
   405   0008A0  EF54  F004         	goto	u81
   406   0008A4  EF56  F004         	goto	u80
   407   0008A8                     u81:
   408   0008A8  EF59  F004         	goto	l42
   409   0008AC                     u80:
   410   0008AC                     
   411                           ;adc_reutilizable.c: 86:             LATDbits.LATD0 = 1;
   412   0008AC  808C               	bsf	140,0,c	;volatile
   413                           
   414                           ;adc_reutilizable.c: 87:         } else {
   415   0008AE  EF5A  F004         	goto	l924
   416   0008B2                     l42:
   417                           
   418                           ;adc_reutilizable.c: 88:             LATDbits.LATD0 = 0;
   419   0008B2  908C               	bcf	140,0,c	;volatile
   420   0008B4                     l924:
   421                           
   422                           ;adc_reutilizable.c: 91:         _delay((unsigned long)((200)*(8000000/4000.0)));
   423   0008B4  0E03               	movlw	3
   424   0008B6  6E13               	movwf	(??_main+1)^0,c
   425   0008B8  0E08               	movlw	8
   426   0008BA  6E12               	movwf	??_main^0,c
   427   0008BC  0E77               	movlw	119
   428   0008BE                     u97:
   429   0008BE  2EE8               	decfsz	wreg,f,c
   430   0008C0  D7FE               	bra	u97
   431   0008C2  2E12               	decfsz	??_main^0,f,c
   432   0008C4  D7FC               	bra	u97
   433   0008C6  2E13               	decfsz	(??_main+1)^0,f,c
   434   0008C8  D7FA               	bra	u97
   435   0008CA  0000               	nop	
   436   0008CC  EF44  F004         	goto	l920
   437   0008D0  EFFE  F03F         	goto	start
   438   0008D4                     __end_of_main:
   439                           	callstack 0
   440                           
   441 ;; *************** function _ADC_ReadAvg *****************
   442 ;; Defined at:
   443 ;;		line 55 in file "adc_reutilizable.c"
   444 ;; Parameters:    Size  Location     Type
   445 ;;  canal           1    wreg     unsigned char 
   446 ;; Auto vars:     Size  Location     Type
   447 ;;  canal           1   11[COMRAM] unsigned char 
   448 ;;  suma            4   12[COMRAM] unsigned long 
   449 ;;  i               1   16[COMRAM] unsigned char 
   450 ;; Return value:  Size  Location     Type
   451 ;;                  2    5[COMRAM] unsigned int 
   452 ;; Registers used:
   453 ;;		wreg, status,2, status,0, cstack
   454 ;; Tracked objects:
   455 ;;		On entry : 0/0
   456 ;;		On exit  : 0/0
   457 ;;		Unchanged: 0/0
   458 ;; Data sizes:     COMRAM   BANK0   BANK1   BANK2   BANK3   BANK4   BANK5   BANK6   BANK7
   459 ;;      Params:         2       0       0       0       0       0       0       0       0
   460 ;;      Locals:         6       0       0       0       0       0       0       0       0
   461 ;;      Temps:          4       0       0       0       0       0       0       0       0
   462 ;;      Totals:        12       0       0       0       0       0       0       0       0
   463 ;;Total ram usage:       12 bytes
   464 ;; Hardware stack levels used: 1
   465 ;; Hardware stack levels required when called: 1
   466 ;; This function calls:
   467 ;;		_ADC_Read
   468 ;; This function is called by:
   469 ;;		_main
   470 ;; This function uses a non-reentrant model
   471 ;;
   472                           
   473                           	psect	text1
   474   000802                     __ptext1:
   475                           	callstack 0
   476   000802                     _ADC_ReadAvg:
   477                           	callstack 29
   478                           
   479                           ;incstack = 0
   480                           ;ADC_ReadAvg@canal stored from wreg
   481   000802  6E0C               	movwf	ADC_ReadAvg@canal^0,c
   482   000804                     
   483                           ;adc_reutilizable.c: 56:     unsigned char i;;adc_reutilizable.c: 57:     unsigned long 
      +                          suma = 0;
   484   000804  0E00               	movlw	0
   485   000806  6E0D               	movwf	ADC_ReadAvg@suma^0,c
   486   000808  0E00               	movlw	0
   487   00080A  6E0E               	movwf	(ADC_ReadAvg@suma+1)^0,c
   488   00080C  0E00               	movlw	0
   489   00080E  6E0F               	movwf	(ADC_ReadAvg@suma+2)^0,c
   490   000810  0E00               	movlw	0
   491   000812  6E10               	movwf	(ADC_ReadAvg@suma+3)^0,c
   492   000814                     
   493                           ;adc_reutilizable.c: 59:     for (i = 0; i < 8; i++) {
   494   000814  6A11               	clrf	ADC_ReadAvg@i^0,c
   495   000816                     l900:
   496                           
   497                           ;adc_reutilizable.c: 60:         suma += ADC_Read(canal);
   498   000816  500C               	movf	ADC_ReadAvg@canal^0,w,c
   499   000818  EC6A  F004         	call	_ADC_Read
   500   00081C  5001               	movf	?_ADC_Read^0,w,c
   501   00081E  260D               	addwf	ADC_ReadAvg@suma^0,f,c
   502   000820  5002               	movf	(?_ADC_Read+1)^0,w,c
   503   000822  220E               	addwfc	(ADC_ReadAvg@suma+1)^0,f,c
   504   000824  0E00               	movlw	0
   505   000826  220F               	addwfc	(ADC_ReadAvg@suma+2)^0,f,c
   506   000828  0E00               	movlw	0
   507   00082A  2210               	addwfc	(ADC_ReadAvg@suma+3)^0,f,c
   508   00082C                     
   509                           ;adc_reutilizable.c: 61:         _delay((unsigned long)((1)*(8000000/4000.0)));
   510   00082C  0E03               	movlw	3
   511   00082E  6E08               	movwf	??_ADC_ReadAvg^0,c
   512   000830  0E98               	movlw	152
   513   000832                     u107:
   514   000832  2EE8               	decfsz	wreg,f,c
   515   000834  D7FE               	bra	u107
   516   000836  2E08               	decfsz	??_ADC_ReadAvg^0,f,c
   517   000838  D7FC               	bra	u107
   518   00083A                     
   519                           ;adc_reutilizable.c: 62:     }
   520   00083A  2A11               	incf	ADC_ReadAvg@i^0,f,c
   521   00083C  0E07               	movlw	7
   522   00083E  6411               	cpfsgt	ADC_ReadAvg@i^0,c
   523   000840  EF24  F004         	goto	u61
   524   000844  EF26  F004         	goto	u60
   525   000848                     u61:
   526   000848  EF0B  F004         	goto	l900
   527   00084C                     u60:
   528   00084C                     
   529                           ;adc_reutilizable.c: 64:     return (unsigned int)(suma / 8);
   530   00084C  C00D  F008         	movff	ADC_ReadAvg@suma,??_ADC_ReadAvg
   531   000850  C00E  F009         	movff	ADC_ReadAvg@suma+1,??_ADC_ReadAvg+1
   532   000854  C00F  F00A         	movff	ADC_ReadAvg@suma+2,??_ADC_ReadAvg+2
   533   000858  C010  F00B         	movff	ADC_ReadAvg@suma+3,??_ADC_ReadAvg+3
   534   00085C  0E04               	movlw	4
   535   00085E  EF36  F004         	goto	u70
   536   000862                     u75:
   537   000862  90D8               	bcf	status,0,c
   538   000864  320B               	rrcf	(??_ADC_ReadAvg+3)^0,f,c
   539   000866  320A               	rrcf	(??_ADC_ReadAvg+2)^0,f,c
   540   000868  3209               	rrcf	(??_ADC_ReadAvg+1)^0,f,c
   541   00086A  3208               	rrcf	??_ADC_ReadAvg^0,f,c
   542   00086C                     u70:
   543   00086C  2EE8               	decfsz	wreg,f,c
   544   00086E  EF31  F004         	goto	u75
   545   000872  C008  F006         	movff	??_ADC_ReadAvg,?_ADC_ReadAvg
   546   000876  C009  F007         	movff	??_ADC_ReadAvg+1,?_ADC_ReadAvg+1
   547   00087A  0012               	return		;funcret
   548   00087C                     __end_of_ADC_ReadAvg:
   549                           	callstack 0
   550                           
   551 ;; *************** function _ADC_Read *****************
   552 ;; Defined at:
   553 ;;		line 44 in file "adc_reutilizable.c"
   554 ;; Parameters:    Size  Location     Type
   555 ;;  canal           1    wreg     unsigned char 
   556 ;; Auto vars:     Size  Location     Type
   557 ;;  canal           1    4[COMRAM] unsigned char 
   558 ;; Return value:  Size  Location     Type
   559 ;;                  2    0[COMRAM] unsigned int 
   560 ;; Registers used:
   561 ;;		wreg, status,2, status,0
   562 ;; Tracked objects:
   563 ;;		On entry : 0/0
   564 ;;		On exit  : 0/0
   565 ;;		Unchanged: 0/0
   566 ;; Data sizes:     COMRAM   BANK0   BANK1   BANK2   BANK3   BANK4   BANK5   BANK6   BANK7
   567 ;;      Params:         2       0       0       0       0       0       0       0       0
   568 ;;      Locals:         1       0       0       0       0       0       0       0       0
   569 ;;      Temps:          2       0       0       0       0       0       0       0       0
   570 ;;      Totals:         5       0       0       0       0       0       0       0       0
   571 ;;Total ram usage:        5 bytes
   572 ;; Hardware stack levels used: 1
   573 ;; This function calls:
   574 ;;		Nothing
   575 ;; This function is called by:
   576 ;;		_ADC_ReadAvg
   577 ;; This function uses a non-reentrant model
   578 ;;
   579                           
   580                           	psect	text2
   581   0008D4                     __ptext2:
   582                           	callstack 0
   583   0008D4                     _ADC_Read:
   584                           	callstack 29
   585                           
   586                           ;incstack = 0
   587                           ;ADC_Read@canal stored from wreg
   588   0008D4  6E05               	movwf	ADC_Read@canal^0,c
   589   0008D6                     
   590                           ;adc_reutilizable.c: 45:     ADCON0 = (ADCON0 & 0xC3) | (canal << 2);
   591   0008D6  C005  F003         	movff	ADC_Read@canal,??_ADC_Read
   592   0008DA  90D8               	bcf	status,0,c
   593   0008DC  3603               	rlcf	??_ADC_Read^0,f,c
   594   0008DE  90D8               	bcf	status,0,c
   595   0008E0  3603               	rlcf	??_ADC_Read^0,f,c
   596   0008E2  50C2               	movf	194,w,c	;volatile
   597   0008E4  0BC3               	andlw	195
   598   0008E6  1003               	iorwf	??_ADC_Read^0,w,c
   599   0008E8  6EC2               	movwf	194,c	;volatile
   600   0008EA                     
   601                           ;adc_reutilizable.c: 47:     _delay((unsigned long)((50)*(8000000/4000000.0)));
   602   0008EA  0E21               	movlw	33
   603   0008EC                     u117:
   604   0008EC  2EE8               	decfsz	wreg,f,c
   605   0008EE  D7FE               	bra	u117
   606   0008F0  0000               	nop	
   607   0008F2                     
   608                           ;adc_reutilizable.c: 49:     ADCON0bits.GO = 1;
   609   0008F2  82C2               	bsf	194,1,c	;volatile
   610   0008F4                     l28:
   611   0008F4  B2C2               	btfsc	194,1,c	;volatile
   612   0008F6  EF7F  F004         	goto	u51
   613   0008FA  EF81  F004         	goto	u50
   614   0008FE                     u51:
   615   0008FE  EF7A  F004         	goto	l28
   616   000902                     u50:
   617   000902                     
   618                           ;adc_reutilizable.c: 52:     return ((ADRESH << 8) | ADRESL);
   619   000902  50C3               	movf	195,w,c	;volatile
   620   000904  CFC4 F003          	movff	4036,??_ADC_Read	;volatile
   621   000908  6A04               	clrf	(??_ADC_Read+1)^0,c
   622   00090A  C003  F004         	movff	??_ADC_Read,??_ADC_Read+1
   623   00090E  6A03               	clrf	??_ADC_Read^0,c
   624   000910  1003               	iorwf	??_ADC_Read^0,w,c
   625   000912  6E01               	movwf	?_ADC_Read^0,c
   626   000914  5004               	movf	(??_ADC_Read+1)^0,w,c
   627   000916  6E02               	movwf	(?_ADC_Read+1)^0,c
   628   000918  0012               	return		;funcret
   629   00091A                     __end_of_ADC_Read:
   630                           	callstack 0
   631                           
   632 ;; *************** function _ADC_Init *****************
   633 ;; Defined at:
   634 ;;		line 34 in file "adc_reutilizable.c"
   635 ;; Parameters:    Size  Location     Type
   636 ;;		None
   637 ;; Auto vars:     Size  Location     Type
   638 ;;		None
   639 ;; Return value:  Size  Location     Type
   640 ;;                  1    wreg      void 
   641 ;; Registers used:
   642 ;;		wreg, status,2
   643 ;; Tracked objects:
   644 ;;		On entry : 0/0
   645 ;;		On exit  : 0/0
   646 ;;		Unchanged: 0/0
   647 ;; Data sizes:     COMRAM   BANK0   BANK1   BANK2   BANK3   BANK4   BANK5   BANK6   BANK7
   648 ;;      Params:         0       0       0       0       0       0       0       0       0
   649 ;;      Locals:         0       0       0       0       0       0       0       0       0
   650 ;;      Temps:          1       0       0       0       0       0       0       0       0
   651 ;;      Totals:         1       0       0       0       0       0       0       0       0
   652 ;;Total ram usage:        1 bytes
   653 ;; Hardware stack levels used: 1
   654 ;; This function calls:
   655 ;;		Nothing
   656 ;; This function is called by:
   657 ;;		_main
   658 ;; This function uses a non-reentrant model
   659 ;;
   660                           
   661                           	psect	text3
   662   00091A                     __ptext3:
   663                           	callstack 0
   664   00091A                     _ADC_Init:
   665                           	callstack 30
   666   00091A                     
   667                           ;adc_reutilizable.c: 35:     TRISAbits.TRISA0 = 1;
   668   00091A  8092               	bsf	146,0,c	;volatile
   669   00091C                     
   670                           ;adc_reutilizable.c: 37:     ADCON1 = 0x0E;
   671   00091C  0E0E               	movlw	14
   672   00091E  6EC1               	movwf	193,c	;volatile
   673                           
   674                           ;adc_reutilizable.c: 38:     ADCON2 = 0xBD;
   675   000920  0EBD               	movlw	189
   676   000922  6EC0               	movwf	192,c	;volatile
   677                           
   678                           ;adc_reutilizable.c: 39:     ADCON0 = 0x01;
   679   000924  0E01               	movlw	1
   680   000926  6EC2               	movwf	194,c	;volatile
   681   000928                     
   682                           ;adc_reutilizable.c: 41:     _delay((unsigned long)((5)*(8000000/4000.0)));
   683   000928  0E0D               	movlw	13
   684   00092A  6E01               	movwf	??_ADC_Init^0,c
   685   00092C  0EFC               	movlw	252
   686   00092E                     u127:
   687   00092E  2EE8               	decfsz	wreg,f,c
   688   000930  D7FE               	bra	u127
   689   000932  2E01               	decfsz	??_ADC_Init^0,f,c
   690   000934  D7FC               	bra	u127
   691   000936  0012               	return		;funcret
   692   000938                     __end_of_ADC_Init:
   693                           	callstack 0
   694                           
   695                           	psect	smallconst
   696   000800                     __psmallconst:
   697                           	callstack 0
   698   000800  00                 	db	0
   699   000801  00                 	db	0	; dummy byte at the end
   700   000800                     __smallconst    set	__psmallconst
   701   000800                     __mediumconst   set	__psmallconst
   702   000000                     __activetblptr  equ	0
   703                           
   704                           	psect	rparam
   705   000001                     ___rparam_used  equ	1
   706   000000                     ___param_bank   equ	0
   707   000000                     __Lparam        equ	__Lrparam
   708   000000                     __Hparam        equ	__Hrparam
   709                           
   710                           	psect	config
   711                           
   712                           ;Config register CONFIG1L @ 0x300000
   713                           ;	unspecified, using default values
   714                           ;	PLL Prescaler Selection bits
   715                           ;	PLLDIV = 0x0, unprogrammed default
   716                           ;	System Clock Postscaler Selection bits
   717                           ;	CPUDIV = 0x0, unprogrammed default
   718                           ;	USB Clock Selection bit (used in Full-Speed USB mode only; UCFG:FSEN = 1)
   719                           ;	USBDIV = 0x0, unprogrammed default
   720   300000                     	org	3145728
   721   300000  00                 	db	0
   722                           
   723                           ;Config register CONFIG1H @ 0x300001
   724                           ;	Oscillator Selection bits
   725                           ;	FOSC = INTOSC_EC, Internal oscillator, CLKO function on RA6, EC used by USB (INTCKO)
   726                           ;	Fail-Safe Clock Monitor Enable bit
   727                           ;	FCMEN = 0x0, unprogrammed default
   728                           ;	Internal/External Oscillator Switchover bit
   729                           ;	IESO = 0x0, unprogrammed default
   730   300001                     	org	3145729
   731   300001  09                 	db	9
   732                           
   733                           ;Config register CONFIG2L @ 0x300002
   734                           ;	unspecified, using default values
   735                           ;	Power-up Timer Enable bit
   736                           ;	PWRT = 0x1, unprogrammed default
   737                           ;	Brown-out Reset Enable bits
   738                           ;	BOR = 0x3, unprogrammed default
   739                           ;	Brown-out Reset Voltage bits
   740                           ;	BORV = 0x3, unprogrammed default
   741                           ;	USB Voltage Regulator Enable bit
   742                           ;	VREGEN = 0x0, unprogrammed default
   743   300002                     	org	3145730
   744   300002  1F                 	db	31
   745                           
   746                           ;Config register CONFIG2H @ 0x300003
   747                           ;	Watchdog Timer Enable bit
   748                           ;	WDT = OFF, WDT disabled (control is placed on the SWDTEN bit)
   749                           ;	Watchdog Timer Postscale Select bits
   750                           ;	WDTPS = 0xF, unprogrammed default
   751   300003                     	org	3145731
   752   300003  1E                 	db	30
   753                           
   754                           ; Padding undefined space
   755   300004                     	org	3145732
   756   300004  FF                 	db	255
   757                           
   758                           ;Config register CONFIG3H @ 0x300005
   759                           ;	CCP2 MUX bit
   760                           ;	CCP2MX = 0x1, unprogrammed default
   761                           ;	PORTB A/D Enable bit
   762                           ;	PBADEN = OFF, PORTB<4:0> pins are configured as digital I/O on Reset
   763                           ;	Low-Power Timer 1 Oscillator Enable bit
   764                           ;	LPT1OSC = 0x0, unprogrammed default
   765                           ;	MCLR Pin Enable bit
   766                           ;	MCLRE = OFF, RE3 input pin enabled; MCLR pin disabled
   767   300005                     	org	3145733
   768   300005  01                 	db	1
   769                           
   770                           ;Config register CONFIG4L @ 0x300006
   771                           ;	Stack Full/Underflow Reset Enable bit
   772                           ;	STVREN = 0x1, unprogrammed default
   773                           ;	Single-Supply ICSP Enable bit
   774                           ;	LVP = OFF, Single-Supply ICSP disabled
   775                           ;	Dedicated In-Circuit Debug/Programming Port (ICPORT) Enable bit
   776                           ;	ICPRT = 0x0, unprogrammed default
   777                           ;	Extended Instruction Set Enable bit
   778                           ;	XINST = 0x0, unprogrammed default
   779                           ;	Background Debugger Enable bit
   780                           ;	DEBUG = 0x1, unprogrammed default
   781   300006                     	org	3145734
   782   300006  81                 	db	129
   783                           
   784                           ; Padding undefined space
   785   300007                     	org	3145735
   786   300007  FF                 	db	255
   787                           tosu	equ	0xFFF
   788                           tosh	equ	0xFFE
   789                           tosl	equ	0xFFD
   790                           stkptr	equ	0xFFC
   791                           pclatu	equ	0xFFB
   792                           pclath	equ	0xFFA
   793                           pcl	equ	0xFF9
   794                           tblptru	equ	0xFF8
   795                           tblptrh	equ	0xFF7
   796                           tblptrl	equ	0xFF6
   797                           tablat	equ	0xFF5
   798                           prodh	equ	0xFF4
   799                           prodl	equ	0xFF3
   800                           indf0	equ	0xFEF
   801                           postinc0	equ	0xFEE
   802                           postdec0	equ	0xFED
   803                           preinc0	equ	0xFEC
   804                           plusw0	equ	0xFEB
   805                           fsr0h	equ	0xFEA
   806                           fsr0l	equ	0xFE9
   807                           wreg	equ	0xFE8
   808                           indf1	equ	0xFE7
   809                           postinc1	equ	0xFE6
   810                           postdec1	equ	0xFE5
   811                           preinc1	equ	0xFE4
   812                           plusw1	equ	0xFE3
   813                           fsr1h	equ	0xFE2
   814                           fsr1l	equ	0xFE1
   815                           bsr	equ	0xFE0
   816                           indf2	equ	0xFDF
   817                           postinc2	equ	0xFDE
   818                           postdec2	equ	0xFDD
   819                           preinc2	equ	0xFDC
   820                           plusw2	equ	0xFDB
   821                           fsr2h	equ	0xFDA
   822                           fsr2l	equ	0xFD9
   823                           status	equ	0xFD8

Data Sizes:
    Strings     0
    Constant    0
    Data        0
    BSS         0
    Persistent  0
    Stack       0

Auto Spaces:
    Space          Size  Autos    Used
    COMRAM           95     21      21
    BANK0           160      0       0
    BANK1           256      0       0
    BANK2           256      0       0
    BANK3           256      0       0
    BANK4           256      0       0
    BANK5           256      0       0
    BANK6           256      0       0
    BANK7           256      0       0

Pointer List with Targets:

    None.

Critical Paths under _main in COMRAM

    _main->_ADC_ReadAvg
    _ADC_ReadAvg->_ADC_Read

Critical Paths under _main in BANK0

    None.

Critical Paths under _main in BANK1

    None.

Critical Paths under _main in BANK2

    None.

Critical Paths under _main in BANK3

    None.

Critical Paths under _main in BANK4

    None.

Critical Paths under _main in BANK5

    None.

Critical Paths under _main in BANK6

    None.

Critical Paths under _main in BANK7

    None.

Call Graph Tables:

 ---------------------------------------------------------------------------------
 (Depth) Function   	        Calls       Base Space   Used Autos Params    Refs
 ---------------------------------------------------------------------------------
 (0) _main                                                 4     4      0     151
                                             17 COMRAM     4     4      0
                           _ADC_Init
                        _ADC_ReadAvg
 ---------------------------------------------------------------------------------
 (1) _ADC_ReadAvg                                         12    10      2     128
                                              5 COMRAM    12    10      2
                           _ADC_Read
 ---------------------------------------------------------------------------------
 (2) _ADC_Read                                             5     3      2      29
                                              0 COMRAM     5     3      2
 ---------------------------------------------------------------------------------
 (1) _ADC_Init                                             1     1      0       0
                                              0 COMRAM     1     1      0
 ---------------------------------------------------------------------------------
 Estimated maximum stack depth 2
 ---------------------------------------------------------------------------------

 Call Graph Graphs:

 _main (ROOT)
   _ADC_Init
   _ADC_ReadAvg
     _ADC_Read

Address spaces:
Name               Size   Autos  Total    Usage
BITCOMRAM           95      0       0      0.0%
BITBANK0           160      0       0      0.0%
BITBANK1           256      0       0      0.0%
BITBANK2           256      0       0      0.0%
BITBANK3           256      0       0      0.0%
BITBANK4           256      0       0      0.0%
BITBANK5           256      0       0      0.0%
BITBANK6           256      0       0      0.0%
BITBANK7           256      0       0      0.0%
BITBIGSFRh          61      0       0      0.0%
BITBIGSFRlh         53      0       0      0.0%
BITBIGSFRll         44      0       0      0.0%
COMRAM              95     21      21     22.1%
BANK0              160      0       0      0.0%
BANK1              256      0       0      0.0%
BANK2              256      0       0      0.0%
BANK3              256      0       0      0.0%
BANK4              256      0       0      0.0%
BANK5              256      0       0      0.0%
BANK6              256      0       0      0.0%
BANK7              256      0       0      0.0%
BIGRAM            2047      0       0      0.0%
STACK                0      0       0      0.0%
DATA                 0      0      21      0.0%


Microchip Technology PIC18 Macro Assembler V3.10 build 20250813170317 
Symbol Table                                                                                   Tue Apr 21 08:36:14 2026

                     l31 0918                       l25 0936                       l42 08B2  
                     l28 08F4                       l36 087A                       u50 0902  
                     u51 08FE                       u60 084C                       u61 0848  
                     u70 086C                       u80 08AC                       u81 08A8  
                     u75 0862                       u97 08BE                      l900 0816  
                    l902 082C                      l904 083A                      l920 0888  
                    l912 087C                      l842 091A                      l906 083C  
                    l922 08AC                      l914 0880                      l844 091C  
                    l908 084C                      l924 08B4                      l916 0882  
                    l846 0928                      l918 0884                      l882 08D6  
                    l884 08EA                      l892 0804                      l886 08F2  
                    l894 0814                      l888 0902                      u107 0832  
                    u117 08EC                      u127 092E                      wreg 0FE8  
                   _main 087C         __end_of_ADC_Init 0938         __end_of_ADC_Read 091A  
                   start 7FFC             ___param_bank 0000                    ?_main 0001  
                  status 0FD8          __initialization 0938             __end_of_main 08D4  
                 ??_main 0012            __activetblptr 0000                   _ADCON0 0FC2  
                 _ADCON1 0FC1                   _ADCON2 0FC0                   _ADRESH 0FC4  
                 _ADRESL 0FC3                   _OSCCON 0FD3                   isa$std 0001  
        ADC_ReadAvg@suma 000D                ?_ADC_Init 0001                ?_ADC_Read 0001  
           __mediumconst 0800               __accesstop 0060  __end_of__initialization 0938  
          ___rparam_used 0001           __pcstackCOMRAM 0001               ??_ADC_Init 0001  
             ??_ADC_Read 0003            ??_ADC_ReadAvg 0008                  __Hparam 0000  
                __Lparam 0000             ADC_ReadAvg@i 0011             __psmallconst 0800  
                __pcinit 0938                  __ramtop 0800                  __ptext0 087C  
                __ptext1 0802                  __ptext2 08D4                  __ptext3 091A  
   end_of_initialization 0938         ADC_ReadAvg@canal 000C      __end_of_ADC_ReadAvg 087C  
              _TRISAbits 0F92                _TRISDbits 0F95      start_initialization 0938  
            _ADC_ReadAvg 0802              __smallconst 0800                 _ADC_Init 091A  
               _ADC_Read 08D4                 _LATDbits 0F8C               _ADCON0bits 0FC2  
              main@valor 0014                 __Hrparam 0000                 __Lrparam 0000  
          ADC_Read@canal 0005             ?_ADC_ReadAvg 0006                 isa$xinst 0000  
