

Microchip MPLAB XC8 Assembler V3.10 build 20250813170317 
                                                                                               Tue Apr 28 08:13:04 2026

Microchip MPLAB XC8 C Compiler v3.10 (Free license) build 20250813170317 Og1 
     1                           	processor	18F4550
     2                           	fnconf	rparam,??,?,0
     3                           	pagewidth 120
     4                           	opt	flic
     5                           	psect	cinit,global,reloc=2,class=CODE,space=0,delta=1
     6                           	psect	cstackCOMRAM,global,class=COMRAM,space=1,delta=1,lowdata,noexec
     7                           	psect	text0,global,reloc=2,class=CODE,space=0,delta=1
     8                           	psect	text1,global,reloc=2,class=CODE,space=0,delta=1
     9                           	psect	text2,global,reloc=2,class=CODE,space=0,delta=1
    10                           	psect	text3,global,reloc=2,class=CODE,space=0,delta=1
    11                           	psect	text4,global,reloc=2,class=CODE,space=0,delta=1
    12                           	psect	text5,global,reloc=2,class=CODE,space=0,delta=1
    13                           	psect	text6,global,reloc=2,class=CODE,space=0,delta=1
    14                           	psect	text7,global,reloc=2,class=CODE,space=0,delta=1
    15                           	psect	smallconst,global,reloc=2,class=SMALLCONST,space=0,delta=1,noexec
    16                           	psect	intsave_regs,global,class=BIGRAM,space=1,delta=1,noexec
    17                           	psect	rparam,global,class=COMRAM,space=1,delta=1,noexec
    18                           	psect	config,global,abs,ovrld,class=CONFIG,space=4,delta=1,noexec
    19   000000                     
    20                           ; Generated 17/01/2025 GMT
    21                           ; 
    22                           ; Copyright © 2025, Microchip Technology Inc. and its subsidiaries ("Microchip")
    23                           ; All rights reserved.
    24                           ; 
    25                           ; This software is developed by Microchip Technology Inc. and its subsidiaries ("Microch
      +                          ip").
    26                           ; 
    27                           ; Redistribution and use in source and binary forms, with or without modification, are
    28                           ; permitted provided that the following conditions are met:
    29                           ; 
    30                           ;     1. Redistributions of source code must retain the above copyright notice, this lis
      +                          t of
    31                           ;        conditions and the following disclaimer.
    32                           ; 
    33                           ;     2. Redistributions in binary form must reproduce the above copyright notice, this 
      +                          list
    34                           ;        of conditions and the following disclaimer in the documentation and/or other
    35                           ;        materials provided with the distribution. Publication is not required when
    36                           ;        this file is used in an embedded application.
    37                           ; 
    38                           ;     3. Microchip's name may not be used to endorse or promote products derived from th
      +                          is
    39                           ;        software without specific prior written permission.
    40                           ; 
    41                           ; THIS SOFTWARE IS PROVIDED BY MICROCHIP "AS IS" AND ANY EXPRESS OR IMPLIED WARRANTIES,
    42                           ; INCLUDING, BUT NOT LIMITED TO, THE IMPLIED WARRANTIES OF MERCHANTABILITY AND FITNESS F
      +                          OR
    43                           ; PURPOSE ARE DISCLAIMED.  IN NO EVENT SHALL MICROCHIP BE LIABLE FOR ANY DIRECT, INDIREC
      +                          T,
    44                           ; INCIDENTAL, SPECIAL, EXEMPLARY, OR CONSEQUENTIAL DAMAGES (INCLUDING BUT NOT LIMITED TO
    45                           ; PROCUREMENT OF SUBSTITUTE GOODS OR SERVICES; LOSS OF USE, DATA OR PROFITS; OR BUSINESS
    46                           ; INTERRUPTION) HOWSOEVER CAUSED AND ON ANY THEORY OF LIABILITY, WHETHER IN CONTRACT, ST
      +                          RICT
    47                           ; LIABILITY, OR TORT (INCLUDING NEGLIGENCE OR OTHERWISE) ARISING IN ANY WAY OUT OF THE U
      +                          SE OF
    48                           ; THIS SOFTWARE, EVEN IF ADVISED OF THE POSSIBILITY OF SUCH DAMAGE.
    49                           ; 
    50                           ; 
    51                           ; Code-generator required, PIC18F4550 Definitions
    52                           ; 
    53                           ; SFR Addresses
    54   000FE0                     bsr             equ	4064
    55   000FE9                     fsr0            equ	4073
    56   000FEA                     fsr0h           equ	4074
    57   000FE9                     fsr0l           equ	4073
    58   000FE1                     fsr1            equ	4065
    59   000FE2                     fsr1h           equ	4066
    60   000FE1                     fsr1l           equ	4065
    61   000FD9                     fsr2            equ	4057
    62   000FDA                     fsr2h           equ	4058
    63   000FD9                     fsr2l           equ	4057
    64   000FEF                     indf0           equ	4079
    65   000FE7                     indf1           equ	4071
    66   000FDF                     indf2           equ	4063
    67   000FF2                     intcon          equ	4082
    68   000000                     nvmcon          equ	0
    69   000FF9                     pcl             equ	4089
    70   000FFA                     pclath          equ	4090
    71   000FFB                     pclatu          equ	4091
    72   000FEB                     plusw0          equ	4075
    73   000FE3                     plusw1          equ	4067
    74   000FDB                     plusw2          equ	4059
    75   000FED                     postdec0        equ	4077
    76   000FE5                     postdec1        equ	4069
    77   000FDD                     postdec2        equ	4061
    78   000FEE                     postinc0        equ	4078
    79   000FE6                     postinc1        equ	4070
    80   000FDE                     postinc2        equ	4062
    81   000FEC                     preinc0         equ	4076
    82   000FE4                     preinc1         equ	4068
    83   000FDC                     preinc2         equ	4060
    84   000FF3                     prod            equ	4083
    85   000FF4                     prodh           equ	4084
    86   000FF3                     prodl           equ	4083
    87   000FD8                     status          equ	4056
    88   000FF5                     tablat          equ	4085
    89   000FF6                     tblptr          equ	4086
    90   000FF7                     tblptrh         equ	4087
    91   000FF6                     tblptrl         equ	4086
    92   000FF8                     tblptru         equ	4088
    93   000FFD                     tosl            equ	4093
    94   000FE8                     wreg            equ	4072
    95   000F62                     SPPDATA         equ	3938	;# 
    96   000F63                     SPPCFG          equ	3939	;# 
    97   000F64                     SPPEPS          equ	3940	;# 
    98   000F65                     SPPCON          equ	3941	;# 
    99   000F66                     UFRM            equ	3942	;# 
   100   000F66                     UFRML           equ	3942	;# 
   101   000F67                     UFRMH           equ	3943	;# 
   102   000F68                     UIR             equ	3944	;# 
   103   000F69                     UIE             equ	3945	;# 
   104   000F6A                     UEIR            equ	3946	;# 
   105   000F6B                     UEIE            equ	3947	;# 
   106   000F6C                     USTAT           equ	3948	;# 
   107   000F6D                     UCON            equ	3949	;# 
   108   000F6E                     UADDR           equ	3950	;# 
   109   000F6F                     UCFG            equ	3951	;# 
   110   000F70                     UEP0            equ	3952	;# 
   111   000F71                     UEP1            equ	3953	;# 
   112   000F72                     UEP2            equ	3954	;# 
   113   000F73                     UEP3            equ	3955	;# 
   114   000F74                     UEP4            equ	3956	;# 
   115   000F75                     UEP5            equ	3957	;# 
   116   000F76                     UEP6            equ	3958	;# 
   117   000F77                     UEP7            equ	3959	;# 
   118   000F78                     UEP8            equ	3960	;# 
   119   000F79                     UEP9            equ	3961	;# 
   120   000F7A                     UEP10           equ	3962	;# 
   121   000F7B                     UEP11           equ	3963	;# 
   122   000F7C                     UEP12           equ	3964	;# 
   123   000F7D                     UEP13           equ	3965	;# 
   124   000F7E                     UEP14           equ	3966	;# 
   125   000F7F                     UEP15           equ	3967	;# 
   126   000F80                     PORTA           equ	3968	;# 
   127   000F81                     PORTB           equ	3969	;# 
   128   000F82                     PORTC           equ	3970	;# 
   129   000F83                     PORTD           equ	3971	;# 
   130   000F84                     PORTE           equ	3972	;# 
   131   000F89                     LATA            equ	3977	;# 
   132   000F8A                     LATB            equ	3978	;# 
   133   000F8B                     LATC            equ	3979	;# 
   134   000F8C                     LATD            equ	3980	;# 
   135   000F8D                     LATE            equ	3981	;# 
   136   000F92                     TRISA           equ	3986	;# 
   137   000F92                     DDRA            equ	3986	;# 
   138   000F93                     TRISB           equ	3987	;# 
   139   000F93                     DDRB            equ	3987	;# 
   140   000F94                     TRISC           equ	3988	;# 
   141   000F94                     DDRC            equ	3988	;# 
   142   000F95                     TRISD           equ	3989	;# 
   143   000F95                     DDRD            equ	3989	;# 
   144   000F96                     TRISE           equ	3990	;# 
   145   000F96                     DDRE            equ	3990	;# 
   146   000F9B                     OSCTUNE         equ	3995	;# 
   147   000F9D                     PIE1            equ	3997	;# 
   148   000F9E                     PIR1            equ	3998	;# 
   149   000F9F                     IPR1            equ	3999	;# 
   150   000FA0                     PIE2            equ	4000	;# 
   151   000FA1                     PIR2            equ	4001	;# 
   152   000FA2                     IPR2            equ	4002	;# 
   153   000FA6                     EECON1          equ	4006	;# 
   154   000FA7                     EECON2          equ	4007	;# 
   155   000FA8                     EEDATA          equ	4008	;# 
   156   000FA9                     EEADR           equ	4009	;# 
   157   000FAB                     RCSTA           equ	4011	;# 
   158   000FAB                     RCSTA1          equ	4011	;# 
   159   000FAC                     TXSTA           equ	4012	;# 
   160   000FAC                     TXSTA1          equ	4012	;# 
   161   000FAD                     TXREG           equ	4013	;# 
   162   000FAD                     TXREG1          equ	4013	;# 
   163   000FAE                     RCREG           equ	4014	;# 
   164   000FAE                     RCREG1          equ	4014	;# 
   165   000FAF                     SPBRG           equ	4015	;# 
   166   000FAF                     SPBRG1          equ	4015	;# 
   167   000FB0                     SPBRGH          equ	4016	;# 
   168   000FB1                     T3CON           equ	4017	;# 
   169   000FB2                     TMR3            equ	4018	;# 
   170   000FB2                     TMR3L           equ	4018	;# 
   171   000FB3                     TMR3H           equ	4019	;# 
   172   000FB4                     CMCON           equ	4020	;# 
   173   000FB5                     CVRCON          equ	4021	;# 
   174   000FB6                     ECCP1AS         equ	4022	;# 
   175   000FB6                     CCP1AS          equ	4022	;# 
   176   000FB7                     ECCP1DEL        equ	4023	;# 
   177   000FB7                     CCP1DEL         equ	4023	;# 
   178   000FB8                     BAUDCON         equ	4024	;# 
   179   000FB8                     BAUDCTL         equ	4024	;# 
   180   000FBA                     CCP2CON         equ	4026	;# 
   181   000FBB                     CCPR2           equ	4027	;# 
   182   000FBB                     CCPR2L          equ	4027	;# 
   183   000FBC                     CCPR2H          equ	4028	;# 
   184   000FBD                     CCP1CON         equ	4029	;# 
   185   000FBD                     ECCP1CON        equ	4029	;# 
   186   000FBE                     CCPR1           equ	4030	;# 
   187   000FBE                     CCPR1L          equ	4030	;# 
   188   000FBF                     CCPR1H          equ	4031	;# 
   189   000FC0                     ADCON2          equ	4032	;# 
   190   000FC1                     ADCON1          equ	4033	;# 
   191   000FC2                     ADCON0          equ	4034	;# 
   192   000FC3                     ADRES           equ	4035	;# 
   193   000FC3                     ADRESL          equ	4035	;# 
   194   000FC4                     ADRESH          equ	4036	;# 
   195   000FC5                     SSPCON2         equ	4037	;# 
   196   000FC6                     SSPCON1         equ	4038	;# 
   197   000FC7                     SSPSTAT         equ	4039	;# 
   198   000FC8                     SSPADD          equ	4040	;# 
   199   000FC9                     SSPBUF          equ	4041	;# 
   200   000FCA                     T2CON           equ	4042	;# 
   201   000FCB                     PR2             equ	4043	;# 
   202   000FCB                     MEMCON          equ	4043	;# 
   203   000FCC                     TMR2            equ	4044	;# 
   204   000FCD                     T1CON           equ	4045	;# 
   205   000FCE                     TMR1            equ	4046	;# 
   206   000FCE                     TMR1L           equ	4046	;# 
   207   000FCF                     TMR1H           equ	4047	;# 
   208   000FD0                     RCON            equ	4048	;# 
   209   000FD1                     WDTCON          equ	4049	;# 
   210   000FD2                     HLVDCON         equ	4050	;# 
   211   000FD2                     LVDCON          equ	4050	;# 
   212   000FD3                     OSCCON          equ	4051	;# 
   213   000FD5                     T0CON           equ	4053	;# 
   214   000FD6                     TMR0            equ	4054	;# 
   215   000FD6                     TMR0L           equ	4054	;# 
   216   000FD7                     TMR0H           equ	4055	;# 
   217   000FD8                     STATUS          equ	4056	;# 
   218   000FD9                     FSR2            equ	4057	;# 
   219   000FD9                     FSR2L           equ	4057	;# 
   220   000FDA                     FSR2H           equ	4058	;# 
   221   000FDB                     PLUSW2          equ	4059	;# 
   222   000FDC                     PREINC2         equ	4060	;# 
   223   000FDD                     POSTDEC2        equ	4061	;# 
   224   000FDE                     POSTINC2        equ	4062	;# 
   225   000FDF                     INDF2           equ	4063	;# 
   226   000FE0                     BSR             equ	4064	;# 
   227   000FE1                     FSR1            equ	4065	;# 
   228   000FE1                     FSR1L           equ	4065	;# 
   229   000FE2                     FSR1H           equ	4066	;# 
   230   000FE3                     PLUSW1          equ	4067	;# 
   231   000FE4                     PREINC1         equ	4068	;# 
   232   000FE5                     POSTDEC1        equ	4069	;# 
   233   000FE6                     POSTINC1        equ	4070	;# 
   234   000FE7                     INDF1           equ	4071	;# 
   235   000FE8                     WREG            equ	4072	;# 
   236   000FE9                     FSR0            equ	4073	;# 
   237   000FE9                     FSR0L           equ	4073	;# 
   238   000FEA                     FSR0H           equ	4074	;# 
   239   000FEB                     PLUSW0          equ	4075	;# 
   240   000FEC                     PREINC0         equ	4076	;# 
   241   000FED                     POSTDEC0        equ	4077	;# 
   242   000FEE                     POSTINC0        equ	4078	;# 
   243   000FEF                     INDF0           equ	4079	;# 
   244   000FF0                     INTCON3         equ	4080	;# 
   245   000FF1                     INTCON2         equ	4081	;# 
   246   000FF2                     INTCON          equ	4082	;# 
   247   000FF3                     PROD            equ	4083	;# 
   248   000FF3                     PRODL           equ	4083	;# 
   249   000FF4                     PRODH           equ	4084	;# 
   250   000FF5                     TABLAT          equ	4085	;# 
   251   000FF6                     TBLPTR          equ	4086	;# 
   252   000FF6                     TBLPTRL         equ	4086	;# 
   253   000FF7                     TBLPTRH         equ	4087	;# 
   254   000FF8                     TBLPTRU         equ	4088	;# 
   255   000FF9                     PCLAT           equ	4089	;# 
   256   000FF9                     PC              equ	4089	;# 
   257   000FF9                     PCL             equ	4089	;# 
   258   000FFA                     PCLATH          equ	4090	;# 
   259   000FFB                     PCLATU          equ	4091	;# 
   260   000FFC                     STKPTR          equ	4092	;# 
   261   000FFD                     TOS             equ	4093	;# 
   262   000FFD                     TOSL            equ	4093	;# 
   263   000FFE                     TOSH            equ	4094	;# 
   264   000FFF                     TOSU            equ	4095	;# 
   265   000F8C                     _LATDbits       set	3980
   266   000F95                     _TRISDbits      set	3989
   267   000FD3                     _OSCCON         set	4051
   268   000F81                     _PORTBbits      set	3969
   269   000F8A                     _LATBbits       set	3978
   270   000F93                     _TRISBbits      set	3987
   271                           
   272                           ; #config settings
   273                           
   274                           	psect	cinit
   275   000982                     __pcinit:
   276                           	callstack 0
   277   000982                     start_initialization:
   278                           	callstack 0
   279   000982                     __initialization:
   280                           	callstack 0
   281   000982                     end_of_initialization:
   282                           	callstack 0
   283   000982                     __end_of__initialization:
   284                           	callstack 0
   285   000982  0100               	movlb	0
   286   000984  EF01  F004         	goto	_main	;jump to C main() function
   287                           
   288                           	psect	cstackCOMRAM
   289   000001                     __pcstackCOMRAM:
   290                           	callstack 0
   291   000001                     I2C_Read@data:
   292                           	callstack 0
   293   000001                     ??_I2C_Write:
   294   000001                     
   295                           ; 1 bytes @ 0x0
   296   000001                     	ds	1
   297   000002                     I2C_Write@data:
   298                           	callstack 0
   299   000002                     I2C_Read@i:
   300                           	callstack 0
   301                           
   302                           ; 1 bytes @ 0x1
   303   000002                     	ds	1
   304   000003                     I2C_Write@i:
   305                           	callstack 0
   306                           
   307                           ; 1 bytes @ 0x2
   308   000003                     	ds	1
   309   000004                     BME_Write@val:
   310                           	callstack 0
   311   000004                     BME_Read@reg:
   312                           	callstack 0
   313   000004                     
   314                           ; 1 bytes @ 0x3
   315   000004                     	ds	1
   316   000005                     BME_Write@reg:
   317                           	callstack 0
   318   000005                     BME_Read@val:
   319                           	callstack 0
   320   000005                     
   321                           ; 1 bytes @ 0x4
   322   000005                     	ds	1
   323   000006                     ??_main:
   324                           
   325                           ; 1 bytes @ 0x5
   326   000006                     	ds	2
   327   000008                     main@humedad:
   328                           	callstack 0
   329                           
   330                           ; 2 bytes @ 0x7
   331   000008                     	ds	2
   332   00000A                     main@msb:
   333                           	callstack 0
   334                           
   335                           ; 1 bytes @ 0x9
   336   00000A                     	ds	1
   337   00000B                     main@lsb:
   338                           	callstack 0
   339                           
   340                           ; 1 bytes @ 0xA
   341   00000B                     	ds	1
   342                           
   343 ;;
   344 ;;Main: autosize = 0, tempsize = 2, incstack = 0, save=0
   345 ;;
   346 ;; *************** function _main *****************
   347 ;; Defined at:
   348 ;;		line 87 in file "humedad.c"
   349 ;; Parameters:    Size  Location     Type
   350 ;;		None
   351 ;; Auto vars:     Size  Location     Type
   352 ;;  lsb             1   10[COMRAM] unsigned char 
   353 ;;  msb             1    9[COMRAM] unsigned char 
   354 ;;  humedad         2    7[COMRAM] unsigned int 
   355 ;; Return value:  Size  Location     Type
   356 ;;                  1    wreg      void 
   357 ;; Registers used:
   358 ;;		wreg, status,2, status,0, cstack
   359 ;; Tracked objects:
   360 ;;		On entry : 0/0
   361 ;;		On exit  : 0/0
   362 ;;		Unchanged: 0/0
   363 ;; Data sizes:     COMRAM   BANK0   BANK1   BANK2   BANK3   BANK4   BANK5   BANK6   BANK7
   364 ;;      Params:         0       0       0       0       0       0       0       0       0
   365 ;;      Locals:         4       0       0       0       0       0       0       0       0
   366 ;;      Temps:          2       0       0       0       0       0       0       0       0
   367 ;;      Totals:         6       0       0       0       0       0       0       0       0
   368 ;;Total ram usage:        6 bytes
   369 ;; Hardware stack levels required when called: 3
   370 ;; This function calls:
   371 ;;		_BME_Read
   372 ;;		_BME_Write
   373 ;; This function is called by:
   374 ;;		Startup code after reset
   375 ;; This function uses a non-reentrant model
   376 ;;
   377                           
   378                           	psect	text0
   379   000802                     __ptext0:
   380                           	callstack 0
   381   000802                     _main:
   382                           	callstack 28
   383   000802                     
   384                           ;humedad.c: 89:     unsigned int humedad;;humedad.c: 91:     OSCCON = 0x72;
   385   000802  0E72               	movlw	114
   386   000804  6ED3               	movwf	211,c	;volatile
   387   000806                     
   388                           ;humedad.c: 93:     TRISDbits.TRISD0 = 0;
   389   000806  9095               	bcf	149,0,c	;volatile
   390   000808                     
   391                           ;humedad.c: 96:     BME_Write(0xF2, 0x01);
   392   000808  0E01               	movlw	1
   393   00080A  6E04               	movwf	BME_Write@val^0,c
   394   00080C  0EF2               	movlw	242
   395   00080E  EC9C  F004         	call	_BME_Write
   396   000812                     
   397                           ;humedad.c: 97:     BME_Write(0xF4, 0x27);
   398   000812  0E27               	movlw	39
   399   000814  6E04               	movwf	BME_Write@val^0,c
   400   000816  0EF4               	movlw	244
   401   000818  EC9C  F004         	call	_BME_Write
   402   00081C                     l968:
   403                           
   404                           ;humedad.c: 102:         unsigned char msb = BME_Read(0xFD);
   405   00081C  0EFD               	movlw	253
   406   00081E  EC87  F004         	call	_BME_Read
   407   000822  6E0A               	movwf	main@msb^0,c
   408   000824                     
   409                           ;humedad.c: 103:         unsigned char lsb = BME_Read(0xFE);
   410   000824  0EFE               	movlw	254
   411   000826  EC87  F004         	call	_BME_Read
   412   00082A  6E0B               	movwf	main@lsb^0,c
   413                           
   414                           ;humedad.c: 105:         humedad = ((unsigned int)msb << 8) | lsb;
   415   00082C  500A               	movf	main@msb^0,w,c
   416   00082E  6E06               	movwf	??_main^0,c
   417   000830  500B               	movf	main@lsb^0,w,c
   418   000832  6E08               	movwf	main@humedad^0,c
   419   000834  C006  F009         	movff	??_main,main@humedad+1
   420   000838                     
   421                           ;humedad.c: 107:         if(humedad > 30000){
   422   000838  0E31               	movlw	49
   423   00083A  5C08               	subwf	main@humedad^0,w,c
   424   00083C  0E75               	movlw	117
   425   00083E  5809               	subwfb	(main@humedad+1)^0,w,c
   426   000840  A0D8               	btfss	status,0,c
   427   000842  EF25  F004         	goto	u71
   428   000846  EF27  F004         	goto	u70
   429   00084A                     u71:
   430   00084A  EF2A  F004         	goto	l46
   431   00084E                     u70:
   432   00084E                     
   433                           ;humedad.c: 108:             LATDbits.LATD0 = 1;
   434   00084E  808C               	bsf	140,0,c	;volatile
   435                           
   436                           ;humedad.c: 109:         } else {
   437   000850  EF2B  F004         	goto	l976
   438   000854                     l46:
   439                           
   440                           ;humedad.c: 110:             LATDbits.LATD0 = 0;
   441   000854  908C               	bcf	140,0,c	;volatile
   442   000856                     l976:
   443                           
   444                           ;humedad.c: 113:         _delay((unsigned long)((500)*(8000000/4000.0)));
   445   000856  0E06               	movlw	6
   446   000858  6E07               	movwf	(??_main+1)^0,c
   447   00085A  0E13               	movlw	19
   448   00085C  6E06               	movwf	??_main^0,c
   449   00085E  0EAE               	movlw	174
   450   000860                     u87:
   451   000860  2EE8               	decfsz	wreg,f,c
   452   000862  D7FE               	bra	u87
   453   000864  2E06               	decfsz	??_main^0,f,c
   454   000866  D7FC               	bra	u87
   455   000868  2E07               	decfsz	(??_main+1)^0,f,c
   456   00086A  D7FA               	bra	u87
   457   00086C  EF0E  F004         	goto	l968
   458   000870  EFFE  F03F         	goto	start
   459   000874                     __end_of_main:
   460                           	callstack 0
   461                           
   462 ;; *************** function _BME_Write *****************
   463 ;; Defined at:
   464 ;;		line 66 in file "humedad.c"
   465 ;; Parameters:    Size  Location     Type
   466 ;;  reg             1    wreg     unsigned char 
   467 ;;  val             1    3[COMRAM] unsigned char 
   468 ;; Auto vars:     Size  Location     Type
   469 ;;  reg             1    4[COMRAM] unsigned char 
   470 ;; Return value:  Size  Location     Type
   471 ;;                  1    wreg      void 
   472 ;; Registers used:
   473 ;;		wreg, status,2, status,0, cstack
   474 ;; Tracked objects:
   475 ;;		On entry : 0/0
   476 ;;		On exit  : 0/0
   477 ;;		Unchanged: 0/0
   478 ;; Data sizes:     COMRAM   BANK0   BANK1   BANK2   BANK3   BANK4   BANK5   BANK6   BANK7
   479 ;;      Params:         1       0       0       0       0       0       0       0       0
   480 ;;      Locals:         1       0       0       0       0       0       0       0       0
   481 ;;      Temps:          0       0       0       0       0       0       0       0       0
   482 ;;      Totals:         2       0       0       0       0       0       0       0       0
   483 ;;Total ram usage:        2 bytes
   484 ;; Hardware stack levels used: 1
   485 ;; Hardware stack levels required when called: 1
   486 ;; This function calls:
   487 ;;		_I2C_Start
   488 ;;		_I2C_Stop
   489 ;;		_I2C_Write
   490 ;; This function is called by:
   491 ;;		_main
   492 ;; This function uses a non-reentrant model
   493 ;;
   494                           
   495                           	psect	text1
   496   000938                     __ptext1:
   497                           	callstack 0
   498   000938                     _BME_Write:
   499                           	callstack 29
   500                           
   501                           ;incstack = 0
   502                           ;BME_Write@reg stored from wreg
   503   000938  6E05               	movwf	BME_Write@reg^0,c
   504   00093A                     
   505                           ;humedad.c: 67:     I2C_Start();
   506   00093A  ECAB  F004         	call	_I2C_Start	;wreg free
   507   00093E                     
   508                           ;humedad.c: 68:     I2C_Write(0xEC);
   509   00093E  0EEC               	movlw	236
   510   000940  EC3A  F004         	call	_I2C_Write
   511   000944                     
   512                           ;humedad.c: 69:     I2C_Write(reg);
   513   000944  5005               	movf	BME_Write@reg^0,w,c
   514   000946  EC3A  F004         	call	_I2C_Write
   515   00094A                     
   516                           ;humedad.c: 70:     I2C_Write(val);
   517   00094A  5004               	movf	BME_Write@val^0,w,c
   518   00094C  EC3A  F004         	call	_I2C_Write
   519   000950                     
   520                           ;humedad.c: 71:     I2C_Stop();
   521   000950  ECB6  F004         	call	_I2C_Stop	;wreg free
   522   000954  0012               	return		;funcret
   523   000956                     __end_of_BME_Write:
   524                           	callstack 0
   525                           
   526 ;; *************** function _BME_Read *****************
   527 ;; Defined at:
   528 ;;		line 74 in file "humedad.c"
   529 ;; Parameters:    Size  Location     Type
   530 ;;  reg             1    wreg     unsigned char 
   531 ;; Auto vars:     Size  Location     Type
   532 ;;  reg             1    3[COMRAM] unsigned char 
   533 ;;  val             1    4[COMRAM] unsigned char 
   534 ;; Return value:  Size  Location     Type
   535 ;;                  1    wreg      unsigned char 
   536 ;; Registers used:
   537 ;;		wreg, status,2, status,0, cstack
   538 ;; Tracked objects:
   539 ;;		On entry : 0/0
   540 ;;		On exit  : 0/0
   541 ;;		Unchanged: 0/0
   542 ;; Data sizes:     COMRAM   BANK0   BANK1   BANK2   BANK3   BANK4   BANK5   BANK6   BANK7
   543 ;;      Params:         0       0       0       0       0       0       0       0       0
   544 ;;      Locals:         2       0       0       0       0       0       0       0       0
   545 ;;      Temps:          0       0       0       0       0       0       0       0       0
   546 ;;      Totals:         2       0       0       0       0       0       0       0       0
   547 ;;Total ram usage:        2 bytes
   548 ;; Hardware stack levels used: 1
   549 ;; Hardware stack levels required when called: 2
   550 ;; This function calls:
   551 ;;		_I2C_Read
   552 ;;		_I2C_Start
   553 ;;		_I2C_Stop
   554 ;;		_I2C_Write
   555 ;; This function is called by:
   556 ;;		_main
   557 ;; This function uses a non-reentrant model
   558 ;;
   559                           
   560                           	psect	text2
   561   00090E                     __ptext2:
   562                           	callstack 0
   563   00090E                     _BME_Read:
   564                           	callstack 28
   565                           
   566                           ;incstack = 0
   567                           ;BME_Read@reg stored from wreg
   568   00090E  6E04               	movwf	BME_Read@reg^0,c
   569   000910                     
   570                           ;humedad.c: 75:     unsigned char val;;humedad.c: 76:     I2C_Start();
   571   000910  ECAB  F004         	call	_I2C_Start	;wreg free
   572   000914                     
   573                           ;humedad.c: 77:     I2C_Write(0xEC);
   574   000914  0EEC               	movlw	236
   575   000916  EC3A  F004         	call	_I2C_Write
   576   00091A                     
   577                           ;humedad.c: 78:     I2C_Write(reg);
   578   00091A  5004               	movf	BME_Read@reg^0,w,c
   579   00091C  EC3A  F004         	call	_I2C_Write
   580                           
   581                           ;humedad.c: 79:     I2C_Start();
   582   000920  ECAB  F004         	call	_I2C_Start	;wreg free
   583   000924                     
   584                           ;humedad.c: 80:     I2C_Write(0xEC | 1);
   585   000924  0EED               	movlw	237
   586   000926  EC3A  F004         	call	_I2C_Write
   587   00092A                     
   588                           ;humedad.c: 81:     val = I2C_Read();
   589   00092A  EC63  F004         	call	_I2C_Read	;wreg free
   590   00092E  6E05               	movwf	BME_Read@val^0,c
   591                           
   592                           ;humedad.c: 82:     I2C_Stop();
   593   000930  ECB6  F004         	call	_I2C_Stop	;wreg free
   594   000934                     
   595                           ;humedad.c: 83:     return val;
   596   000934  5005               	movf	BME_Read@val^0,w,c
   597   000936  0012               	return		;funcret
   598   000938                     __end_of_BME_Read:
   599                           	callstack 0
   600                           
   601 ;; *************** function _I2C_Write *****************
   602 ;; Defined at:
   603 ;;		line 37 in file "humedad.c"
   604 ;; Parameters:    Size  Location     Type
   605 ;;  data            1    wreg     unsigned char 
   606 ;; Auto vars:     Size  Location     Type
   607 ;;  data            1    1[COMRAM] unsigned char 
   608 ;;  i               1    2[COMRAM] unsigned char 
   609 ;; Return value:  Size  Location     Type
   610 ;;                  1    wreg      void 
   611 ;; Registers used:
   612 ;;		wreg, status,2, status,0, cstack
   613 ;; Tracked objects:
   614 ;;		On entry : 0/0
   615 ;;		On exit  : 0/0
   616 ;;		Unchanged: 0/0
   617 ;; Data sizes:     COMRAM   BANK0   BANK1   BANK2   BANK3   BANK4   BANK5   BANK6   BANK7
   618 ;;      Params:         0       0       0       0       0       0       0       0       0
   619 ;;      Locals:         2       0       0       0       0       0       0       0       0
   620 ;;      Temps:          1       0       0       0       0       0       0       0       0
   621 ;;      Totals:         3       0       0       0       0       0       0       0       0
   622 ;;Total ram usage:        3 bytes
   623 ;; Hardware stack levels used: 1
   624 ;; This function calls:
   625 ;;		_I2C_Delay
   626 ;; This function is called by:
   627 ;;		_BME_Write
   628 ;;		_BME_Read
   629 ;; This function uses a non-reentrant model
   630 ;;
   631                           
   632                           	psect	text3
   633   000874                     __ptext3:
   634                           	callstack 0
   635   000874                     _I2C_Write:
   636                           	callstack 29
   637                           
   638                           ;incstack = 0
   639                           ;I2C_Write@data stored from wreg
   640   000874  6E02               	movwf	I2C_Write@data^0,c
   641   000876                     
   642                           ;humedad.c: 38:     for(char i=0;i<8;i++){
   643   000876  6A03               	clrf	I2C_Write@i^0,c
   644   000878                     l858:
   645                           
   646                           ;humedad.c: 39:         LATBbits.LATB0 = (data & 0x80) ? 1 : 0;
   647   000878  BE02               	btfsc	I2C_Write@data^0,7,c
   648   00087A  EF41  F004         	goto	u11
   649   00087E  EF45  F004         	goto	u10
   650   000882                     u11:
   651   000882  6A01               	clrf	??_I2C_Write^0,c
   652   000884  2A01               	incf	??_I2C_Write^0,f,c
   653   000886  EF46  F004         	goto	u28
   654   00088A                     u10:
   655   00088A  6A01               	clrf	??_I2C_Write^0,c
   656   00088C                     u28:
   657   00088C  508A               	movf	138,w,c	;volatile
   658   00088E  1801               	xorwf	??_I2C_Write^0,w,c
   659   000890  0BFE               	andlw	-2
   660   000892  1801               	xorwf	??_I2C_Write^0,w,c
   661   000894  6E8A               	movwf	138,c	;volatile
   662   000896                     
   663                           ;humedad.c: 40:         LATBbits.LATB1 = 1; I2C_Delay();
   664   000896  828A               	bsf	138,1,c	;volatile
   665   000898  ECBC  F004         	call	_I2C_Delay	;wreg free
   666   00089C                     
   667                           ;humedad.c: 41:         LATBbits.LATB1 = 0; I2C_Delay();
   668   00089C  928A               	bcf	138,1,c	;volatile
   669   00089E  ECBC  F004         	call	_I2C_Delay	;wreg free
   670                           
   671                           ;humedad.c: 42:         data <<= 1;
   672   0008A2  90D8               	bcf	status,0,c
   673   0008A4  3602               	rlcf	I2C_Write@data^0,f,c
   674   0008A6                     
   675                           ;humedad.c: 43:     }
   676   0008A6  2A03               	incf	I2C_Write@i^0,f,c
   677   0008A8  0E07               	movlw	7
   678   0008AA  6403               	cpfsgt	I2C_Write@i^0,c
   679   0008AC  EF5A  F004         	goto	u31
   680   0008B0  EF5C  F004         	goto	u30
   681   0008B4                     u31:
   682   0008B4  EF3C  F004         	goto	l858
   683   0008B8                     u30:
   684   0008B8                     
   685                           ;humedad.c: 44:     TRISBbits.TRISB0 = 1;
   686   0008B8  8093               	bsf	147,0,c	;volatile
   687                           
   688                           ;humedad.c: 45:     LATBbits.LATB1 = 1; I2C_Delay();
   689   0008BA  828A               	bsf	138,1,c	;volatile
   690   0008BC  ECBC  F004         	call	_I2C_Delay	;wreg free
   691   0008C0                     
   692                           ;humedad.c: 46:     LATBbits.LATB1 = 0;
   693   0008C0  928A               	bcf	138,1,c	;volatile
   694   0008C2                     
   695                           ;humedad.c: 47:     TRISBbits.TRISB0 = 0;
   696   0008C2  9093               	bcf	147,0,c	;volatile
   697   0008C4  0012               	return		;funcret
   698   0008C6                     __end_of_I2C_Write:
   699                           	callstack 0
   700                           
   701 ;; *************** function _I2C_Stop *****************
   702 ;; Defined at:
   703 ;;		line 30 in file "humedad.c"
   704 ;; Parameters:    Size  Location     Type
   705 ;;		None
   706 ;; Auto vars:     Size  Location     Type
   707 ;;		None
   708 ;; Return value:  Size  Location     Type
   709 ;;                  1    wreg      void 
   710 ;; Registers used:
   711 ;;		wreg, cstack
   712 ;; Tracked objects:
   713 ;;		On entry : 0/0
   714 ;;		On exit  : 0/0
   715 ;;		Unchanged: 0/0
   716 ;; Data sizes:     COMRAM   BANK0   BANK1   BANK2   BANK3   BANK4   BANK5   BANK6   BANK7
   717 ;;      Params:         0       0       0       0       0       0       0       0       0
   718 ;;      Locals:         0       0       0       0       0       0       0       0       0
   719 ;;      Temps:          0       0       0       0       0       0       0       0       0
   720 ;;      Totals:         0       0       0       0       0       0       0       0       0
   721 ;;Total ram usage:        0 bytes
   722 ;; Hardware stack levels used: 1
   723 ;; This function calls:
   724 ;;		_I2C_Delay
   725 ;; This function is called by:
   726 ;;		_BME_Write
   727 ;;		_BME_Read
   728 ;; This function uses a non-reentrant model
   729 ;;
   730                           
   731                           	psect	text4
   732   00096C                     __ptext4:
   733                           	callstack 0
   734   00096C                     _I2C_Stop:
   735                           	callstack 29
   736   00096C                     
   737                           ;humedad.c: 31:     LATBbits.LATB0 = 0;
   738   00096C  908A               	bcf	138,0,c	;volatile
   739                           
   740                           ;humedad.c: 32:     LATBbits.LATB1 = 1;
   741   00096E  828A               	bsf	138,1,c	;volatile
   742   000970                     
   743                           ;humedad.c: 33:     I2C_Delay();
   744   000970  ECBC  F004         	call	_I2C_Delay	;wreg free
   745   000974                     
   746                           ;humedad.c: 34:     LATBbits.LATB0 = 1;
   747   000974  808A               	bsf	138,0,c	;volatile
   748   000976  0012               	return		;funcret
   749   000978                     __end_of_I2C_Stop:
   750                           	callstack 0
   751                           
   752 ;; *************** function _I2C_Start *****************
   753 ;; Defined at:
   754 ;;		line 21 in file "humedad.c"
   755 ;; Parameters:    Size  Location     Type
   756 ;;		None
   757 ;; Auto vars:     Size  Location     Type
   758 ;;		None
   759 ;; Return value:  Size  Location     Type
   760 ;;                  1    wreg      void 
   761 ;; Registers used:
   762 ;;		wreg, cstack
   763 ;; Tracked objects:
   764 ;;		On entry : 0/0
   765 ;;		On exit  : 0/0
   766 ;;		Unchanged: 0/0
   767 ;; Data sizes:     COMRAM   BANK0   BANK1   BANK2   BANK3   BANK4   BANK5   BANK6   BANK7
   768 ;;      Params:         0       0       0       0       0       0       0       0       0
   769 ;;      Locals:         0       0       0       0       0       0       0       0       0
   770 ;;      Temps:          0       0       0       0       0       0       0       0       0
   771 ;;      Totals:         0       0       0       0       0       0       0       0       0
   772 ;;Total ram usage:        0 bytes
   773 ;; Hardware stack levels used: 1
   774 ;; This function calls:
   775 ;;		_I2C_Delay
   776 ;; This function is called by:
   777 ;;		_BME_Write
   778 ;;		_BME_Read
   779 ;; This function uses a non-reentrant model
   780 ;;
   781                           
   782                           	psect	text5
   783   000956                     __ptext5:
   784                           	callstack 0
   785   000956                     _I2C_Start:
   786                           	callstack 29
   787   000956                     
   788                           ;humedad.c: 22:     TRISBbits.TRISB0 = 0; TRISBbits.TRISB1 = 0;
   789   000956  9093               	bcf	147,0,c	;volatile
   790   000958  9293               	bcf	147,1,c	;volatile
   791                           
   792                           ;humedad.c: 23:     LATBbits.LATB0 = 1; LATBbits.LATB1 = 1;
   793   00095A  808A               	bsf	138,0,c	;volatile
   794   00095C  828A               	bsf	138,1,c	;volatile
   795   00095E                     
   796                           ;humedad.c: 24:     I2C_Delay();
   797   00095E  ECBC  F004         	call	_I2C_Delay	;wreg free
   798   000962                     
   799                           ;humedad.c: 25:     LATBbits.LATB0 = 0;
   800   000962  908A               	bcf	138,0,c	;volatile
   801                           
   802                           ;humedad.c: 26:     I2C_Delay();
   803   000964  ECBC  F004         	call	_I2C_Delay	;wreg free
   804   000968                     
   805                           ;humedad.c: 27:     LATBbits.LATB1 = 0;
   806   000968  928A               	bcf	138,1,c	;volatile
   807   00096A  0012               	return		;funcret
   808   00096C                     __end_of_I2C_Start:
   809                           	callstack 0
   810                           
   811 ;; *************** function _I2C_Read *****************
   812 ;; Defined at:
   813 ;;		line 50 in file "humedad.c"
   814 ;; Parameters:    Size  Location     Type
   815 ;;		None
   816 ;; Auto vars:     Size  Location     Type
   817 ;;  i               1    1[COMRAM] unsigned char 
   818 ;;  data            1    0[COMRAM] unsigned char 
   819 ;; Return value:  Size  Location     Type
   820 ;;                  1    wreg      unsigned char 
   821 ;; Registers used:
   822 ;;		wreg, status,2, status,0, cstack
   823 ;; Tracked objects:
   824 ;;		On entry : 0/0
   825 ;;		On exit  : 0/0
   826 ;;		Unchanged: 0/0
   827 ;; Data sizes:     COMRAM   BANK0   BANK1   BANK2   BANK3   BANK4   BANK5   BANK6   BANK7
   828 ;;      Params:         0       0       0       0       0       0       0       0       0
   829 ;;      Locals:         2       0       0       0       0       0       0       0       0
   830 ;;      Temps:          0       0       0       0       0       0       0       0       0
   831 ;;      Totals:         2       0       0       0       0       0       0       0       0
   832 ;;Total ram usage:        2 bytes
   833 ;; Hardware stack levels used: 1
   834 ;; Hardware stack levels required when called: 1
   835 ;; This function calls:
   836 ;;		_I2C_Delay
   837 ;; This function is called by:
   838 ;;		_BME_Read
   839 ;; This function uses a non-reentrant model
   840 ;;
   841                           
   842                           	psect	text6
   843   0008C6                     __ptext6:
   844                           	callstack 0
   845   0008C6                     _I2C_Read:
   846                           	callstack 28
   847   0008C6                     
   848                           ;humedad.c: 51:     unsigned char data = 0;
   849   0008C6  6A01               	clrf	I2C_Read@data^0,c
   850                           
   851                           ;humedad.c: 52:     TRISBbits.TRISB0 = 1;
   852   0008C8  8093               	bsf	147,0,c	;volatile
   853                           
   854                           ;humedad.c: 53:     for(char i=0;i<8;i++){
   855   0008CA  6A02               	clrf	I2C_Read@i^0,c
   856   0008CC                     l31:
   857                           
   858                           ;humedad.c: 54:         LATBbits.LATB1 = 1; I2C_Delay();
   859   0008CC  828A               	bsf	138,1,c	;volatile
   860   0008CE  ECBC  F004         	call	_I2C_Delay	;wreg free
   861   0008D2                     
   862                           ;humedad.c: 55:         data <<= 1;
   863   0008D2  90D8               	bcf	status,0,c
   864   0008D4  3601               	rlcf	I2C_Read@data^0,f,c
   865   0008D6                     
   866                           ;humedad.c: 56:         if(PORTBbits.RB0) data |= 1;
   867   0008D6  A081               	btfss	129,0,c	;volatile
   868   0008D8  EF70  F004         	goto	u41
   869   0008DC  EF72  F004         	goto	u40
   870   0008E0                     u41:
   871   0008E0  EF73  F004         	goto	l892
   872   0008E4                     u40:
   873   0008E4  8001               	bsf	I2C_Read@data^0,0,c
   874   0008E6                     l892:
   875                           
   876                           ;humedad.c: 57:         LATBbits.LATB1 = 0; I2C_Delay();
   877   0008E6  928A               	bcf	138,1,c	;volatile
   878   0008E8  ECBC  F004         	call	_I2C_Delay	;wreg free
   879   0008EC                     
   880                           ;humedad.c: 58:     }
   881   0008EC  2A02               	incf	I2C_Read@i^0,f,c
   882   0008EE  0E07               	movlw	7
   883   0008F0  6402               	cpfsgt	I2C_Read@i^0,c
   884   0008F2  EF7D  F004         	goto	u51
   885   0008F6  EF7F  F004         	goto	u50
   886   0008FA                     u51:
   887   0008FA  EF66  F004         	goto	l31
   888   0008FE                     u50:
   889   0008FE                     
   890                           ;humedad.c: 59:     TRISBbits.TRISB0 = 0;
   891   0008FE  9093               	bcf	147,0,c	;volatile
   892                           
   893                           ;humedad.c: 60:     LATBbits.LATB0 = 1; LATBbits.LATB1 = 1; I2C_Delay();
   894   000900  808A               	bsf	138,0,c	;volatile
   895   000902  828A               	bsf	138,1,c	;volatile
   896   000904  ECBC  F004         	call	_I2C_Delay	;wreg free
   897   000908                     
   898                           ;humedad.c: 61:     LATBbits.LATB1 = 0;
   899   000908  928A               	bcf	138,1,c	;volatile
   900   00090A                     
   901                           ;humedad.c: 62:     return data;
   902   00090A  5001               	movf	I2C_Read@data^0,w,c
   903   00090C  0012               	return		;funcret
   904   00090E                     __end_of_I2C_Read:
   905                           	callstack 0
   906                           
   907 ;; *************** function _I2C_Delay *****************
   908 ;; Defined at:
   909 ;;		line 19 in file "humedad.c"
   910 ;; Parameters:    Size  Location     Type
   911 ;;		None
   912 ;; Auto vars:     Size  Location     Type
   913 ;;		None
   914 ;; Return value:  Size  Location     Type
   915 ;;                  1    wreg      void 
   916 ;; Registers used:
   917 ;;		wreg
   918 ;; Tracked objects:
   919 ;;		On entry : 0/0
   920 ;;		On exit  : 0/0
   921 ;;		Unchanged: 0/0
   922 ;; Data sizes:     COMRAM   BANK0   BANK1   BANK2   BANK3   BANK4   BANK5   BANK6   BANK7
   923 ;;      Params:         0       0       0       0       0       0       0       0       0
   924 ;;      Locals:         0       0       0       0       0       0       0       0       0
   925 ;;      Temps:          0       0       0       0       0       0       0       0       0
   926 ;;      Totals:         0       0       0       0       0       0       0       0       0
   927 ;;Total ram usage:        0 bytes
   928 ;; Hardware stack levels used: 1
   929 ;; This function calls:
   930 ;;		Nothing
   931 ;; This function is called by:
   932 ;;		_I2C_Start
   933 ;;		_I2C_Stop
   934 ;;		_I2C_Write
   935 ;;		_I2C_Read
   936 ;; This function uses a non-reentrant model
   937 ;;
   938                           
   939                           	psect	text7
   940   000978                     __ptext7:
   941                           	callstack 0
   942   000978                     _I2C_Delay:
   943                           	callstack 28
   944   000978  0E03               	movlw	3
   945   00097A                     u97:
   946   00097A  2EE8               	decfsz	wreg,f,c
   947   00097C  D7FE               	bra	u97
   948   00097E  0000               	nop	
   949   000980  0012               	return		;funcret
   950   000982                     __end_of_I2C_Delay:
   951                           	callstack 0
   952                           
   953                           	psect	smallconst
   954   000800                     __psmallconst:
   955                           	callstack 0
   956   000800  00                 	db	0
   957   000801  00                 	db	0	; dummy byte at the end
   958   000800                     __smallconst    set	__psmallconst
   959   000800                     __mediumconst   set	__psmallconst
   960   000000                     __activetblptr  equ	0
   961                           
   962                           	psect	rparam
   963   000001                     ___rparam_used  equ	1
   964   000000                     ___param_bank   equ	0
   965   000000                     __Lparam        equ	__Lrparam
   966   000000                     __Hparam        equ	__Hrparam
   967                           
   968                           	psect	config
   969                           
   970                           ;Config register CONFIG1L @ 0x300000
   971                           ;	unspecified, using default values
   972                           ;	PLL Prescaler Selection bits
   973                           ;	PLLDIV = 0x0, unprogrammed default
   974                           ;	System Clock Postscaler Selection bits
   975                           ;	CPUDIV = 0x0, unprogrammed default
   976                           ;	USB Clock Selection bit (used in Full-Speed USB mode only; UCFG:FSEN = 1)
   977                           ;	USBDIV = 0x0, unprogrammed default
   978   300000                     	org	3145728
   979   300000  00                 	db	0
   980                           
   981                           ;Config register CONFIG1H @ 0x300001
   982                           ;	Oscillator Selection bits
   983                           ;	FOSC = INTOSC_EC, Internal oscillator, CLKO function on RA6, EC used by USB (INTCKO)
   984                           ;	Fail-Safe Clock Monitor Enable bit
   985                           ;	FCMEN = 0x0, unprogrammed default
   986                           ;	Internal/External Oscillator Switchover bit
   987                           ;	IESO = 0x0, unprogrammed default
   988   300001                     	org	3145729
   989   300001  09                 	db	9
   990                           
   991                           ;Config register CONFIG2L @ 0x300002
   992                           ;	unspecified, using default values
   993                           ;	Power-up Timer Enable bit
   994                           ;	PWRT = 0x1, unprogrammed default
   995                           ;	Brown-out Reset Enable bits
   996                           ;	BOR = 0x3, unprogrammed default
   997                           ;	Brown-out Reset Voltage bits
   998                           ;	BORV = 0x3, unprogrammed default
   999                           ;	USB Voltage Regulator Enable bit
  1000                           ;	VREGEN = 0x0, unprogrammed default
  1001   300002                     	org	3145730
  1002   300002  1F                 	db	31
  1003                           
  1004                           ;Config register CONFIG2H @ 0x300003
  1005                           ;	Watchdog Timer Enable bit
  1006                           ;	WDT = OFF, WDT disabled (control is placed on the SWDTEN bit)
  1007                           ;	Watchdog Timer Postscale Select bits
  1008                           ;	WDTPS = 0xF, unprogrammed default
  1009   300003                     	org	3145731
  1010   300003  1E                 	db	30
  1011                           
  1012                           ; Padding undefined space
  1013   300004                     	org	3145732
  1014   300004  FF                 	db	255
  1015                           
  1016                           ;Config register CONFIG3H @ 0x300005
  1017                           ;	CCP2 MUX bit
  1018                           ;	CCP2MX = 0x1, unprogrammed default
  1019                           ;	PORTB A/D Enable bit
  1020                           ;	PBADEN = OFF, PORTB<4:0> pins are configured as digital I/O on Reset
  1021                           ;	Low-Power Timer 1 Oscillator Enable bit
  1022                           ;	LPT1OSC = 0x0, unprogrammed default
  1023                           ;	MCLR Pin Enable bit
  1024                           ;	MCLRE = OFF, RE3 input pin enabled; MCLR pin disabled
  1025   300005                     	org	3145733
  1026   300005  01                 	db	1
  1027                           
  1028                           ;Config register CONFIG4L @ 0x300006
  1029                           ;	Stack Full/Underflow Reset Enable bit
  1030                           ;	STVREN = 0x1, unprogrammed default
  1031                           ;	Single-Supply ICSP Enable bit
  1032                           ;	LVP = OFF, Single-Supply ICSP disabled
  1033                           ;	Dedicated In-Circuit Debug/Programming Port (ICPORT) Enable bit
  1034                           ;	ICPRT = 0x0, unprogrammed default
  1035                           ;	Extended Instruction Set Enable bit
  1036                           ;	XINST = 0x0, unprogrammed default
  1037                           ;	Background Debugger Enable bit
  1038                           ;	DEBUG = 0x1, unprogrammed default
  1039   300006                     	org	3145734
  1040   300006  81                 	db	129
  1041                           
  1042                           ; Padding undefined space
  1043   300007                     	org	3145735
  1044   300007  FF                 	db	255
  1045                           tosu	equ	0xFFF
  1046                           tosh	equ	0xFFE
  1047                           tosl	equ	0xFFD
  1048                           stkptr	equ	0xFFC
  1049                           pclatu	equ	0xFFB
  1050                           pclath	equ	0xFFA
  1051                           pcl	equ	0xFF9
  1052                           tblptru	equ	0xFF8
  1053                           tblptrh	equ	0xFF7
  1054                           tblptrl	equ	0xFF6
  1055                           tablat	equ	0xFF5
  1056                           prodh	equ	0xFF4
  1057                           prodl	equ	0xFF3
  1058                           indf0	equ	0xFEF
  1059                           postinc0	equ	0xFEE
  1060                           postdec0	equ	0xFED
  1061                           preinc0	equ	0xFEC
  1062                           plusw0	equ	0xFEB
  1063                           fsr0h	equ	0xFEA
  1064                           fsr0l	equ	0xFE9
  1065                           wreg	equ	0xFE8
  1066                           indf1	equ	0xFE7
  1067                           postinc1	equ	0xFE6
  1068                           postdec1	equ	0xFE5
  1069                           preinc1	equ	0xFE4
  1070                           plusw1	equ	0xFE3
  1071                           fsr1h	equ	0xFE2
  1072                           fsr1l	equ	0xFE1
  1073                           bsr	equ	0xFE0
  1074                           indf2	equ	0xFDF
  1075                           postinc2	equ	0xFDE
  1076                           postdec2	equ	0xFDD
  1077                           preinc2	equ	0xFDC
  1078                           plusw2	equ	0xFDB
  1079                           fsr2h	equ	0xFDA
  1080                           fsr2l	equ	0xFD9
  1081                           status	equ	0xFD8

Data Sizes:
    Strings     0
    Constant    0
    Data        0
    BSS         0
    Persistent  0
    Stack       0

Auto Spaces:
    Space          Size  Autos    Used
    COMRAM           95     11      11
    BANK0           160      0       0
    BANK1           256      0       0
    BANK2           256      0       0
    BANK3           256      0       0
    BANK4           256      0       0
    BANK5           256      0       0
    BANK6           256      0       0
    BANK7           256      0       0

Pointer List with Targets:

    None.

Critical Paths under _main in COMRAM

    _main->_BME_Read
    _main->_BME_Write
    _BME_Write->_I2C_Write
    _BME_Read->_I2C_Write

Critical Paths under _main in BANK0

    None.

Critical Paths under _main in BANK1

    None.

Critical Paths under _main in BANK2

    None.

Critical Paths under _main in BANK3

    None.

Critical Paths under _main in BANK4

    None.

Critical Paths under _main in BANK5

    None.

Critical Paths under _main in BANK6

    None.

Critical Paths under _main in BANK7

    None.

Call Graph Tables:

 ---------------------------------------------------------------------------------
 (Depth) Function   	        Calls       Base Space   Used Autos Params    Refs
 ---------------------------------------------------------------------------------
 (0) _main                                                 6     6      0     287
                                              5 COMRAM     6     6      0
                           _BME_Read
                          _BME_Write
 ---------------------------------------------------------------------------------
 (1) _BME_Write                                            2     1      1      98
                                              3 COMRAM     2     1      1
                          _I2C_Start
                           _I2C_Stop
                          _I2C_Write
 ---------------------------------------------------------------------------------
 (1) _BME_Read                                             2     2      0     120
                                              3 COMRAM     2     2      0
                           _I2C_Read
                          _I2C_Start
                           _I2C_Stop
                          _I2C_Write
 ---------------------------------------------------------------------------------
 (2) _I2C_Write                                            3     3      0      45
                                              0 COMRAM     3     3      0
                          _I2C_Delay
 ---------------------------------------------------------------------------------
 (2) _I2C_Stop                                             0     0      0       0
                          _I2C_Delay
 ---------------------------------------------------------------------------------
 (2) _I2C_Start                                            0     0      0       0
                          _I2C_Delay
 ---------------------------------------------------------------------------------
 (2) _I2C_Read                                             2     2      0      45
                                              0 COMRAM     2     2      0
                          _I2C_Delay
 ---------------------------------------------------------------------------------
 (3) _I2C_Delay                                            0     0      0       0
 ---------------------------------------------------------------------------------
 Estimated maximum stack depth 3
 ---------------------------------------------------------------------------------

 Call Graph Graphs:

 _main (ROOT)
   _BME_Read
     _I2C_Read
       _I2C_Delay
     _I2C_Start
       _I2C_Delay
     _I2C_Stop
       _I2C_Delay
     _I2C_Write
       _I2C_Delay
   _BME_Write
     _I2C_Start
     _I2C_Stop
     _I2C_Write

Address spaces:
Name               Size   Autos  Total    Usage
BITCOMRAM           95      0       0      0.0%
BITBANK0           160      0       0      0.0%
BITBANK1           256      0       0      0.0%
BITBANK2           256      0       0      0.0%
BITBANK3           256      0       0      0.0%
BITBANK4           256      0       0      0.0%
BITBANK5           256      0       0      0.0%
BITBANK6           256      0       0      0.0%
BITBANK7           256      0       0      0.0%
BITBIGSFRh         126      0       0      0.0%
BITBIGSFRl          33      0       0      0.0%
COMRAM              95     11      11     11.6%
BANK0              160      0       0      0.0%
BANK1              256      0       0      0.0%
BANK2              256      0       0      0.0%
BANK3              256      0       0      0.0%
BANK4              256      0       0      0.0%
BANK5              256      0       0      0.0%
BANK6              256      0       0      0.0%
BANK7              256      0       0      0.0%
BIGRAM            2047      0       0      0.0%
STACK                0      0       0      0.0%
DATA                 0      0      11      0.0%


Microchip Technology PIC18 Macro Assembler V3.10 build 20250813170317 
Symbol Table                                                                                   Tue Apr 28 08:13:04 2026

                     l20 096A                       l31 08CC                       l23 0976  
                     l32 08FE                       l40 0936                       l17 0980  
                     l34 090C                       l27 08B8                       l28 08C4  
                     l37 0954                       l46 0854                       u10 088A  
                     u11 0882                       u30 08B8                       u31 08B4  
                     u40 08E4                       u41 08E0                       u50 08FE  
                     u51 08FA                       u28 088C                       u70 084E  
                     u71 084A                       u87 0860                       u97 097A  
                    l900 0904                      l902 0908                      l904 090A  
                    l840 095E                      l920 0914                      l842 0962  
                    l850 0974                      l922 091A                      l836 0978  
                    l844 0968                      l860 0896                      l852 0876  
                    l924 0924                      l838 0956                      l846 096C  
                    l870 08A8                      l862 0898                      l926 092A  
                    l918 0910                      l950 093A                      l848 0970  
                    l872 08BC                      l864 089C                      l928 0934  
                    l952 093E                      l960 0802                      l890 08E4  
                    l874 08C0                      l866 089E                      l858 0878  
                    l954 0944                      l970 0824                      l962 0806  
                    l892 08E6                      l884 08CE                      l876 08C2  
                    l868 08A6                      l956 094A                      l972 0838  
                    l964 0808                      l894 08E8                      l886 08D2  
                    l878 08C6                      l958 0950                      l974 084E  
                    l966 0812                      l896 08EC                      l888 08D6  
                    l976 0856                      l968 081C                      l898 08EE  
                    wreg 0FE8              main@humedad 0008                     _main 0802  
       __end_of_I2C_Read 090E         __end_of_I2C_Stop 0978                     start 7FFC  
           ___param_bank 0000         __end_of_BME_Read 0938                    ?_main 0001  
      __end_of_I2C_Delay 0982        __end_of_I2C_Start 096C        __end_of_I2C_Write 08C6  
                  status 0FD8          __initialization 0982             __end_of_main 0874  
      __end_of_BME_Write 0956                   ??_main 0006            __activetblptr 0000  
              I2C_Read@i 0002                   _OSCCON 0FD3                   isa$std 0001  
              ?_I2C_Read 0001                ?_I2C_Stop 0001             __mediumconst 0800  
              ?_BME_Read 0001               __accesstop 0060  __end_of__initialization 0982  
          ___rparam_used 0001           __pcstackCOMRAM 0001               ??_I2C_Read 0001  
             ??_I2C_Stop 0001               ??_BME_Read 0004             I2C_Read@data 0001  
             I2C_Write@i 0003                _I2C_Delay 0978                _I2C_Start 0956  
              _I2C_Write 0874                  __Hparam 0000                  __Lparam 0000  
           __psmallconst 0800                  __pcinit 0982                  __ramtop 0800  
                __ptext0 0802                  __ptext1 0938                  __ptext2 090E  
                __ptext3 0874                  __ptext4 096C                  __ptext5 0956  
                __ptext6 08C6                  __ptext7 0978                _BME_Write 0938  
                main@lsb 000B                  main@msb 000A     end_of_initialization 0982  
             ?_I2C_Delay 0001               ?_I2C_Start 0001               ?_I2C_Write 0001  
              _PORTBbits 0F81               ?_BME_Write 0004                _TRISBbits 0F93  
              _TRISDbits 0F95      start_initialization 0982              ??_I2C_Delay 0001  
            ??_I2C_Start 0001              ??_I2C_Write 0001              ??_BME_Write 0005  
            __smallconst 0800                 _I2C_Read 08C6                 _I2C_Stop 096C  
               _BME_Read 090E                 _LATBbits 0F8A                 _LATDbits 0F8C  
               __Hrparam 0000                 __Lrparam 0000            I2C_Write@data 0002  
               isa$xinst 0000             BME_Write@reg 0005             BME_Write@val 0004  
            BME_Read@reg 0004              BME_Read@val 0005  
