

Microchip MPLAB XC8 Assembler V3.10 build 20250813170317 
                                                                                               Wed Apr 22 14:33:11 2026

Microchip MPLAB XC8 C Compiler v3.10 (Free license) build 20250813170317 Og1 
     1                           	processor	18F4550
     2                           	fnconf	rparam,??,?,0
     3                           	pagewidth 120
     4                           	opt	flic
     5                           	psect	cinit,global,reloc=2,class=CODE,space=0,delta=1
     6                           	psect	cstackCOMRAM,global,class=COMRAM,space=1,delta=1,lowdata,noexec
     7                           	psect	text0,global,reloc=2,class=CODE,space=0,delta=1
     8                           	psect	text1,global,reloc=2,class=CODE,space=0,delta=1
     9                           	psect	text2,global,reloc=2,class=CODE,space=0,delta=1
    10                           	psect	text3,global,reloc=2,class=CODE,space=0,delta=1
    11                           	psect	smallconst,global,reloc=2,class=SMALLCONST,space=0,delta=1,noexec
    12                           	psect	intsave_regs,global,class=BIGRAM,space=1,delta=1,noexec
    13                           	psect	rparam,global,class=COMRAM,space=1,delta=1,noexec
    14                           	psect	config,global,abs,ovrld,class=CONFIG,space=4,delta=1,noexec
    15   000000                     
    16                           ; Generated 17/01/2025 GMT
    17                           ; 
    18                           ; Copyright © 2025, Microchip Technology Inc. and its subsidiaries ("Microchip")
    19                           ; All rights reserved.
    20                           ; 
    21                           ; This software is developed by Microchip Technology Inc. and its subsidiaries ("Microch
      +                          ip").
    22                           ; 
    23                           ; Redistribution and use in source and binary forms, with or without modification, are
    24                           ; permitted provided that the following conditions are met:
    25                           ; 
    26                           ;     1. Redistributions of source code must retain the above copyright notice, this lis
      +                          t of
    27                           ;        conditions and the following disclaimer.
    28                           ; 
    29                           ;     2. Redistributions in binary form must reproduce the above copyright notice, this 
      +                          list
    30                           ;        of conditions and the following disclaimer in the documentation and/or other
    31                           ;        materials provided with the distribution. Publication is not required when
    32                           ;        this file is used in an embedded application.
    33                           ; 
    34                           ;     3. Microchip's name may not be used to endorse or promote products derived from th
      +                          is
    35                           ;        software without specific prior written permission.
    36                           ; 
    37                           ; THIS SOFTWARE IS PROVIDED BY MICROCHIP "AS IS" AND ANY EXPRESS OR IMPLIED WARRANTIES,
    38                           ; INCLUDING, BUT NOT LIMITED TO, THE IMPLIED WARRANTIES OF MERCHANTABILITY AND FITNESS F
      +                          OR
    39                           ; PURPOSE ARE DISCLAIMED.  IN NO EVENT SHALL MICROCHIP BE LIABLE FOR ANY DIRECT, INDIREC
      +                          T,
    40                           ; INCIDENTAL, SPECIAL, EXEMPLARY, OR CONSEQUENTIAL DAMAGES (INCLUDING BUT NOT LIMITED TO
    41                           ; PROCUREMENT OF SUBSTITUTE GOODS OR SERVICES; LOSS OF USE, DATA OR PROFITS; OR BUSINESS
    42                           ; INTERRUPTION) HOWSOEVER CAUSED AND ON ANY THEORY OF LIABILITY, WHETHER IN CONTRACT, ST
      +                          RICT
    43                           ; LIABILITY, OR TORT (INCLUDING NEGLIGENCE OR OTHERWISE) ARISING IN ANY WAY OUT OF THE U
      +                          SE OF
    44                           ; THIS SOFTWARE, EVEN IF ADVISED OF THE POSSIBILITY OF SUCH DAMAGE.
    45                           ; 
    46                           ; 
    47                           ; Code-generator required, PIC18F4550 Definitions
    48                           ; 
    49                           ; SFR Addresses
    50   000FE0                     bsr             equ	4064
    51   000FE9                     fsr0            equ	4073
    52   000FEA                     fsr0h           equ	4074
    53   000FE9                     fsr0l           equ	4073
    54   000FE1                     fsr1            equ	4065
    55   000FE2                     fsr1h           equ	4066
    56   000FE1                     fsr1l           equ	4065
    57   000FD9                     fsr2            equ	4057
    58   000FDA                     fsr2h           equ	4058
    59   000FD9                     fsr2l           equ	4057
    60   000FEF                     indf0           equ	4079
    61   000FE7                     indf1           equ	4071
    62   000FDF                     indf2           equ	4063
    63   000FF2                     intcon          equ	4082
    64   000000                     nvmcon          equ	0
    65   000FF9                     pcl             equ	4089
    66   000FFA                     pclath          equ	4090
    67   000FFB                     pclatu          equ	4091
    68   000FEB                     plusw0          equ	4075
    69   000FE3                     plusw1          equ	4067
    70   000FDB                     plusw2          equ	4059
    71   000FED                     postdec0        equ	4077
    72   000FE5                     postdec1        equ	4069
    73   000FDD                     postdec2        equ	4061
    74   000FEE                     postinc0        equ	4078
    75   000FE6                     postinc1        equ	4070
    76   000FDE                     postinc2        equ	4062
    77   000FEC                     preinc0         equ	4076
    78   000FE4                     preinc1         equ	4068
    79   000FDC                     preinc2         equ	4060
    80   000FF3                     prod            equ	4083
    81   000FF4                     prodh           equ	4084
    82   000FF3                     prodl           equ	4083
    83   000FD8                     status          equ	4056
    84   000FF5                     tablat          equ	4085
    85   000FF6                     tblptr          equ	4086
    86   000FF7                     tblptrh         equ	4087
    87   000FF6                     tblptrl         equ	4086
    88   000FF8                     tblptru         equ	4088
    89   000FFD                     tosl            equ	4093
    90   000FE8                     wreg            equ	4072
    91   000F62                     SPPDATA         equ	3938	;# 
    92   000F63                     SPPCFG          equ	3939	;# 
    93   000F64                     SPPEPS          equ	3940	;# 
    94   000F65                     SPPCON          equ	3941	;# 
    95   000F66                     UFRM            equ	3942	;# 
    96   000F66                     UFRML           equ	3942	;# 
    97   000F67                     UFRMH           equ	3943	;# 
    98   000F68                     UIR             equ	3944	;# 
    99   000F69                     UIE             equ	3945	;# 
   100   000F6A                     UEIR            equ	3946	;# 
   101   000F6B                     UEIE            equ	3947	;# 
   102   000F6C                     USTAT           equ	3948	;# 
   103   000F6D                     UCON            equ	3949	;# 
   104   000F6E                     UADDR           equ	3950	;# 
   105   000F6F                     UCFG            equ	3951	;# 
   106   000F70                     UEP0            equ	3952	;# 
   107   000F71                     UEP1            equ	3953	;# 
   108   000F72                     UEP2            equ	3954	;# 
   109   000F73                     UEP3            equ	3955	;# 
   110   000F74                     UEP4            equ	3956	;# 
   111   000F75                     UEP5            equ	3957	;# 
   112   000F76                     UEP6            equ	3958	;# 
   113   000F77                     UEP7            equ	3959	;# 
   114   000F78                     UEP8            equ	3960	;# 
   115   000F79                     UEP9            equ	3961	;# 
   116   000F7A                     UEP10           equ	3962	;# 
   117   000F7B                     UEP11           equ	3963	;# 
   118   000F7C                     UEP12           equ	3964	;# 
   119   000F7D                     UEP13           equ	3965	;# 
   120   000F7E                     UEP14           equ	3966	;# 
   121   000F7F                     UEP15           equ	3967	;# 
   122   000F80                     PORTA           equ	3968	;# 
   123   000F81                     PORTB           equ	3969	;# 
   124   000F82                     PORTC           equ	3970	;# 
   125   000F83                     PORTD           equ	3971	;# 
   126   000F84                     PORTE           equ	3972	;# 
   127   000F89                     LATA            equ	3977	;# 
   128   000F8A                     LATB            equ	3978	;# 
   129   000F8B                     LATC            equ	3979	;# 
   130   000F8C                     LATD            equ	3980	;# 
   131   000F8D                     LATE            equ	3981	;# 
   132   000F92                     TRISA           equ	3986	;# 
   133   000F92                     DDRA            equ	3986	;# 
   134   000F93                     TRISB           equ	3987	;# 
   135   000F93                     DDRB            equ	3987	;# 
   136   000F94                     TRISC           equ	3988	;# 
   137   000F94                     DDRC            equ	3988	;# 
   138   000F95                     TRISD           equ	3989	;# 
   139   000F95                     DDRD            equ	3989	;# 
   140   000F96                     TRISE           equ	3990	;# 
   141   000F96                     DDRE            equ	3990	;# 
   142   000F9B                     OSCTUNE         equ	3995	;# 
   143   000F9D                     PIE1            equ	3997	;# 
   144   000F9E                     PIR1            equ	3998	;# 
   145   000F9F                     IPR1            equ	3999	;# 
   146   000FA0                     PIE2            equ	4000	;# 
   147   000FA1                     PIR2            equ	4001	;# 
   148   000FA2                     IPR2            equ	4002	;# 
   149   000FA6                     EECON1          equ	4006	;# 
   150   000FA7                     EECON2          equ	4007	;# 
   151   000FA8                     EEDATA          equ	4008	;# 
   152   000FA9                     EEADR           equ	4009	;# 
   153   000FAB                     RCSTA           equ	4011	;# 
   154   000FAB                     RCSTA1          equ	4011	;# 
   155   000FAC                     TXSTA           equ	4012	;# 
   156   000FAC                     TXSTA1          equ	4012	;# 
   157   000FAD                     TXREG           equ	4013	;# 
   158   000FAD                     TXREG1          equ	4013	;# 
   159   000FAE                     RCREG           equ	4014	;# 
   160   000FAE                     RCREG1          equ	4014	;# 
   161   000FAF                     SPBRG           equ	4015	;# 
   162   000FAF                     SPBRG1          equ	4015	;# 
   163   000FB0                     SPBRGH          equ	4016	;# 
   164   000FB1                     T3CON           equ	4017	;# 
   165   000FB2                     TMR3            equ	4018	;# 
   166   000FB2                     TMR3L           equ	4018	;# 
   167   000FB3                     TMR3H           equ	4019	;# 
   168   000FB4                     CMCON           equ	4020	;# 
   169   000FB5                     CVRCON          equ	4021	;# 
   170   000FB6                     ECCP1AS         equ	4022	;# 
   171   000FB6                     CCP1AS          equ	4022	;# 
   172   000FB7                     ECCP1DEL        equ	4023	;# 
   173   000FB7                     CCP1DEL         equ	4023	;# 
   174   000FB8                     BAUDCON         equ	4024	;# 
   175   000FB8                     BAUDCTL         equ	4024	;# 
   176   000FBA                     CCP2CON         equ	4026	;# 
   177   000FBB                     CCPR2           equ	4027	;# 
   178   000FBB                     CCPR2L          equ	4027	;# 
   179   000FBC                     CCPR2H          equ	4028	;# 
   180   000FBD                     CCP1CON         equ	4029	;# 
   181   000FBD                     ECCP1CON        equ	4029	;# 
   182   000FBE                     CCPR1           equ	4030	;# 
   183   000FBE                     CCPR1L          equ	4030	;# 
   184   000FBF                     CCPR1H          equ	4031	;# 
   185   000FC0                     ADCON2          equ	4032	;# 
   186   000FC1                     ADCON1          equ	4033	;# 
   187   000FC2                     ADCON0          equ	4034	;# 
   188   000FC3                     ADRES           equ	4035	;# 
   189   000FC3                     ADRESL          equ	4035	;# 
   190   000FC4                     ADRESH          equ	4036	;# 
   191   000FC5                     SSPCON2         equ	4037	;# 
   192   000FC6                     SSPCON1         equ	4038	;# 
   193   000FC7                     SSPSTAT         equ	4039	;# 
   194   000FC8                     SSPADD          equ	4040	;# 
   195   000FC9                     SSPBUF          equ	4041	;# 
   196   000FCA                     T2CON           equ	4042	;# 
   197   000FCB                     PR2             equ	4043	;# 
   198   000FCB                     MEMCON          equ	4043	;# 
   199   000FCC                     TMR2            equ	4044	;# 
   200   000FCD                     T1CON           equ	4045	;# 
   201   000FCE                     TMR1            equ	4046	;# 
   202   000FCE                     TMR1L           equ	4046	;# 
   203   000FCF                     TMR1H           equ	4047	;# 
   204   000FD0                     RCON            equ	4048	;# 
   205   000FD1                     WDTCON          equ	4049	;# 
   206   000FD2                     HLVDCON         equ	4050	;# 
   207   000FD2                     LVDCON          equ	4050	;# 
   208   000FD3                     OSCCON          equ	4051	;# 
   209   000FD5                     T0CON           equ	4053	;# 
   210   000FD6                     TMR0            equ	4054	;# 
   211   000FD6                     TMR0L           equ	4054	;# 
   212   000FD7                     TMR0H           equ	4055	;# 
   213   000FD8                     STATUS          equ	4056	;# 
   214   000FD9                     FSR2            equ	4057	;# 
   215   000FD9                     FSR2L           equ	4057	;# 
   216   000FDA                     FSR2H           equ	4058	;# 
   217   000FDB                     PLUSW2          equ	4059	;# 
   218   000FDC                     PREINC2         equ	4060	;# 
   219   000FDD                     POSTDEC2        equ	4061	;# 
   220   000FDE                     POSTINC2        equ	4062	;# 
   221   000FDF                     INDF2           equ	4063	;# 
   222   000FE0                     BSR             equ	4064	;# 
   223   000FE1                     FSR1            equ	4065	;# 
   224   000FE1                     FSR1L           equ	4065	;# 
   225   000FE2                     FSR1H           equ	4066	;# 
   226   000FE3                     PLUSW1          equ	4067	;# 
   227   000FE4                     PREINC1         equ	4068	;# 
   228   000FE5                     POSTDEC1        equ	4069	;# 
   229   000FE6                     POSTINC1        equ	4070	;# 
   230   000FE7                     INDF1           equ	4071	;# 
   231   000FE8                     WREG            equ	4072	;# 
   232   000FE9                     FSR0            equ	4073	;# 
   233   000FE9                     FSR0L           equ	4073	;# 
   234   000FEA                     FSR0H           equ	4074	;# 
   235   000FEB                     PLUSW0          equ	4075	;# 
   236   000FEC                     PREINC0         equ	4076	;# 
   237   000FED                     POSTDEC0        equ	4077	;# 
   238   000FEE                     POSTINC0        equ	4078	;# 
   239   000FEF                     INDF0           equ	4079	;# 
   240   000FF0                     INTCON3         equ	4080	;# 
   241   000FF1                     INTCON2         equ	4081	;# 
   242   000FF2                     INTCON          equ	4082	;# 
   243   000FF3                     PROD            equ	4083	;# 
   244   000FF3                     PRODL           equ	4083	;# 
   245   000FF4                     PRODH           equ	4084	;# 
   246   000FF5                     TABLAT          equ	4085	;# 
   247   000FF6                     TBLPTR          equ	4086	;# 
   248   000FF6                     TBLPTRL         equ	4086	;# 
   249   000FF7                     TBLPTRH         equ	4087	;# 
   250   000FF8                     TBLPTRU         equ	4088	;# 
   251   000FF9                     PCLAT           equ	4089	;# 
   252   000FF9                     PC              equ	4089	;# 
   253   000FF9                     PCL             equ	4089	;# 
   254   000FFA                     PCLATH          equ	4090	;# 
   255   000FFB                     PCLATU          equ	4091	;# 
   256   000FFC                     STKPTR          equ	4092	;# 
   257   000FFD                     TOS             equ	4093	;# 
   258   000FFD                     TOSL            equ	4093	;# 
   259   000FFE                     TOSH            equ	4094	;# 
   260   000FFF                     TOSU            equ	4095	;# 
   261   000F8C                     _LATDbits       set	3980
   262   000F95                     _TRISDbits      set	3989
   263   000FD3                     _OSCCON         set	4051
   264   000FC3                     _ADRESL         set	4035
   265   000FC4                     _ADRESH         set	4036
   266   000FC2                     _ADCON0bits     set	4034
   267   000FC2                     _ADCON0         set	4034
   268   000FC0                     _ADCON2         set	4032
   269   000FC1                     _ADCON1         set	4033
   270   000F92                     _TRISAbits      set	3986
   271                           
   272                           ; #config settings
   273                           
   274                           	psect	cinit
   275   000980                     __pcinit:
   276                           	callstack 0
   277   000980                     start_initialization:
   278                           	callstack 0
   279   000980                     __initialization:
   280                           	callstack 0
   281   000980                     end_of_initialization:
   282                           	callstack 0
   283   000980                     __end_of__initialization:
   284                           	callstack 0
   285   000980  0100               	movlb	0
   286   000982  EF01  F004         	goto	_main	;jump to C main() function
   287                           
   288                           	psect	cstackCOMRAM
   289   000001                     __pcstackCOMRAM:
   290                           	callstack 0
   291   000001                     ?_ADC_Read:
   292                           	callstack 0
   293   000001                     ??_ADC_Init:
   294                           
   295                           ; 1 bytes @ 0x0
   296   000001                     	ds	2
   297   000003                     ??_ADC_Read:
   298                           
   299                           ; 1 bytes @ 0x2
   300   000003                     	ds	2
   301   000005                     ADC_Read@canal:
   302                           	callstack 0
   303                           
   304                           ; 1 bytes @ 0x4
   305   000005                     	ds	1
   306   000006                     ?_ADC_ReadAvg:
   307                           	callstack 0
   308                           
   309                           ; 2 bytes @ 0x5
   310   000006                     	ds	2
   311   000008                     ??_ADC_ReadAvg:
   312                           
   313                           ; 1 bytes @ 0x7
   314   000008                     	ds	4
   315   00000C                     ADC_ReadAvg@canal:
   316                           	callstack 0
   317                           
   318                           ; 1 bytes @ 0xB
   319   00000C                     	ds	1
   320   00000D                     ADC_ReadAvg@suma:
   321                           	callstack 0
   322                           
   323                           ; 4 bytes @ 0xC
   324   00000D                     	ds	4
   325   000011                     ADC_ReadAvg@i:
   326                           	callstack 0
   327                           
   328                           ; 1 bytes @ 0x10
   329   000011                     	ds	1
   330   000012                     ??_main:
   331                           
   332                           ; 1 bytes @ 0x11
   333   000012                     	ds	2
   334   000014                     main@luz_adc:
   335                           	callstack 0
   336                           
   337                           ; 2 bytes @ 0x13
   338   000014                     	ds	2
   339   000016                     main@temp_adc:
   340                           	callstack 0
   341                           
   342                           ; 2 bytes @ 0x15
   343   000016                     	ds	2
   344                           
   345 ;;
   346 ;;Main: autosize = 0, tempsize = 2, incstack = 0, save=0
   347 ;;
   348 ;; *************** function _main *****************
   349 ;; Defined at:
   350 ;;		line 76 in file "luz_calor.c"
   351 ;; Parameters:    Size  Location     Type
   352 ;;		None
   353 ;; Auto vars:     Size  Location     Type
   354 ;;  temp_adc        2   21[COMRAM] unsigned int 
   355 ;;  luz_adc         2   19[COMRAM] unsigned int 
   356 ;; Return value:  Size  Location     Type
   357 ;;                  1    wreg      void 
   358 ;; Registers used:
   359 ;;		wreg, status,2, status,0, cstack
   360 ;; Tracked objects:
   361 ;;		On entry : 0/0
   362 ;;		On exit  : 0/0
   363 ;;		Unchanged: 0/0
   364 ;; Data sizes:     COMRAM   BANK0   BANK1   BANK2   BANK3   BANK4   BANK5   BANK6   BANK7
   365 ;;      Params:         0       0       0       0       0       0       0       0       0
   366 ;;      Locals:         4       0       0       0       0       0       0       0       0
   367 ;;      Temps:          2       0       0       0       0       0       0       0       0
   368 ;;      Totals:         6       0       0       0       0       0       0       0       0
   369 ;;Total ram usage:        6 bytes
   370 ;; Hardware stack levels required when called: 2
   371 ;; This function calls:
   372 ;;		_ADC_Init
   373 ;;		_ADC_ReadAvg
   374 ;; This function is called by:
   375 ;;		Startup code after reset
   376 ;; This function uses a non-reentrant model
   377 ;;
   378                           
   379                           	psect	text0
   380   000802                     __ptext0:
   381                           	callstack 0
   382   000802                     _main:
   383                           	callstack 29
   384   000802                     
   385                           ;luz_calor.c: 78:     unsigned int temp_adc;;luz_calor.c: 79:     unsigned int luz_adc;;
      +                          luz_calor.c: 81:     OSCCON = 0x72;
   386   000802  0E72               	movlw	114
   387   000804  6ED3               	movwf	211,c	;volatile
   388   000806                     
   389                           ;luz_calor.c: 83:     TRISDbits.TRISD0 = 0;
   390   000806  9095               	bcf	149,0,c	;volatile
   391   000808                     
   392                           ;luz_calor.c: 84:     TRISDbits.TRISD1 = 0;
   393   000808  9295               	bcf	149,1,c	;volatile
   394   00080A                     
   395                           ;luz_calor.c: 86:     LATDbits.LATD0 = 0;
   396   00080A  908C               	bcf	140,0,c	;volatile
   397   00080C                     
   398                           ;luz_calor.c: 87:     LATDbits.LATD1 = 0;
   399   00080C  928C               	bcf	140,1,c	;volatile
   400   00080E                     
   401                           ;luz_calor.c: 89:     ADC_Init();
   402   00080E  ECB0  F004         	call	_ADC_Init	;wreg free
   403   000812                     l940:
   404                           
   405                           ;luz_calor.c: 94:         temp_adc = ADC_ReadAvg(0);
   406   000812  0E00               	movlw	0
   407   000814  EC50  F004         	call	_ADC_ReadAvg
   408   000818  C006  F016         	movff	?_ADC_ReadAvg,main@temp_adc
   409   00081C  C007  F017         	movff	?_ADC_ReadAvg+1,main@temp_adc+1
   410   000820                     
   411                           ;luz_calor.c: 95:         luz_adc = ADC_ReadAvg(1);
   412   000820  0E01               	movlw	1
   413   000822  EC50  F004         	call	_ADC_ReadAvg
   414   000826  C006  F014         	movff	?_ADC_ReadAvg,main@luz_adc
   415   00082A  C007  F015         	movff	?_ADC_ReadAvg+1,main@luz_adc+1
   416   00082E                     
   417                           ;luz_calor.c: 98:         if (temp_adc >= 60 && temp_adc <= 80) {
   418   00082E  5017               	movf	(main@temp_adc+1)^0,w,c
   419   000830  E109               	bnz	u100
   420   000832  0E3C               	movlw	60
   421   000834  5C16               	subwf	main@temp_adc^0,w,c
   422   000836  A0D8               	btfss	status,0,c
   423   000838  EF20  F004         	goto	u101
   424   00083C  EF22  F004         	goto	u100
   425   000840                     u101:
   426   000840  EF30  F004         	goto	l42
   427   000844                     u100:
   428   000844  5017               	movf	(main@temp_adc+1)^0,w,c
   429   000846  E107               	bnz	u111
   430   000848  0E51               	movlw	81
   431   00084A  5C16               	subwf	main@temp_adc^0,w,c
   432   00084C  B0D8               	btfsc	status,0,c
   433   00084E  EF2B  F004         	goto	u111
   434   000852  EF2D  F004         	goto	u110
   435   000856                     u111:
   436   000856  EF30  F004         	goto	l42
   437   00085A                     u110:
   438   00085A                     
   439                           ;luz_calor.c: 99:             LATDbits.LATD0 = 1;
   440   00085A  808C               	bsf	140,0,c	;volatile
   441                           
   442                           ;luz_calor.c: 100:         } else {
   443   00085C  EF31  F004         	goto	l950
   444   000860                     l42:
   445                           
   446                           ;luz_calor.c: 101:             LATDbits.LATD0 = 0;
   447   000860  908C               	bcf	140,0,c	;volatile
   448   000862                     l950:
   449                           
   450                           ;luz_calor.c: 105:         if (luz_adc > 500) {
   451   000862  0EF5               	movlw	245
   452   000864  5C14               	subwf	main@luz_adc^0,w,c
   453   000866  0E01               	movlw	1
   454   000868  5815               	subwfb	(main@luz_adc+1)^0,w,c
   455   00086A  A0D8               	btfss	status,0,c
   456   00086C  EF3A  F004         	goto	u121
   457   000870  EF3C  F004         	goto	u120
   458   000874                     u121:
   459   000874  EF3F  F004         	goto	l44
   460   000878                     u120:
   461   000878                     
   462                           ;luz_calor.c: 106:             LATDbits.LATD1 = 1;
   463   000878  828C               	bsf	140,1,c	;volatile
   464                           
   465                           ;luz_calor.c: 107:         } else {
   466   00087A  EF40  F004         	goto	l954
   467   00087E                     l44:
   468                           
   469                           ;luz_calor.c: 108:             LATDbits.LATD1 = 0;
   470   00087E  928C               	bcf	140,1,c	;volatile
   471   000880                     l954:
   472                           
   473                           ;luz_calor.c: 111:         _delay((unsigned long)((200)*(8000000/4000.0)));
   474   000880  0E03               	movlw	3
   475   000882  6E13               	movwf	(??_main+1)^0,c
   476   000884  0E08               	movlw	8
   477   000886  6E12               	movwf	??_main^0,c
   478   000888  0E77               	movlw	119
   479   00088A                     u137:
   480   00088A  2EE8               	decfsz	wreg,f,c
   481   00088C  D7FE               	bra	u137
   482   00088E  2E12               	decfsz	??_main^0,f,c
   483   000890  D7FC               	bra	u137
   484   000892  2E13               	decfsz	(??_main+1)^0,f,c
   485   000894  D7FA               	bra	u137
   486   000896  0000               	nop	
   487   000898  EF09  F004         	goto	l940
   488   00089C  EFFE  F03F         	goto	start
   489   0008A0                     __end_of_main:
   490                           	callstack 0
   491                           
   492 ;; *************** function _ADC_ReadAvg *****************
   493 ;; Defined at:
   494 ;;		line 62 in file "luz_calor.c"
   495 ;; Parameters:    Size  Location     Type
   496 ;;  canal           1    wreg     unsigned char 
   497 ;; Auto vars:     Size  Location     Type
   498 ;;  canal           1   11[COMRAM] unsigned char 
   499 ;;  suma            4   12[COMRAM] unsigned long 
   500 ;;  i               1   16[COMRAM] unsigned char 
   501 ;; Return value:  Size  Location     Type
   502 ;;                  2    5[COMRAM] unsigned int 
   503 ;; Registers used:
   504 ;;		wreg, status,2, status,0, cstack
   505 ;; Tracked objects:
   506 ;;		On entry : 0/0
   507 ;;		On exit  : 0/0
   508 ;;		Unchanged: 0/0
   509 ;; Data sizes:     COMRAM   BANK0   BANK1   BANK2   BANK3   BANK4   BANK5   BANK6   BANK7
   510 ;;      Params:         2       0       0       0       0       0       0       0       0
   511 ;;      Locals:         6       0       0       0       0       0       0       0       0
   512 ;;      Temps:          4       0       0       0       0       0       0       0       0
   513 ;;      Totals:        12       0       0       0       0       0       0       0       0
   514 ;;Total ram usage:       12 bytes
   515 ;; Hardware stack levels used: 1
   516 ;; Hardware stack levels required when called: 1
   517 ;; This function calls:
   518 ;;		_ADC_Read
   519 ;; This function is called by:
   520 ;;		_main
   521 ;; This function uses a non-reentrant model
   522 ;;
   523                           
   524                           	psect	text1
   525   0008A0                     __ptext1:
   526                           	callstack 0
   527   0008A0                     _ADC_ReadAvg:
   528                           	callstack 29
   529                           
   530                           ;incstack = 0
   531                           ;ADC_ReadAvg@canal stored from wreg
   532   0008A0  6E0C               	movwf	ADC_ReadAvg@canal^0,c
   533   0008A2                     
   534                           ;luz_calor.c: 63:     unsigned char i;;luz_calor.c: 64:     unsigned long suma = 0;
   535   0008A2  0E00               	movlw	0
   536   0008A4  6E0D               	movwf	ADC_ReadAvg@suma^0,c
   537   0008A6  0E00               	movlw	0
   538   0008A8  6E0E               	movwf	(ADC_ReadAvg@suma+1)^0,c
   539   0008AA  0E00               	movlw	0
   540   0008AC  6E0F               	movwf	(ADC_ReadAvg@suma+2)^0,c
   541   0008AE  0E00               	movlw	0
   542   0008B0  6E10               	movwf	(ADC_ReadAvg@suma+3)^0,c
   543   0008B2                     
   544                           ;luz_calor.c: 66:     for (i = 0; i < 8; i++) {
   545   0008B2  6A11               	clrf	ADC_ReadAvg@i^0,c
   546   0008B4                     l916:
   547                           
   548                           ;luz_calor.c: 67:         suma += ADC_Read(canal);
   549   0008B4  500C               	movf	ADC_ReadAvg@canal^0,w,c
   550   0008B6  EC8D  F004         	call	_ADC_Read
   551   0008BA  5001               	movf	?_ADC_Read^0,w,c
   552   0008BC  260D               	addwf	ADC_ReadAvg@suma^0,f,c
   553   0008BE  5002               	movf	(?_ADC_Read+1)^0,w,c
   554   0008C0  220E               	addwfc	(ADC_ReadAvg@suma+1)^0,f,c
   555   0008C2  0E00               	movlw	0
   556   0008C4  220F               	addwfc	(ADC_ReadAvg@suma+2)^0,f,c
   557   0008C6  0E00               	movlw	0
   558   0008C8  2210               	addwfc	(ADC_ReadAvg@suma+3)^0,f,c
   559   0008CA                     
   560                           ;luz_calor.c: 68:         _delay((unsigned long)((1)*(8000000/4000.0)));
   561   0008CA  0E03               	movlw	3
   562   0008CC  6E08               	movwf	??_ADC_ReadAvg^0,c
   563   0008CE  0E98               	movlw	152
   564   0008D0                     u147:
   565   0008D0  2EE8               	decfsz	wreg,f,c
   566   0008D2  D7FE               	bra	u147
   567   0008D4  2E08               	decfsz	??_ADC_ReadAvg^0,f,c
   568   0008D6  D7FC               	bra	u147
   569   0008D8                     
   570                           ;luz_calor.c: 69:     }
   571   0008D8  2A11               	incf	ADC_ReadAvg@i^0,f,c
   572   0008DA  0E07               	movlw	7
   573   0008DC  6411               	cpfsgt	ADC_ReadAvg@i^0,c
   574   0008DE  EF73  F004         	goto	u81
   575   0008E2  EF75  F004         	goto	u80
   576   0008E6                     u81:
   577   0008E6  EF5A  F004         	goto	l916
   578   0008EA                     u80:
   579   0008EA                     
   580                           ;luz_calor.c: 71:     return (unsigned int)(suma / 8);
   581   0008EA  C00D  F008         	movff	ADC_ReadAvg@suma,??_ADC_ReadAvg
   582   0008EE  C00E  F009         	movff	ADC_ReadAvg@suma+1,??_ADC_ReadAvg+1
   583   0008F2  C00F  F00A         	movff	ADC_ReadAvg@suma+2,??_ADC_ReadAvg+2
   584   0008F6  C010  F00B         	movff	ADC_ReadAvg@suma+3,??_ADC_ReadAvg+3
   585   0008FA  0E04               	movlw	4
   586   0008FC  EF85  F004         	goto	u90
   587   000900                     u95:
   588   000900  90D8               	bcf	status,0,c
   589   000902  320B               	rrcf	(??_ADC_ReadAvg+3)^0,f,c
   590   000904  320A               	rrcf	(??_ADC_ReadAvg+2)^0,f,c
   591   000906  3209               	rrcf	(??_ADC_ReadAvg+1)^0,f,c
   592   000908  3208               	rrcf	??_ADC_ReadAvg^0,f,c
   593   00090A                     u90:
   594   00090A  2EE8               	decfsz	wreg,f,c
   595   00090C  EF80  F004         	goto	u95
   596   000910  C008  F006         	movff	??_ADC_ReadAvg,?_ADC_ReadAvg
   597   000914  C009  F007         	movff	??_ADC_ReadAvg+1,?_ADC_ReadAvg+1
   598   000918  0012               	return		;funcret
   599   00091A                     __end_of_ADC_ReadAvg:
   600                           	callstack 0
   601                           
   602 ;; *************** function _ADC_Read *****************
   603 ;; Defined at:
   604 ;;		line 51 in file "luz_calor.c"
   605 ;; Parameters:    Size  Location     Type
   606 ;;  canal           1    wreg     unsigned char 
   607 ;; Auto vars:     Size  Location     Type
   608 ;;  canal           1    4[COMRAM] unsigned char 
   609 ;; Return value:  Size  Location     Type
   610 ;;                  2    0[COMRAM] unsigned int 
   611 ;; Registers used:
   612 ;;		wreg, status,2, status,0
   613 ;; Tracked objects:
   614 ;;		On entry : 0/0
   615 ;;		On exit  : 0/0
   616 ;;		Unchanged: 0/0
   617 ;; Data sizes:     COMRAM   BANK0   BANK1   BANK2   BANK3   BANK4   BANK5   BANK6   BANK7
   618 ;;      Params:         2       0       0       0       0       0       0       0       0
   619 ;;      Locals:         1       0       0       0       0       0       0       0       0
   620 ;;      Temps:          2       0       0       0       0       0       0       0       0
   621 ;;      Totals:         5       0       0       0       0       0       0       0       0
   622 ;;Total ram usage:        5 bytes
   623 ;; Hardware stack levels used: 1
   624 ;; This function calls:
   625 ;;		Nothing
   626 ;; This function is called by:
   627 ;;		_ADC_ReadAvg
   628 ;; This function uses a non-reentrant model
   629 ;;
   630                           
   631                           	psect	text2
   632   00091A                     __ptext2:
   633                           	callstack 0
   634   00091A                     _ADC_Read:
   635                           	callstack 29
   636                           
   637                           ;incstack = 0
   638                           ;ADC_Read@canal stored from wreg
   639   00091A  6E05               	movwf	ADC_Read@canal^0,c
   640   00091C                     
   641                           ;luz_calor.c: 52:     ADCON0 = (ADCON0 & 0xC3) | (canal << 2);
   642   00091C  C005  F003         	movff	ADC_Read@canal,??_ADC_Read
   643   000920  90D8               	bcf	status,0,c
   644   000922  3603               	rlcf	??_ADC_Read^0,f,c
   645   000924  90D8               	bcf	status,0,c
   646   000926  3603               	rlcf	??_ADC_Read^0,f,c
   647   000928  50C2               	movf	194,w,c	;volatile
   648   00092A  0BC3               	andlw	195
   649   00092C  1003               	iorwf	??_ADC_Read^0,w,c
   650   00092E  6EC2               	movwf	194,c	;volatile
   651   000930                     
   652                           ;luz_calor.c: 54:     _delay((unsigned long)((50)*(8000000/4000000.0)));
   653   000930  0E21               	movlw	33
   654   000932                     u157:
   655   000932  2EE8               	decfsz	wreg,f,c
   656   000934  D7FE               	bra	u157
   657   000936  0000               	nop	
   658   000938                     
   659                           ;luz_calor.c: 56:     ADCON0bits.GO = 1;
   660   000938  82C2               	bsf	194,1,c	;volatile
   661   00093A                     l28:
   662   00093A  B2C2               	btfsc	194,1,c	;volatile
   663   00093C  EFA2  F004         	goto	u71
   664   000940  EFA4  F004         	goto	u70
   665   000944                     u71:
   666   000944  EF9D  F004         	goto	l28
   667   000948                     u70:
   668   000948                     
   669                           ;luz_calor.c: 59:     return ((ADRESH << 8) | ADRESL);
   670   000948  50C3               	movf	195,w,c	;volatile
   671   00094A  CFC4 F003          	movff	4036,??_ADC_Read	;volatile
   672   00094E  6A04               	clrf	(??_ADC_Read+1)^0,c
   673   000950  C003  F004         	movff	??_ADC_Read,??_ADC_Read+1
   674   000954  6A03               	clrf	??_ADC_Read^0,c
   675   000956  1003               	iorwf	??_ADC_Read^0,w,c
   676   000958  6E01               	movwf	?_ADC_Read^0,c
   677   00095A  5004               	movf	(??_ADC_Read+1)^0,w,c
   678   00095C  6E02               	movwf	(?_ADC_Read+1)^0,c
   679   00095E  0012               	return		;funcret
   680   000960                     __end_of_ADC_Read:
   681                           	callstack 0
   682                           
   683 ;; *************** function _ADC_Init *****************
   684 ;; Defined at:
   685 ;;		line 40 in file "luz_calor.c"
   686 ;; Parameters:    Size  Location     Type
   687 ;;		None
   688 ;; Auto vars:     Size  Location     Type
   689 ;;		None
   690 ;; Return value:  Size  Location     Type
   691 ;;                  1    wreg      void 
   692 ;; Registers used:
   693 ;;		wreg, status,2
   694 ;; Tracked objects:
   695 ;;		On entry : 0/0
   696 ;;		On exit  : 0/0
   697 ;;		Unchanged: 0/0
   698 ;; Data sizes:     COMRAM   BANK0   BANK1   BANK2   BANK3   BANK4   BANK5   BANK6   BANK7
   699 ;;      Params:         0       0       0       0       0       0       0       0       0
   700 ;;      Locals:         0       0       0       0       0       0       0       0       0
   701 ;;      Temps:          1       0       0       0       0       0       0       0       0
   702 ;;      Totals:         1       0       0       0       0       0       0       0       0
   703 ;;Total ram usage:        1 bytes
   704 ;; Hardware stack levels used: 1
   705 ;; This function calls:
   706 ;;		Nothing
   707 ;; This function is called by:
   708 ;;		_main
   709 ;; This function uses a non-reentrant model
   710 ;;
   711                           
   712                           	psect	text3
   713   000960                     __ptext3:
   714                           	callstack 0
   715   000960                     _ADC_Init:
   716                           	callstack 30
   717   000960                     
   718                           ;luz_calor.c: 41:     TRISAbits.TRISA0 = 1;
   719   000960  8092               	bsf	146,0,c	;volatile
   720                           
   721                           ;luz_calor.c: 42:     TRISAbits.TRISA1 = 1;
   722   000962  8292               	bsf	146,1,c	;volatile
   723   000964                     
   724                           ;luz_calor.c: 44:     ADCON1 = 0x0D;
   725   000964  0E0D               	movlw	13
   726   000966  6EC1               	movwf	193,c	;volatile
   727                           
   728                           ;luz_calor.c: 45:     ADCON2 = 0xBD;
   729   000968  0EBD               	movlw	189
   730   00096A  6EC0               	movwf	192,c	;volatile
   731                           
   732                           ;luz_calor.c: 46:     ADCON0 = 0x01;
   733   00096C  0E01               	movlw	1
   734   00096E  6EC2               	movwf	194,c	;volatile
   735   000970                     
   736                           ;luz_calor.c: 48:     _delay((unsigned long)((5)*(8000000/4000.0)));
   737   000970  0E0D               	movlw	13
   738   000972  6E01               	movwf	??_ADC_Init^0,c
   739   000974  0EFC               	movlw	252
   740   000976                     u167:
   741   000976  2EE8               	decfsz	wreg,f,c
   742   000978  D7FE               	bra	u167
   743   00097A  2E01               	decfsz	??_ADC_Init^0,f,c
   744   00097C  D7FC               	bra	u167
   745   00097E  0012               	return		;funcret
   746   000980                     __end_of_ADC_Init:
   747                           	callstack 0
   748                           
   749                           	psect	smallconst
   750   000800                     __psmallconst:
   751                           	callstack 0
   752   000800  00                 	db	0
   753   000801  00                 	db	0	; dummy byte at the end
   754   000800                     __smallconst    set	__psmallconst
   755   000800                     __mediumconst   set	__psmallconst
   756   000000                     __activetblptr  equ	0
   757                           
   758                           	psect	rparam
   759   000001                     ___rparam_used  equ	1
   760   000000                     ___param_bank   equ	0
   761   000000                     __Lparam        equ	__Lrparam
   762   000000                     __Hparam        equ	__Hrparam
   763                           
   764                           	psect	config
   765                           
   766                           ;Config register CONFIG1L @ 0x300000
   767                           ;	unspecified, using default values
   768                           ;	PLL Prescaler Selection bits
   769                           ;	PLLDIV = 0x0, unprogrammed default
   770                           ;	System Clock Postscaler Selection bits
   771                           ;	CPUDIV = 0x0, unprogrammed default
   772                           ;	USB Clock Selection bit (used in Full-Speed USB mode only; UCFG:FSEN = 1)
   773                           ;	USBDIV = 0x0, unprogrammed default
   774   300000                     	org	3145728
   775   300000  00                 	db	0
   776                           
   777                           ;Config register CONFIG1H @ 0x300001
   778                           ;	Oscillator Selection bits
   779                           ;	FOSC = INTOSC_EC, Internal oscillator, CLKO function on RA6, EC used by USB (INTCKO)
   780                           ;	Fail-Safe Clock Monitor Enable bit
   781                           ;	FCMEN = 0x0, unprogrammed default
   782                           ;	Internal/External Oscillator Switchover bit
   783                           ;	IESO = 0x0, unprogrammed default
   784   300001                     	org	3145729
   785   300001  09                 	db	9
   786                           
   787                           ;Config register CONFIG2L @ 0x300002
   788                           ;	unspecified, using default values
   789                           ;	Power-up Timer Enable bit
   790                           ;	PWRT = 0x1, unprogrammed default
   791                           ;	Brown-out Reset Enable bits
   792                           ;	BOR = 0x3, unprogrammed default
   793                           ;	Brown-out Reset Voltage bits
   794                           ;	BORV = 0x3, unprogrammed default
   795                           ;	USB Voltage Regulator Enable bit
   796                           ;	VREGEN = 0x0, unprogrammed default
   797   300002                     	org	3145730
   798   300002  1F                 	db	31
   799                           
   800                           ;Config register CONFIG2H @ 0x300003
   801                           ;	Watchdog Timer Enable bit
   802                           ;	WDT = OFF, WDT disabled (control is placed on the SWDTEN bit)
   803                           ;	Watchdog Timer Postscale Select bits
   804                           ;	WDTPS = 0xF, unprogrammed default
   805   300003                     	org	3145731
   806   300003  1E                 	db	30
   807                           
   808                           ; Padding undefined space
   809   300004                     	org	3145732
   810   300004  FF                 	db	255
   811                           
   812                           ;Config register CONFIG3H @ 0x300005
   813                           ;	CCP2 MUX bit
   814                           ;	CCP2MX = 0x1, unprogrammed default
   815                           ;	PORTB A/D Enable bit
   816                           ;	PBADEN = OFF, PORTB<4:0> pins are configured as digital I/O on Reset
   817                           ;	Low-Power Timer 1 Oscillator Enable bit
   818                           ;	LPT1OSC = 0x0, unprogrammed default
   819                           ;	MCLR Pin Enable bit
   820                           ;	MCLRE = OFF, RE3 input pin enabled; MCLR pin disabled
   821   300005                     	org	3145733
   822   300005  01                 	db	1
   823                           
   824                           ;Config register CONFIG4L @ 0x300006
   825                           ;	Stack Full/Underflow Reset Enable bit
   826                           ;	STVREN = 0x1, unprogrammed default
   827                           ;	Single-Supply ICSP Enable bit
   828                           ;	LVP = OFF, Single-Supply ICSP disabled
   829                           ;	Dedicated In-Circuit Debug/Programming Port (ICPORT) Enable bit
   830                           ;	ICPRT = 0x0, unprogrammed default
   831                           ;	Extended Instruction Set Enable bit
   832                           ;	XINST = 0x0, unprogrammed default
   833                           ;	Background Debugger Enable bit
   834                           ;	DEBUG = 0x1, unprogrammed default
   835   300006                     	org	3145734
   836   300006  81                 	db	129
   837                           
   838                           ; Padding undefined space
   839   300007                     	org	3145735
   840   300007  FF                 	db	255
   841                           tosu	equ	0xFFF
   842                           tosh	equ	0xFFE
   843                           tosl	equ	0xFFD
   844                           stkptr	equ	0xFFC
   845                           pclatu	equ	0xFFB
   846                           pclath	equ	0xFFA
   847                           pcl	equ	0xFF9
   848                           tblptru	equ	0xFF8
   849                           tblptrh	equ	0xFF7
   850                           tblptrl	equ	0xFF6
   851                           tablat	equ	0xFF5
   852                           prodh	equ	0xFF4
   853                           prodl	equ	0xFF3
   854                           indf0	equ	0xFEF
   855                           postinc0	equ	0xFEE
   856                           postdec0	equ	0xFED
   857                           preinc0	equ	0xFEC
   858                           plusw0	equ	0xFEB
   859                           fsr0h	equ	0xFEA
   860                           fsr0l	equ	0xFE9
   861                           wreg	equ	0xFE8
   862                           indf1	equ	0xFE7
   863                           postinc1	equ	0xFE6
   864                           postdec1	equ	0xFE5
   865                           preinc1	equ	0xFE4
   866                           plusw1	equ	0xFE3
   867                           fsr1h	equ	0xFE2
   868                           fsr1l	equ	0xFE1
   869                           bsr	equ	0xFE0
   870                           indf2	equ	0xFDF
   871                           postinc2	equ	0xFDE
   872                           postdec2	equ	0xFDD
   873                           preinc2	equ	0xFDC
   874                           plusw2	equ	0xFDB
   875                           fsr2h	equ	0xFDA
   876                           fsr2l	equ	0xFD9
   877                           status	equ	0xFD8

Data Sizes:
    Strings     0
    Constant    0
    Data        0
    BSS         0
    Persistent  0
    Stack       0

Auto Spaces:
    Space          Size  Autos    Used
    COMRAM           95     23      23
    BANK0           160      0       0
    BANK1           256      0       0
    BANK2           256      0       0
    BANK3           256      0       0
    BANK4           256      0       0
    BANK5           256      0       0
    BANK6           256      0       0
    BANK7           256      0       0

Pointer List with Targets:

    None.

Critical Paths under _main in COMRAM

    _main->_ADC_ReadAvg
    _ADC_ReadAvg->_ADC_Read

Critical Paths under _main in BANK0

    None.

Critical Paths under _main in BANK1

    None.

Critical Paths under _main in BANK2

    None.

Critical Paths under _main in BANK3

    None.

Critical Paths under _main in BANK4

    None.

Critical Paths under _main in BANK5

    None.

Critical Paths under _main in BANK6

    None.

Critical Paths under _main in BANK7

    None.

Call Graph Tables:

 ---------------------------------------------------------------------------------
 (Depth) Function   	        Calls       Base Space   Used Autos Params    Refs
 ---------------------------------------------------------------------------------
 (0) _main                                                 6     6      0     196
                                             17 COMRAM     6     6      0
                           _ADC_Init
                        _ADC_ReadAvg
 ---------------------------------------------------------------------------------
 (1) _ADC_ReadAvg                                         12    10      2     128
                                              5 COMRAM    12    10      2
                           _ADC_Read
 ---------------------------------------------------------------------------------
 (2) _ADC_Read                                             5     3      2      29
                                              0 COMRAM     5     3      2
 ---------------------------------------------------------------------------------
 (1) _ADC_Init                                             1     1      0       0
                                              0 COMRAM     1     1      0
 ---------------------------------------------------------------------------------
 Estimated maximum stack depth 2
 ---------------------------------------------------------------------------------

 Call Graph Graphs:

 _main (ROOT)
   _ADC_Init
   _ADC_ReadAvg
     _ADC_Read

Address spaces:
Name               Size   Autos  Total    Usage
BITCOMRAM           95      0       0      0.0%
BITBANK0           160      0       0      0.0%
BITBANK1           256      0       0      0.0%
BITBANK2           256      0       0      0.0%
BITBANK3           256      0       0      0.0%
BITBANK4           256      0       0      0.0%
BITBANK5           256      0       0      0.0%
BITBANK6           256      0       0      0.0%
BITBANK7           256      0       0      0.0%
BITBIGSFRh          61      0       0      0.0%
BITBIGSFRlh         53      0       0      0.0%
BITBIGSFRll         44      0       0      0.0%
COMRAM              95     23      23     24.2%
BANK0              160      0       0      0.0%
BANK1              256      0       0      0.0%
BANK2              256      0       0      0.0%
BANK3              256      0       0      0.0%
BANK4              256      0       0      0.0%
BANK5              256      0       0      0.0%
BANK6              256      0       0      0.0%
BANK7              256      0       0      0.0%
BIGRAM            2047      0       0      0.0%
STACK                0      0       0      0.0%
DATA                 0      0      23      0.0%


Microchip Technology PIC18 Macro Assembler V3.10 build 20250813170317 
Symbol Table                                                                                   Wed Apr 22 14:33:11 2026

                     l31 095E                       l25 097E                       l42 0860  
                     l28 093A                       l36 0918                       l44 087E  
                     u70 0948                       u71 0944                       u80 08EA  
                     u81 08E6                       u90 090A                       u95 0900  
                    l900 0930                      l902 0938                      l910 08B2  
                    l904 0948                      l920 08D8                      l922 08DA  
                    l930 0806                      l844 0960                      l924 08EA  
                    l916 08B4                      l908 08A2                      l940 0812  
                    l932 0808                      l846 0964                      l918 08CA  
                    l950 0862                      l942 0820                      l934 080A  
                    l848 0970                      l952 0878                      l944 082E  
                    l936 080C                      l928 0802                      l954 0880  
                    l946 0844                      l938 080E                      l948 085A  
                    l898 091C                      u100 0844                      u101 0840  
                    u110 085A                      u111 0856                      u120 0878  
                    u121 0874                      u137 088A                      u147 08D0  
                    u157 0932                      u167 0976                      wreg 0FE8  
                   _main 0802              main@luz_adc 0014         __end_of_ADC_Init 0980  
       __end_of_ADC_Read 0960                     start 7FFC             ___param_bank 0000  
                  ?_main 0001             main@temp_adc 0016                    status 0FD8  
        __initialization 0980             __end_of_main 08A0                   ??_main 0012  
          __activetblptr 0000                   _ADCON0 0FC2                   _ADCON1 0FC1  
                 _ADCON2 0FC0                   _ADRESH 0FC4                   _ADRESL 0FC3  
                 _OSCCON 0FD3                   isa$std 0001          ADC_ReadAvg@suma 000D  
              ?_ADC_Init 0001                ?_ADC_Read 0001             __mediumconst 0800  
             __accesstop 0060  __end_of__initialization 0980            ___rparam_used 0001  
         __pcstackCOMRAM 0001               ??_ADC_Init 0001               ??_ADC_Read 0003  
          ??_ADC_ReadAvg 0008                  __Hparam 0000                  __Lparam 0000  
           ADC_ReadAvg@i 0011             __psmallconst 0800                  __pcinit 0980  
                __ramtop 0800                  __ptext0 0802                  __ptext1 08A0  
                __ptext2 091A                  __ptext3 0960     end_of_initialization 0980  
       ADC_ReadAvg@canal 000C      __end_of_ADC_ReadAvg 091A                _TRISAbits 0F92  
              _TRISDbits 0F95      start_initialization 0980              _ADC_ReadAvg 08A0  
            __smallconst 0800                 _ADC_Init 0960                 _ADC_Read 091A  
               _LATDbits 0F8C               _ADCON0bits 0FC2                 __Hrparam 0000  
               __Lrparam 0000            ADC_Read@canal 0005             ?_ADC_ReadAvg 0006  
               isa$xinst 0000  
