Microchip MPLAB XC8 Compiler V3.10

Linker command line:

-W-3 \
  --edf=C:\Program Files\Microchip\xc8\v3.10\pic\dat\20250813170317_en.msgs \
  -cn -h+dist/default/production\oled_4sensores.X.production.sym \
  --cmf=dist/default/production\oled_4sensores.X.production.cmf -z \
  -Q18F4550 -oC:\Users\Lenovo\AppData\Local\Temp\xcAsxn0.0\driver_tmp_3.o \
  --defsym=__MPLAB_BUILD=1 --fixupoverflow=error \
  -Mdist/default/production/oled_4sensores.X.production.map \
  --md=C:\Users\Lenovo\AppData\Local\Temp\xcAsxn0.0\driver_tmp_0.dat -E1 \
  -ver=XC8 Compiler -ACODE=00h-07FFFh -ACONST=00h-07FFFh \
  -ASMALLCONST=0800h-08FFhx120 -AMEDIUMCONST=0800h-07FFFh -ACOMRAM=01h-05Fh \
  -AABS1=00h-07FFh -ABIGRAM=01h-07FFh -ARAM=060h-0FFh,0100h-01FFhx7 \
  -ABANK0=060h-0FFh -ABANK1=0100h-01FFh -ABANK2=0200h-02FFh \
  -ABANK3=0300h-03FFh -ABANK4=0400h-04FFh -ABANK5=0500h-05FFh \
  -ABANK6=0600h-06FFh -ABANK7=0700h-07FFh -ASFR=0F60h-0FFFh \
  -ABIGSFR=0F60h-0FFFh -ACONFIG=0300000h-030000Dh -AIDLOC=0200000h-0200007h \
  -AEEDATA=0F00000h-0F000FFh -peeprom_data=EEDATA \
  -preset_vec=00h,intcode=8h,intcodelo=18h,sivt_lo,sivt_hi=CODE \
  -ppowerup=CODE,init -pramtop=0800h -psmallconst=SMALLCONST \
  -pmediumconst=MEDIUMCONST -pconst=CONST -AFARRAM=00h-00h \
  -prdata=COMRAM,nvrram=COMRAM,nvbit=COMRAM,rbss=COMRAM,rbit=COMRAM \
  -pfarbss=FARRAM,fardata=FARRAM,nvFARRAM=FARRAM \
  -pintsave_regs=BIGRAM,bigbss=BIGRAM,bigdata=BIGRAM -pbss=RAM \
  -pidata=CODE,irdata=CODE,ibigdata=CODE,ifardata=CODE -prparam=COMRAM \
  C:\Users\Lenovo\AppData\Local\Temp\xcAsxn0.0\driver_tmp_9.o \
  dist/default/production\oled_4sensores.X.production.o 

Object code version is 3.11

Machine type is 18F4550



                Name                               Link     Load   Length Selector   Space Scale
C:\Users\Lenovo\AppData\Local\Temp\xcAsxn0.0\driver_tmp_9.o
                config                           300000   300000        8        0       4
                init                               7FFC     7FFC        4     3FFE       0
                reset_vec                             0        0        4        0       0
dist/default/production\oled_4sensores.X.production.o
                config                           300000   300000        8        0       4
                mediumconst                        7DF2     7DF2      20A     3EF9       0
                text28                             69FA     69FA       14     34FD       0
                text27                             6BAC     6BAC       46     35D6       0
                text26                             6F9E     6F9E       7A     37CF       0
                text25                             69DE     69DE        A     34EF       0
                text24                             6DD6     6DD6       6C     36EB       0
                text23                             6A0E     6A0E       16     3507       0
                text22                             69E8     69E8       12     34F4       0
                text21                             6CA4     6CA4       64     3652       0
                text20                             70B6     70B6       B0     385B       0
                text19                             6D6C     6D6C       6A     36B6       0
                text18                             771C     771C      6D6     3B8E       0
                text17                             7226     7226      128     3913       0
                text16                             6AC0     6AC0       38     3560       0
                text15                             6C44     6C44       60     3622       0
                text14                             6A3E     6A3E       1E     351F       0
                text13                             6A5C     6A5C       1E     352E       0
                text12                             6A7A     6A7A       1E     353D       0
                text11                             6A98     6A98       28     354C       0
                text10                             6F28     6F28       76     3794       0
                text9                              6B6A     6B6A       42     35B5       0
                text8                              6EB4     6EB4       74     375A       0
                text7                              6B30     6B30       3A     3598       0
                text6                              6BF2     6BF2       52     35F9       0
                text5                              6E42     6E42       72     3721       0
                text4                              6D08     6D08       64     3684       0
                text3                              7018     7018       9E     380C       0
                text2                              7166     7166       C0     38B3       0
                text1                              750A     750A      212     3A85       0
                text0                              734E     734E      1BC     39A7       0
                cstackCOMRAM                          1        1       5D        1       1
                dataBANK0                            60       60       19       60       1
                bssBANK0                             79       79       12       60       1
                bssCOMRAM                            5E       5E        1        1       1
                cinit                              6AF8     6AF8       38     357C       0
                idataBANK0                         6A25     6A25       19     6A25       0

TOTAL           Name                               Link     Load   Length     Space
        CLASS   CODE           
                init                               7FFC     7FFC        4         0
                reset_vec                             0        0        4         0
                text28                             69FA     69FA       14         0
                text27                             6BAC     6BAC       46         0
                text26                             6F9E     6F9E       7A         0
                text25                             69DE     69DE        A         0
                text24                             6DD6     6DD6       6C         0
                text23                             6A0E     6A0E       16         0
                text22                             69E8     69E8       12         0
                text21                             6CA4     6CA4       64         0
                text20                             70B6     70B6       B0         0
                text19                             6D6C     6D6C       6A         0
                text18                             771C     771C      6D6         0
                text17                             7226     7226      128         0
                text16                             6AC0     6AC0       38         0
                text15                             6C44     6C44       60         0
                text14                             6A3E     6A3E       1E         0
                text13                             6A5C     6A5C       1E         0
                text12                             6A7A     6A7A       1E         0
                text11                             6A98     6A98       28         0
                text10                             6F28     6F28       76         0
                text9                              6B6A     6B6A       42         0
                text8                              6EB4     6EB4       74         0
                text7                              6B30     6B30       3A         0
                text6                              6BF2     6BF2       52         0
                text5                              6E42     6E42       72         0
                text4                              6D08     6D08       64         0
                text3                              7018     7018       9E         0
                text2                              7166     7166       C0         0
                text1                              750A     750A      212         0
                text0                              734E     734E      1BC         0
                cinit                              6AF8     6AF8       38         0
                idataBANK0                         6A25     6A25       19         0

        CLASS   CONST          

        CLASS   SMALLCONST     

        CLASS   MEDIUMCONST    
                mediumconst                        7DF2     7DF2      20A         0

        CLASS   COMRAM         
                cstackCOMRAM                          1        1       5D         1
                bssCOMRAM                            5E       5E        1         1

        CLASS   ABS1           

        CLASS   BIGRAM         

        CLASS   RAM            

        CLASS   BANK0          
                dataBANK0                            60       60       19         1
                bssBANK0                             79       79       12         1

        CLASS   BANK1          

        CLASS   BANK2          

        CLASS   BANK3          

        CLASS   BANK4          

        CLASS   BANK5          

        CLASS   BANK6          

        CLASS   BANK7          

        CLASS   SFR            

        CLASS   BIGSFR         

        CLASS   CONFIG         
                config                           300000   300000        8         4

        CLASS   IDLOC          

        CLASS   EEDATA         

        CLASS   FARRAM         

        CLASS   HEAP           

        CLASS   STACK          



SEGMENTS        Name                           Load    Length   Top    Selector   Space  Class

                reset_vec                      000000  000004  000004         0       0  CODE    
                cstackCOMRAM                   000001  00005E  00005F         1       1  COMRAM  
                dataBANK0                      000060  00002B  00008B        60       1  BANK0   
                text25                         0069DE  00000A  0069E8      34EF       0  CODE    
                text22                         0069E8  000012  0069FA      34F4       0  CODE    
                text28                         0069FA  000014  006A0E      34FD       0  CODE    
                text23                         006A0E  000016  006A24      3507       0  CODE    
                idataBANK0                     006A25  000019  006A3E      6A25       0  CODE    
                text14                         006A3E  00001E  006A5C      351F       0  CODE    
                text13                         006A5C  00001E  006A7A      352E       0  CODE    
                text12                         006A7A  00001E  006A98      353D       0  CODE    
                text11                         006A98  000028  006AC0      354C       0  CODE    
                text16                         006AC0  000038  006AF8      3560       0  CODE    
                cinit                          006AF8  000038  006B30      357C       0  CODE    
                text7                          006B30  00003A  006B6A      3598       0  CODE    
                text9                          006B6A  000042  006BAC      35B5       0  CODE    
                text27                         006BAC  000046  006BF2      35D6       0  CODE    
                text6                          006BF2  000052  006C44      35F9       0  CODE    
                text15                         006C44  000060  006CA4      3622       0  CODE    
                text21                         006CA4  000064  006D08      3652       0  CODE    
                text4                          006D08  000064  006D6C      3684       0  CODE    
                text19                         006D6C  00006A  006DD6      36B6       0  CODE    
                text24                         006DD6  00006C  006E42      36EB       0  CODE    
                text5                          006E42  000072  006EB4      3721       0  CODE    
                text8                          006EB4  000074  006F28      375A       0  CODE    
                text10                         006F28  000076  006F9E      3794       0  CODE    
                text26                         006F9E  00007A  007018      37CF       0  CODE    
                text3                          007018  00009E  0070B6      380C       0  CODE    
                text20                         0070B6  0000B0  007166      385B       0  CODE    
                text2                          007166  0000C0  007226      38B3       0  CODE    
                text17                         007226  000128  00734E      3913       0  CODE    
                text0                          00734E  0001BC  00750A      39A7       0  CODE    
                text1                          00750A  000212  00771C      3A85       0  CODE    
                text18                         00771C  0006D6  007DF2      3B8E       0  CODE    
                mediumconst                    007DF2  00020A  007FFC      3EF9       0  MEDIUMCO
                init                           007FFC  000004  008000      3FFE       0  CODE    


UNUSED ADDRESS RANGES

        Name                Unused          Largest block    Delta
        BANK0            00008B-0000FF               75
        BANK1            000100-0001FF              100
        BANK2            000200-0002FF              100
        BANK3            000300-0003FF              100
        BANK4            000400-0004FF              100
        BANK5            000500-0005FF              100
        BANK6            000600-0006FF              100
        BANK7            000700-0007FF              100
        BIGRAM           00005F-00005F                1
                         00008B-0007FF              775
        BIGSFR           000F60-000FFF               A0
        CODE             000004-0069DD             69DA
                         006A24-006A24                1
        COMRAM           00005F-00005F                1
        CONFIG           300008-30000D                6
        CONST            000004-0069DD             69DA
                         006A24-006A24                1
        EEDATA           F00000-F000FF              100
        IDLOC            200000-200007                8
        MEDIUMCONST      000800-0069DD             61DE
                         006A24-006A24                1
        RAM              00008B-0007FF              100
        SFR              000F60-000FFF               A0
        SMALLCONST       000800-0069DD              100
                         006A24-006A24                1

                                  Symbol Table

?_ADC_Read                 cstackCOMRAM 000001
?_ADC_ReadAvg              cstackCOMRAM 000006
?___awdiv                  cstackCOMRAM 000001
?___lmul                   cstackCOMRAM 000001
?___lwdiv                  cstackCOMRAM 000001
?___lwmod                  cstackCOMRAM 000001
ADC_Read@c                 cstackCOMRAM 000005
ADC_ReadAvg@c              cstackCOMRAM 00000C
ADC_ReadAvg@i              cstackCOMRAM 000011
ADC_ReadAvg@s              cstackCOMRAM 00000D
BME_GetData@adc_H          cstackCOMRAM 00002F
BME_GetData@adc_T          cstackCOMRAM 000047
BME_GetData@d              cstackCOMRAM 000023
BME_GetData@hum            cstackCOMRAM 00000F
BME_GetData@hv             cstackCOMRAM 00004B
BME_GetData@t_fine         cstackCOMRAM 00003F
BME_GetData@temp_dc        cstackCOMRAM 00000E
BME_GetData@var1           cstackCOMRAM 00002B
BME_GetData@var2           cstackCOMRAM 000043
BME_Init@id                cstackCOMRAM 000033
BME_ReadCalib@b            cstackCOMRAM 000011
BME_ReadCalib@bh           cstackCOMRAM 00002B
BME_ReadCalib@h1           cstackCOMRAM 000032
BME_ReadRegs@buf           cstackCOMRAM 000005
BME_ReadRegs@i             cstackCOMRAM 00000D
BME_ReadRegs@len           cstackCOMRAM 000006
BME_ReadRegs@nack          cstackCOMRAM 00000C
BME_ReadRegs@reg           cstackCOMRAM 00000B
BME_WriteReg@nack          cstackCOMRAM 000007
BME_WriteReg@reg           cstackCOMRAM 000006
BME_WriteReg@val           cstackCOMRAM 000005
I2C_Read@dato              cstackCOMRAM 000003
I2C_Read@i                 cstackCOMRAM 000004
I2C_Read@ultimo            cstackCOMRAM 000002
I2C_Write@ack              cstackCOMRAM 000003
I2C_Write@data             cstackCOMRAM 000002
I2C_Write@i                cstackCOMRAM 000004
OLED_Char@c                cstackCOMRAM 00000A
OLED_Char@i                cstackCOMRAM 00000B
OLED_Clear@i               cstackCOMRAM 000009
OLED_Clear@j               cstackCOMRAM 000008
OLED_ClearLine@j           cstackCOMRAM 000009
OLED_ClearLine@pag         cstackCOMRAM 000008
OLED_Comando@c             cstackCOMRAM 000005
OLED_Dato@d                cstackCOMRAM 000005
OLED_DrawLabels@hay_bme    cstackCOMRAM 000010
OLED_Init@F3367            dataBANK0    000060
OLED_Init@cmds             cstackCOMRAM 00000C
OLED_Init@i                cstackCOMRAM 000025
OLED_Num@buf               cstackCOMRAM 00000F
OLED_Num@col               cstackCOMRAM 00000C
OLED_Num@i                 cstackCOMRAM 000016
OLED_Num@n                 cstackCOMRAM 00000D
OLED_Num@pag               cstackCOMRAM 000015
OLED_SetCursor@col         cstackCOMRAM 000006
OLED_SetCursor@pag         cstackCOMRAM 000007
OLED_Str@col               cstackCOMRAM 00000C
OLED_Str@pag               cstackCOMRAM 00000F
OLED_Str@s                 cstackCOMRAM 00000D
OLED_UpdateValues@aire     cstackCOMRAM 00001F
OLED_UpdateValues@bme_temp cstackCOMRAM 000019
OLED_UpdateValues@hay_bme  cstackCOMRAM 000021
OLED_UpdateValues@hum      cstackCOMRAM 00001B
OLED_UpdateValues@luz      cstackCOMRAM 00001D
OLED_UpdateValues@td       cstackCOMRAM 00002E
OLED_UpdateValues@temp_c   cstackCOMRAM 000017
_ADCON0                    (abs)        000FC2
_ADCON0bits                (abs)        000FC2
_ADCON1                    (abs)        000FC1
_ADCON2                    (abs)        000FC0
_ADC_Init                  text28       0069FA
_ADC_Read                  text27       006BAC
_ADC_ReadAvg               text26       006F9E
_ADRESH                    (abs)        000FC4
_ADRESL                    (abs)        000FC3
_BME_GetData               text18       00771C
_BME_GetData$1373          cstackCOMRAM 000033
_BME_GetData$1374          cstackCOMRAM 000037
_BME_GetData$1375          cstackCOMRAM 00003B
_BME_Init                  text15       006C44
_BME_ReadCalib             text17       007226
_BME_ReadRegs              text20       0070B6
_BME_WriteReg              text16       006AC0
_I2C_Delay                 text25       0069DE
_I2C_Read                  text24       006DD6
_I2C_Start                 text23       006A0E
_I2C_Stop                  text22       0069E8
_I2C_Write                 text21       006CA4
_LATBbits                  (abs)        000F8A
_LATDbits                  (abs)        000F8C
_OLED_Char                 text10       006F28
_OLED_Clear                text7        006B30
_OLED_ClearLine            text11       006A98
_OLED_Comando              text13       006A5C
_OLED_Dato                 text14       006A3E
_OLED_DrawLabels           text8        006EB4
_OLED_Init                 text6        006BF2
_OLED_Num                  text3        007018
_OLED_SetCursor            text12       006A7A
_OLED_Str                  text9        006B6A
_OLED_UpdateValues         text1        00750A
_OLED_UpdateValues$496     cstackCOMRAM 000022
_OLED_UpdateValues$497     cstackCOMRAM 000024
_OLED_UpdateValues$500     cstackCOMRAM 000026
_OLED_UpdateValues$501     cstackCOMRAM 000028
_OLED_UpdateValues$503     cstackCOMRAM 00002A
_OLED_UpdateValues$504     cstackCOMRAM 00002C
_OSCCON                    (abs)        000FD3
_PORTBbits                 (abs)        000F81
_TRISAbits                 (abs)        000F92
_TRISBbits                 (abs)        000F93
_TRISDbits                 (abs)        000F95
__HRAM                     (abs)        000000
__H__absolute__            __absolute__ 000000
__Habs1                    abs1         000000
__Hbank0                   bank0        000000
__Hbank1                   bank1        000000
__Hbank2                   bank2        000000
__Hbank3                   bank3        000000
__Hbank4                   bank4        000000
__Hbank5                   bank5        000000
__Hbank6                   bank6        000000
__Hbank7                   bank7        000000
__Hbigbss                  bigbss       000000
__Hbigdata                 bigdata      000000
__Hbigram                  bigram       000000
__Hbigsfr                  bigsfr       000000
__Hbss                     bss          000000
__HbssBANK0                bssBANK0     000000
__HbssCOMRAM               bssCOMRAM    000000
__Hcinit                   cinit        000000
__Hclrtext                 clrtext      000000
__Hcomram                  comram       000000
__Hconfig                  config       300008
__Hconst                   const        000000
__HcstackCOMRAM            cstackCOMRAM 000000
__Hdata                    data         000000
__HdataBANK0               dataBANK0    000000
__Heeprom_data             eeprom_data  000000
__Hfarbss                  farbss       000000
__Hfardata                 fardata      000000
__Hheap                    heap         000000
__Hibigdata                ibigdata     000000
__Hidata                   idata        000000
__HidataBANK0              idataBANK0   000000
__Hidloc                   idloc        000000
__Hifardata                ifardata     000000
__Hinit                    init         008000
__Hintcode                 intcode      000008
__Hintcode_body            intcode_body 000000
__Hintcodelo               intcodelo    000018
__Hintentry                intentry     000000
__Hintret                  intret       000000
__Hintsave_regs            intsave_regs 000000
__Hirdata                  irdata       000000
__Hmediumconst             mediumconst  007FFC
__HnvFARRAM                nvFARRAM     000000
__Hnvbit                   nvbit        000000
__Hnvrram                  nvrram       000000
__Hparam                   rparam       000000
__Hpowerup                 powerup      000000
__Hram                     ram          000000
__Hramtop                  ramtop       000800
__Hrbit                    rbit         000000
__Hrbss                    rbss         000000
__Hrdata                   rdata        000000
__Hreset_vec               reset_vec    000004
__Hrparam                  rparam       000000
__Hsfr                     sfr          000000
__Hsivt_hi                 sivt_hi      000000
__Hsivt_lo                 sivt_lo      000018
__Hsmallconst              smallconst   000000
__Hspace_0                 (abs)        008000
__Hspace_1                 (abs)        00008B
__Hspace_2                 (abs)        000000
__Hspace_4                 (abs)        600008
__Hstack                   stack        000000
__Hstruct                  struct       000000
__Htemp                    temp         000000
__Htext                    text         000000
__Htext0                   text0        000000
__Htext1                   text1        000000
__Htext10                  text10       000000
__Htext11                  text11       000000
__Htext12                  text12       000000
__Htext13                  text13       000000
__Htext14                  text14       000000
__Htext15                  text15       000000
__Htext16                  text16       000000
__Htext17                  text17       000000
__Htext18                  text18       000000
__Htext19                  text19       000000
__Htext2                   text2        000000
__Htext20                  text20       000000
__Htext21                  text21       000000
__Htext22                  text22       000000
__Htext23                  text23       000000
__Htext24                  text24       000000
__Htext25                  text25       000000
__Htext26                  text26       000000
__Htext27                  text27       000000
__Htext28                  text28       000000
__Htext3                   text3        000000
__Htext4                   text4        000000
__Htext5                   text5        000000
__Htext6                   text6        000000
__Htext7                   text7        000000
__Htext8                   text8        000000
__Htext9                   text9        000000
__LRAM                     (abs)        000001
__L__absolute__            __absolute__ 000000
__Labs1                    abs1         000000
__Lbank0                   bank0        000000
__Lbank1                   bank1        000000
__Lbank2                   bank2        000000
__Lbank3                   bank3        000000
__Lbank4                   bank4        000000
__Lbank5                   bank5        000000
__Lbank6                   bank6        000000
__Lbank7                   bank7        000000
__Lbigbss                  bigbss       000000
__Lbigdata                 bigdata      000000
__Lbigram                  bigram       000000
__Lbigsfr                  bigsfr       000000
__Lbss                     bss          000000
__LbssBANK0                bssBANK0     000000
__LbssCOMRAM               bssCOMRAM    000000
__Lcinit                   cinit        000000
__Lclrtext                 clrtext      000000
__Lcomram                  comram       000000
__Lconfig                  config       000000
__Lconst                   const        000000
__LcstackCOMRAM            cstackCOMRAM 000000
__Ldata                    data         000000
__LdataBANK0               dataBANK0    000000
__Leeprom_data             eeprom_data  000000
__Lfarbss                  farbss       000000
__Lfardata                 fardata      000000
__Lheap                    heap         000000
__Libigdata                ibigdata     000000
__Lidata                   idata        000000
__LidataBANK0              idataBANK0   000000
__Lidloc                   idloc        000000
__Lifardata                ifardata     000000
__Linit                    init         007FFC
__Lintcode                 intcode      000008
__Lintcode_body            intcode_body 000000
__Lintcodelo               intcodelo    000018
__Lintentry                intentry     000000
__Lintret                  intret       000000
__Lintsave_regs            intsave_regs 000000
__Lirdata                  irdata       000000
__Lmediumconst             mediumconst  007DF2
__LnvFARRAM                nvFARRAM     000000
__Lnvbit                   nvbit        000000
__Lnvrram                  nvrram       000000
__Lparam                   rparam       000000
__Lpowerup                 powerup      000000
__Lram                     ram          000000
__Lramtop                  ramtop       000800
__Lrbit                    rbit         000000
__Lrbss                    rbss         000000
__Lrdata                   rdata        000000
__Lreset_vec               reset_vec    000000
__Lrparam                  rparam       000000
__Lsfr                     sfr          000000
__Lsivt_hi                 sivt_hi      000000
__Lsivt_lo                 sivt_lo      000018
__Lsmallconst              smallconst   000000
__Lspace_0                 (abs)        000000
__Lspace_1                 (abs)        000000
__Lspace_2                 (abs)        000000
__Lspace_4                 (abs)        000000
__Lstack                   stack        000000
__Lstruct                  struct       000000
__Ltemp                    temp         000000
__Ltext                    text         000000
__Ltext0                   text0        000000
__Ltext1                   text1        000000
__Ltext10                  text10       000000
__Ltext11                  text11       000000
__Ltext12                  text12       000000
__Ltext13                  text13       000000
__Ltext14                  text14       000000
__Ltext15                  text15       000000
__Ltext16                  text16       000000
__Ltext17                  text17       000000
__Ltext18                  text18       000000
__Ltext19                  text19       000000
__Ltext2                   text2        000000
__Ltext20                  text20       000000
__Ltext21                  text21       000000
__Ltext22                  text22       000000
__Ltext23                  text23       000000
__Ltext24                  text24       000000
__Ltext25                  text25       000000
__Ltext26                  text26       000000
__Ltext27                  text27       000000
__Ltext28                  text28       000000
__Ltext3                   text3        000000
__Ltext4                   text4        000000
__Ltext5                   text5        000000
__Ltext6                   text6        000000
__Ltext7                   text7        000000
__Ltext8                   text8        000000
__Ltext9                   text9        000000
__S0                       (abs)        008000
__S1                       (abs)        00008B
__S4                       (abs)        000000
__S5                       (abs)        000000
___awdiv                   text2        007166
___awdiv@counter           cstackCOMRAM 000005
___awdiv@dividend          cstackCOMRAM 000001
___awdiv@divisor           cstackCOMRAM 000003
___awdiv@quotient          cstackCOMRAM 000007
___awdiv@sign              cstackCOMRAM 000006
___heap_hi                 (abs)        000000
___heap_lo                 (abs)        000000
___inthi_sp                stack        000000
___inthi_stack_hi          stack        000000
___inthi_stack_lo          stack        000000
___intlo_sp                stack        000000
___intlo_stack_hi          stack        000000
___intlo_stack_lo          stack        000000
___lmul                    text19       006D6C
___lmul@multiplicand       cstackCOMRAM 000005
___lmul@multiplier         cstackCOMRAM 000001
___lmul@product            cstackCOMRAM 000009
___lwdiv                   text5        006E42
___lwdiv@counter           cstackCOMRAM 000007
___lwdiv@dividend          cstackCOMRAM 000001
___lwdiv@divisor           cstackCOMRAM 000003
___lwdiv@quotient          cstackCOMRAM 000005
___lwmod                   text4        006D08
___lwmod@counter           cstackCOMRAM 000005
___lwmod@dividend          cstackCOMRAM 000001
___lwmod@divisor           cstackCOMRAM 000003
___param_bank              (abs)        000000
___rparam_used             (abs)        000001
___sp                      stack        000000
___stack_hi                stack        000000
___stack_lo                stack        000000
__accesstop                (abs)        000060
__activetblptr             (abs)        000002
__end_of_ADC_Init          text28       006A0E
__end_of_ADC_Read          text27       006BF2
__end_of_ADC_ReadAvg       text26       007018
__end_of_BME_GetData       text18       007DF2
__end_of_BME_Init          text15       006CA4
__end_of_BME_ReadCalib     text17       00734E
__end_of_BME_ReadRegs      text20       007166
__end_of_BME_WriteReg      text16       006AF8
__end_of_I2C_Delay         text25       0069E8
__end_of_I2C_Read          text24       006E42
__end_of_I2C_Start         text23       006A24
__end_of_I2C_Stop          text22       0069FA
__end_of_I2C_Write         text21       006D08
__end_of_OLED_Char         text10       006F9E
__end_of_OLED_Clear        text7        006B6A
__end_of_OLED_ClearLine    text11       006AC0
__end_of_OLED_Comando      text13       006A7A
__end_of_OLED_Dato         text14       006A5C
__end_of_OLED_DrawLabels   text8        006F28
__end_of_OLED_Init         text6        006C44
__end_of_OLED_Num          text3        0070B6
__end_of_OLED_SetCursor    text12       006A98
__end_of_OLED_Str          text9        006BAC
__end_of_OLED_UpdateValues text1        00771C
__end_of___awdiv           text2        007226
__end_of___lmul            text19       006DD6
__end_of___lwdiv           text5        006EB4
__end_of___lwmod           text4        006D6C
__end_of__initialization   cinit        006B26
__end_of_font5x8           mediumconst  007FBA
__end_of_main              text0        00750A
__initialization           cinit        006AF8
__mediumconst              mediumconst  007DF2
__pbssBANK0                bssBANK0     000079
__pbssCOMRAM               bssCOMRAM    00005E
__pcinit                   cinit        006AF8
__pcstackCOMRAM            cstackCOMRAM 000001
__pdataBANK0               dataBANK0    000060
__pidataBANK0              idataBANK0   006A25
__pmediumconst             mediumconst  007DF2
__ptext0                   text0        00734E
__ptext1                   text1        00750A
__ptext10                  text10       006F28
__ptext11                  text11       006A98
__ptext12                  text12       006A7A
__ptext13                  text13       006A5C
__ptext14                  text14       006A3E
__ptext15                  text15       006C44
__ptext16                  text16       006AC0
__ptext17                  text17       007226
__ptext18                  text18       00771C
__ptext19                  text19       006D6C
__ptext2                   text2        007166
__ptext20                  text20       0070B6
__ptext21                  text21       006CA4
__ptext22                  text22       0069E8
__ptext23                  text23       006A0E
__ptext24                  text24       006DD6
__ptext25                  text25       0069DE
__ptext26                  text26       006F9E
__ptext27                  text27       006BAC
__ptext28                  text28       0069FA
__ptext3                   text3        007018
__ptext4                   text4        006D08
__ptext5                   text5        006E42
__ptext6                   text6        006BF2
__ptext7                   text7        006B30
__ptext8                   text8        006EB4
__ptext9                   text9        006B6A
__ramtop                   ramtop       000800
__smallconst               mediumconst  007DF2
_bme_ok                    bssCOMRAM    00005E
_dig_H1                    bssBANK0     000083
_dig_H2                    bssBANK0     00007F
_dig_H3                    bssBANK0     000081
_dig_H4                    bssBANK0     00007D
_dig_H5                    bssBANK0     00007B
_dig_H6                    bssBANK0     000079
_dig_T1                    bssBANK0     000089
_dig_T2                    bssBANK0     000087
_dig_T3                    bssBANK0     000085
_font5x8                   mediumconst  007DF3
_main                      text0        00734E
_main$541                  cstackCOMRAM 000053
end_of_initialization      cinit        006B26
intlevel0                  text         000000
intlevel1                  text         000000
intlevel2                  text         000000
intlevel3                  text         000000
isa$std                    (abs)        000001
isa$xinst                  (abs)        000000
main@a_adc                 cstackCOMRAM 000056
main@bme_hum               cstackCOMRAM 00005A
main@bme_temp              cstackCOMRAM 000058
main@l_adc                 cstackCOMRAM 000054
main@t_adc                 cstackCOMRAM 00005C
main@temp_c                cstackCOMRAM 000051
stackhi                    (abs)        000000
stacklo                    (abs)        000000
start                      init         007FFC
start_initialization       cinit        006AF8


MODULE INFORMATION

Module		Function		Class		Link	Load	Size
C:\Program Files\Microchip\xc8\v3.10\pic\sources\c99\common\lwmod.c
		___lwmod       		CODE           	6D08	0000	100

C:\Program Files\Microchip\xc8\v3.10\pic\sources\c99\common\lwmod.c estimated size: 100

C:\Program Files\Microchip\xc8\v3.10\pic\sources\c99\common\Umul32.c
		___lmul        		CODE           	6D6C	0000	106

C:\Program Files\Microchip\xc8\v3.10\pic\sources\c99\common\Umul32.c estimated size: 106

oled_4sensores.c
		_OLED_Num      		CODE           	7018	0000	158
		_OLED_SetCursor		CODE           	6A7A	0000	30
		_BME_WriteReg  		CODE           	6AC0	0000	56
		_OLED_Str      		CODE           	6B6A	0000	66
		_OLED_Clear    		CODE           	6B30	0000	58
		_OLED_DrawLabels		CODE           	6EB4	0000	116
		_OLED_Comando  		CODE           	6A5C	0000	30
		_BME_Init      		CODE           	6C44	0000	96
		_BME_ReadRegs  		CODE           	70B6	0000	176
		_BME_ReadCalib 		CODE           	7226	0000	296
		_main          		CODE           	734E	0000	444
		_OLED_Char     		CODE           	6F28	0000	118
		_OLED_ClearLine		CODE           	6A98	0000	40
		_BME_GetData   		CODE           	771C	0000	1750
		_OLED_UpdateValues		CODE           	750A	0000	530
		_I2C_Write     		CODE           	6CA4	0000	100
		_OLED_Init     		CODE           	6BF2	0000	82
		_I2C_Stop      		CODE           	69E8	0000	18
		_I2C_Read      		CODE           	6DD6	0000	108
		_I2C_Delay     		CODE           	69DE	0000	10
		_OLED_Dato     		CODE           	6A3E	0000	30
		_ADC_Read      		CODE           	6BAC	0000	70
		_ADC_ReadAvg   		CODE           	6F9E	0000	122
		_I2C_Start     		CODE           	6A0E	0000	22
		_ADC_Init      		CODE           	69FA	0000	20

oled_4sensores.c estimated size: 4546

C:\Program Files\Microchip\xc8\v3.10\pic\sources\c99\common\lwdiv.c
		___lwdiv       		CODE           	6E42	0000	114

C:\Program Files\Microchip\xc8\v3.10\pic\sources\c99\common\lwdiv.c estimated size: 114

C:\Program Files\Microchip\xc8\v3.10\pic\sources\c99\common\awdiv.c
		___awdiv       		CODE           	7166	0000	192

C:\Program Files\Microchip\xc8\v3.10\pic\sources\c99\common\awdiv.c estimated size: 192

shared
		_font5x8       		MEDIUMCONST    	7DF3	0000	455
		__initialization		CODE           	6AF8	0000	46

shared estimated size: 501

