Microchip MPLAB XC8 Compiler V3.10

Linker command line:

-W-3 \
  --edf=C:\Program Files\Microchip\xc8\v3.10\pic\dat\20250813170317_en.msgs \
  -cn -h+dist/default/production\oled_dht.X.production.sym \
  --cmf=dist/default/production\oled_dht.X.production.cmf -z -Q18F4550 \
  -oC:\Users\Lenovo\AppData\Local\Temp\xcAst00.0\driver_tmp_3.o \
  --defsym=__MPLAB_BUILD=1 --fixupoverflow=error \
  -Mdist/default/production/oled_dht.X.production.map \
  --md=C:\Users\Lenovo\AppData\Local\Temp\xcAst00.0\driver_tmp_0.dat -E1 \
  -ver=XC8 Compiler -ACODE=00h-07FFFh -ACONST=00h-07FFFh \
  -ASMALLCONST=0800h-08FFhx120 -AMEDIUMCONST=0800h-07FFFh -ACOMRAM=01h-05Fh \
  -AABS1=00h-07FFh -ABIGRAM=01h-07FFh -ARAM=060h-0FFh,0100h-01FFhx7 \
  -ABANK0=060h-0FFh -ABANK1=0100h-01FFh -ABANK2=0200h-02FFh \
  -ABANK3=0300h-03FFh -ABANK4=0400h-04FFh -ABANK5=0500h-05FFh \
  -ABANK6=0600h-06FFh -ABANK7=0700h-07FFh -ASFR=0F60h-0FFFh \
  -ABIGSFR=0F60h-0FFFh -ACONFIG=0300000h-030000Dh -AIDLOC=0200000h-0200007h \
  -AEEDATA=0F00000h-0F000FFh -peeprom_data=EEDATA \
  -preset_vec=00h,intcode=8h,intcodelo=18h,sivt_lo,sivt_hi=CODE \
  -ppowerup=CODE,init -pramtop=0800h -psmallconst=SMALLCONST \
  -pmediumconst=MEDIUMCONST -pconst=CONST -AFARRAM=00h-00h \
  -prdata=COMRAM,nvrram=COMRAM,nvbit=COMRAM,rbss=COMRAM,rbit=COMRAM \
  -pfarbss=FARRAM,fardata=FARRAM,nvFARRAM=FARRAM \
  -pintsave_regs=BIGRAM,bigbss=BIGRAM,bigdata=BIGRAM -pbss=RAM \
  -pidata=CODE,irdata=CODE,ibigdata=CODE,ifardata=CODE -prparam=COMRAM \
  C:\Users\Lenovo\AppData\Local\Temp\xcAst00.0\driver_tmp_9.o \
  dist/default/production\oled_dht.X.production.o 

Object code version is 3.11

Machine type is 18F4550



                Name                               Link     Load   Length Selector   Space Scale
C:\Users\Lenovo\AppData\Local\Temp\xcAst00.0\driver_tmp_9.o
                config                           300000   300000        8        0       4
                init                               7FFC     7FFC        4     3FFE       0
                reset_vec                             0        0        4        0       0
dist/default/production\oled_dht.X.production.o
                config                           300000   300000        8        0       4
                smallconst                          800      800       1A      400       0
                text17                              D14      D14       14      40D       0
                text16                              B86      B86       46      40D       0
                text15                              9E4      9E4       7A      40D       0
                text14                              D36      D36        A      40D       0
                text13                              CEA      CEA       16      40D       0
                text12                              D00      D00       14      40D       0
                text11                              B34      B34       52      40D       0
                text10                              CCC      CCC       1E      40D       0
                text9                               CAE      CAE       1E      40D       0
                text8                               C90      C90       1E      40D       0
                text7                               BCC      BCC       3A      40D       0
                text6                               C3E      C3E       30      40D       0
                text5                               C6E      C6E       22      40D       0
                text4                               C06      C06       38      40D       0
                text3                               A5E      A5E       72      40D       0
                text2                               AD0      AD0       64      40D       0
                text1                               930      930       B4      40D       0
                text0                               81A      81A      116      40D       0
                cstackCOMRAM                          1        1       22        1       1
                cinit                               D28      D28        E      40D       0

TOTAL           Name                               Link     Load   Length     Space
        CLASS   CODE           
                init                               7FFC     7FFC        4         0
                reset_vec                             0        0        4         0
                text17                              D14      D14       14         0
                text16                              B86      B86       46         0
                text15                              9E4      9E4       7A         0
                text14                              D36      D36        A         0
                text13                              CEA      CEA       16         0
                text12                              D00      D00       14         0
                text11                              B34      B34       52         0
                text10                              CCC      CCC       1E         0
                text9                               CAE      CAE       1E         0
                text8                               C90      C90       1E         0
                text7                               BCC      BCC       3A         0
                text6                               C3E      C3E       30         0
                text5                               C6E      C6E       22         0
                text4                               C06      C06       38         0
                text3                               A5E      A5E       72         0
                text2                               AD0      AD0       64         0
                text1                               930      930       B4         0
                text0                               81A      81A      116         0
                cinit                               D28      D28        E         0

        CLASS   CONST          

        CLASS   SMALLCONST     
                smallconst                          800      800       1A         0

        CLASS   MEDIUMCONST    

        CLASS   COMRAM         
                cstackCOMRAM                          1        1       22         1

        CLASS   ABS1           

        CLASS   BIGRAM         

        CLASS   RAM            

        CLASS   BANK0          

        CLASS   BANK1          

        CLASS   BANK2          

        CLASS   BANK3          

        CLASS   BANK4          

        CLASS   BANK5          

        CLASS   BANK6          

        CLASS   BANK7          

        CLASS   SFR            

        CLASS   BIGSFR         

        CLASS   CONFIG         
                config                           300000   300000        8         4

        CLASS   IDLOC          

        CLASS   EEDATA         

        CLASS   FARRAM         

        CLASS   HEAP           

        CLASS   STACK          



SEGMENTS        Name                           Load    Length   Top    Selector   Space  Class

                reset_vec                      000000  000004  000004         0       0  CODE    
                cstackCOMRAM                   000001  000022  000023         1       1  COMRAM  
                smallconst                     000800  00001A  00081A       400       0  SMALLCON
                text0                          00081A  000526  000D40       40D       0  CODE    
                init                           007FFC  000004  008000      3FFE       0  CODE    


UNUSED ADDRESS RANGES

        Name                Unused          Largest block    Delta
        BANK0            000060-0000FF               A0
        BANK1            000100-0001FF              100
        BANK2            000200-0002FF              100
        BANK3            000300-0003FF              100
        BANK4            000400-0004FF              100
        BANK5            000500-0005FF              100
        BANK6            000600-0006FF              100
        BANK7            000700-0007FF              100
        BIGRAM           000023-0007FF              7DD
        BIGSFR           000F60-000FFF               A0
        CODE             000004-0007FF              7FC
                         000D40-007FFB             72BC
        COMRAM           000023-00005F               3D
        CONFIG           300008-30000D                6
        CONST            000004-0007FF              7FC
                         000D40-007FFB             72BC
        EEDATA           F00000-F000FF              100
        IDLOC            200000-200007                8
        MEDIUMCONST      000D40-007FFB             72BC
        RAM              000060-0007FF              100
        SFR              000F60-000FFF               A0
        SMALLCONST       000D40-007FFB              100

                                  Symbol Table

?_ADC_Read               cstackCOMRAM 000001
?_ADC_ReadAvg            cstackCOMRAM 000006
?___lwdiv                cstackCOMRAM 000001
?___lwmod                cstackCOMRAM 000001
ADC_Read@c               cstackCOMRAM 000005
ADC_ReadAvg@c            cstackCOMRAM 00000C
ADC_ReadAvg@i            cstackCOMRAM 000011
ADC_ReadAvg@s            cstackCOMRAM 00000D
I2C_Write@data           cstackCOMRAM 000002
I2C_Write@i              cstackCOMRAM 000003
OLED_Char@i              cstackCOMRAM 000005
OLED_Clear@i             cstackCOMRAM 000008
OLED_Clear@j             cstackCOMRAM 000007
OLED_Comando@cmd         cstackCOMRAM 000004
OLED_Dato@d              cstackCOMRAM 000004
OLED_Numero@buf          cstackCOMRAM 00000D
OLED_Numero@c            cstackCOMRAM 00000A
OLED_Numero@i            cstackCOMRAM 000014
OLED_Numero@num          cstackCOMRAM 00000B
OLED_Numero@p            cstackCOMRAM 000013
OLED_SetCursor@c         cstackCOMRAM 000005
OLED_SetCursor@p         cstackCOMRAM 000006
OLED_String@c            cstackCOMRAM 000007
OLED_String@p            cstackCOMRAM 000009
OLED_String@t            cstackCOMRAM 000008
_ADCON0                  (abs)        000FC2
_ADCON0bits              (abs)        000FC2
_ADCON1                  (abs)        000FC1
_ADCON2                  (abs)        000FC0
_ADC_Init                text17       000D14
_ADC_Read                text16       000B86
_ADC_ReadAvg             text15       0009E4
_ADRESH                  (abs)        000FC4
_ADRESL                  (abs)        000FC3
_I2C_Delay               text14       000D36
_I2C_Start               text13       000CEA
_I2C_Stop                text12       000D00
_I2C_Write               text11       000B34
_LATBbits                (abs)        000F8A
_OLED_Char               text5        000C6E
_OLED_Clear              text7        000BCC
_OLED_Comando            text9        000CAE
_OLED_Dato               text10       000CCC
_OLED_Init               text6        000C3E
_OLED_Numero             text1        000930
_OLED_SetCursor          text8        000C90
_OLED_String             text4        000C06
_OSCCON                  (abs)        000FD3
_TRISAbits               (abs)        000F92
_TRISBbits               (abs)        000F93
__HRAM                   (abs)        000000
__H__absolute__          __absolute__ 000000
__Habs1                  abs1         000000
__Hbank0                 bank0        000000
__Hbank1                 bank1        000000
__Hbank2                 bank2        000000
__Hbank3                 bank3        000000
__Hbank4                 bank4        000000
__Hbank5                 bank5        000000
__Hbank6                 bank6        000000
__Hbank7                 bank7        000000
__Hbigbss                bigbss       000000
__Hbigdata               bigdata      000000
__Hbigram                bigram       000000
__Hbigsfr                bigsfr       000000
__Hbss                   bss          000000
__Hcinit                 cinit        000000
__Hclrtext               clrtext      000000
__Hcomram                comram       000000
__Hconfig                config       300008
__Hconst                 const        000000
__HcstackCOMRAM          cstackCOMRAM 000000
__Hdata                  data         000000
__Heeprom_data           eeprom_data  000000
__Hfarbss                farbss       000000
__Hfardata               fardata      000000
__Hheap                  heap         000000
__Hibigdata              ibigdata     000000
__Hidata                 idata        000000
__Hidloc                 idloc        000000
__Hifardata              ifardata     000000
__Hinit                  init         008000
__Hintcode               intcode      000008
__Hintcode_body          intcode_body 000000
__Hintcodelo             intcodelo    000018
__Hintentry              intentry     000000
__Hintret                intret       000000
__Hintsave_regs          intsave_regs 000000
__Hirdata                irdata       000000
__Hmediumconst           mediumconst  000000
__HnvFARRAM              nvFARRAM     000000
__Hnvbit                 nvbit        000000
__Hnvrram                nvrram       000000
__Hparam                 rparam       000000
__Hpowerup               powerup      000000
__Hram                   ram          000000
__Hramtop                ramtop       000800
__Hrbit                  rbit         000000
__Hrbss                  rbss         000000
__Hrdata                 rdata        000000
__Hreset_vec             reset_vec    000004
__Hrparam                rparam       000000
__Hsfr                   sfr          000000
__Hsivt_hi               sivt_hi      000000
__Hsivt_lo               sivt_lo      000018
__Hsmallconst            smallconst   00081A
__Hspace_0               (abs)        008000
__Hspace_1               (abs)        000023
__Hspace_2               (abs)        000000
__Hspace_4               (abs)        600008
__Hstack                 stack        000000
__Hstruct                struct       000000
__Htemp                  temp         000000
__Htext                  text         000000
__Htext0                 text0        000000
__Htext1                 text1        000000
__Htext10                text10       000000
__Htext11                text11       000000
__Htext12                text12       000000
__Htext13                text13       000000
__Htext14                text14       000000
__Htext15                text15       000000
__Htext16                text16       000000
__Htext17                text17       000000
__Htext2                 text2        000000
__Htext3                 text3        000000
__Htext4                 text4        000000
__Htext5                 text5        000000
__Htext6                 text6        000000
__Htext7                 text7        000000
__Htext8                 text8        000000
__Htext9                 text9        000000
__LRAM                   (abs)        000001
__L__absolute__          __absolute__ 000000
__Labs1                  abs1         000000
__Lbank0                 bank0        000000
__Lbank1                 bank1        000000
__Lbank2                 bank2        000000
__Lbank3                 bank3        000000
__Lbank4                 bank4        000000
__Lbank5                 bank5        000000
__Lbank6                 bank6        000000
__Lbank7                 bank7        000000
__Lbigbss                bigbss       000000
__Lbigdata               bigdata      000000
__Lbigram                bigram       000000
__Lbigsfr                bigsfr       000000
__Lbss                   bss          000000
__Lcinit                 cinit        000000
__Lclrtext               clrtext      000000
__Lcomram                comram       000000
__Lconfig                config       000000
__Lconst                 const        000000
__LcstackCOMRAM          cstackCOMRAM 000000
__Ldata                  data         000000
__Leeprom_data           eeprom_data  000000
__Lfarbss                farbss       000000
__Lfardata               fardata      000000
__Lheap                  heap         000000
__Libigdata              ibigdata     000000
__Lidata                 idata        000000
__Lidloc                 idloc        000000
__Lifardata              ifardata     000000
__Linit                  init         007FFC
__Lintcode               intcode      000008
__Lintcode_body          intcode_body 000000
__Lintcodelo             intcodelo    000018
__Lintentry              intentry     000000
__Lintret                intret       000000
__Lintsave_regs          intsave_regs 000000
__Lirdata                irdata       000000
__Lmediumconst           mediumconst  000000
__LnvFARRAM              nvFARRAM     000000
__Lnvbit                 nvbit        000000
__Lnvrram                nvrram       000000
__Lparam                 rparam       000000
__Lpowerup               powerup      000000
__Lram                   ram          000000
__Lramtop                ramtop       000800
__Lrbit                  rbit         000000
__Lrbss                  rbss         000000
__Lrdata                 rdata        000000
__Lreset_vec             reset_vec    000000
__Lrparam                rparam       000000
__Lsfr                   sfr          000000
__Lsivt_hi               sivt_hi      000000
__Lsivt_lo               sivt_lo      000018
__Lsmallconst            smallconst   000800
__Lspace_0               (abs)        000000
__Lspace_1               (abs)        000000
__Lspace_2               (abs)        000000
__Lspace_4               (abs)        000000
__Lstack                 stack        000000
__Lstruct                struct       000000
__Ltemp                  temp         000000
__Ltext                  text         000000
__Ltext0                 text0        000000
__Ltext1                 text1        000000
__Ltext10                text10       000000
__Ltext11                text11       000000
__Ltext12                text12       000000
__Ltext13                text13       000000
__Ltext14                text14       000000
__Ltext15                text15       000000
__Ltext16                text16       000000
__Ltext17                text17       000000
__Ltext2                 text2        000000
__Ltext3                 text3        000000
__Ltext4                 text4        000000
__Ltext5                 text5        000000
__Ltext6                 text6        000000
__Ltext7                 text7        000000
__Ltext8                 text8        000000
__Ltext9                 text9        000000
__S0                     (abs)        008000
__S1                     (abs)        000023
__S4                     (abs)        000000
__S5                     (abs)        000000
___heap_hi               (abs)        000000
___heap_lo               (abs)        000000
___inthi_sp              stack        000000
___inthi_stack_hi        stack        000000
___inthi_stack_lo        stack        000000
___intlo_sp              stack        000000
___intlo_stack_hi        stack        000000
___intlo_stack_lo        stack        000000
___lwdiv                 text3        000A5E
___lwdiv@counter         cstackCOMRAM 000007
___lwdiv@dividend        cstackCOMRAM 000001
___lwdiv@divisor         cstackCOMRAM 000003
___lwdiv@quotient        cstackCOMRAM 000005
___lwmod                 text2        000AD0
___lwmod@counter         cstackCOMRAM 000005
___lwmod@dividend        cstackCOMRAM 000001
___lwmod@divisor         cstackCOMRAM 000003
___param_bank            (abs)        000000
___rparam_used           (abs)        000001
___sp                    stack        000000
___stack_hi              stack        000000
___stack_lo              stack        000000
__accesstop              (abs)        000060
__activetblptr           (abs)        000001
__end_of_ADC_Init        text17       000D28
__end_of_ADC_Read        text16       000BCC
__end_of_ADC_ReadAvg     text15       000A5E
__end_of_I2C_Delay       text14       000D40
__end_of_I2C_Start       text13       000D00
__end_of_I2C_Stop        text12       000D14
__end_of_I2C_Write       text11       000B86
__end_of_OLED_Char       text5        000C90
__end_of_OLED_Clear      text7        000C06
__end_of_OLED_Comando    text9        000CCC
__end_of_OLED_Dato       text10       000CEA
__end_of_OLED_Init       text6        000C6E
__end_of_OLED_Numero     text1        0009E4
__end_of_OLED_SetCursor  text8        000CAE
__end_of_OLED_String     text4        000C3E
__end_of___lwdiv         text3        000AD0
__end_of___lwmod         text2        000B34
__end_of__initialization cinit        000D28
__end_of_main            text0        000930
__initialization         cinit        000D28
__mediumconst            smallconst   000800
__pcinit                 cinit        000D28
__pcstackCOMRAM          cstackCOMRAM 000001
__psmallconst            smallconst   000800
__ptext0                 text0        00081A
__ptext1                 text1        000930
__ptext10                text10       000CCC
__ptext11                text11       000B34
__ptext12                text12       000D00
__ptext13                text13       000CEA
__ptext14                text14       000D36
__ptext15                text15       0009E4
__ptext16                text16       000B86
__ptext17                text17       000D14
__ptext2                 text2        000AD0
__ptext3                 text3        000A5E
__ptext4                 text4        000C06
__ptext5                 text5        000C6E
__ptext6                 text6        000C3E
__ptext7                 text7        000BCC
__ptext8                 text8        000C90
__ptext9                 text9        000CAE
__ramtop                 ramtop       000800
__smallconst             smallconst   000800
_main                    text0        00081A
end_of_initialization    cinit        000D28
intlevel0                text         000000
intlevel1                text         000000
intlevel2                text         000000
intlevel3                text         000000
isa$std                  (abs)        000001
isa$xinst                (abs)        000000
main@a                   cstackCOMRAM 00001F
main@l                   cstackCOMRAM 00001D
main@t                   cstackCOMRAM 00001B
main@temp                cstackCOMRAM 000021
stackhi                  (abs)        000000
stacklo                  (abs)        000000
start                    init         007FFC
start_initialization     cinit        000D28


MODULE INFORMATION

Module		Function		Class		Link	Load	Size
C:\Program Files\Microchip\xc8\v3.10\pic\sources\c99\common\lwmod.c
		___lwmod       		CODE           	0AD0	0000	100

C:\Program Files\Microchip\xc8\v3.10\pic\sources\c99\common\lwmod.c estimated size: 100

oled_dht.c
		_OLED_SetCursor		CODE           	0C90	0000	30
		_OLED_Numero   		CODE           	0930	0000	180
		_OLED_Clear    		CODE           	0BCC	0000	58
		_OLED_String   		CODE           	0C06	0000	56
		_OLED_Comando  		CODE           	0CAE	0000	30
		_main          		CODE           	081A	0000	278
		_OLED_Char     		CODE           	0C6E	0000	34
		_I2C_Write     		CODE           	0B34	0000	82
		_OLED_Init     		CODE           	0C3E	0000	48
		_I2C_Stop      		CODE           	0D00	0000	20
		_I2C_Delay     		CODE           	0D36	0000	10
		_OLED_Dato     		CODE           	0CCC	0000	30
		_ADC_Read      		CODE           	0B86	0000	70
		_ADC_ReadAvg   		CODE           	09E4	0000	122
		_I2C_Start     		CODE           	0CEA	0000	22
		_ADC_Init      		CODE           	0D14	0000	20

oled_dht.c estimated size: 1090

C:\Program Files\Microchip\xc8\v3.10\pic\sources\c99\common\lwdiv.c
		___lwdiv       		CODE           	0A5E	0000	114

C:\Program Files\Microchip\xc8\v3.10\pic\sources\c99\common\lwdiv.c estimated size: 114

shared
		__initialization		CODE           	0D28	0000	1

shared estimated size: 1

