

Microchip MPLAB XC8 Assembler V3.10 build 20250813170317 
                                                                                               Tue Apr 14 08:23:24 2026

Microchip MPLAB XC8 C Compiler v3.10 (Free license) build 20250813170317 Og1 
     1                           	processor	18F4550
     2                           	fnconf	rparam,??,?,0
     3                           	pagewidth 120
     4                           	opt	flic
     5                           	psect	idataCOMRAM,global,class=CODE,space=0,delta=1,noexec
     6                           	psect	cinit,global,reloc=2,class=CODE,space=0,delta=1
     7                           	psect	dataCOMRAM,global,class=COMRAM,space=1,delta=1,lowdata,noexec
     8                           	psect	cstackCOMRAM,global,class=COMRAM,space=1,delta=1,lowdata,noexec
     9                           	psect	text0,global,reloc=2,class=CODE,space=0,delta=1
    10                           	psect	text1,global,reloc=2,class=CODE,space=0,delta=1
    11                           	psect	text2,global,reloc=2,class=CODE,space=0,delta=1
    12                           	psect	smallconst,global,reloc=2,class=SMALLCONST,space=0,delta=1,noexec
    13                           	psect	intsave_regs,global,class=BIGRAM,space=1,delta=1,noexec
    14                           	psect	rparam,global,class=COMRAM,space=1,delta=1,noexec
    15                           	psect	config,global,abs,ovrld,class=CONFIG,space=4,delta=1,noexec
    16   000000                     
    17                           ; Generated 17/01/2025 GMT
    18                           ; 
    19                           ; Copyright © 2025, Microchip Technology Inc. and its subsidiaries ("Microchip")
    20                           ; All rights reserved.
    21                           ; 
    22                           ; This software is developed by Microchip Technology Inc. and its subsidiaries ("Microch
      +                          ip").
    23                           ; 
    24                           ; Redistribution and use in source and binary forms, with or without modification, are
    25                           ; permitted provided that the following conditions are met:
    26                           ; 
    27                           ;     1. Redistributions of source code must retain the above copyright notice, this lis
      +                          t of
    28                           ;        conditions and the following disclaimer.
    29                           ; 
    30                           ;     2. Redistributions in binary form must reproduce the above copyright notice, this 
      +                          list
    31                           ;        of conditions and the following disclaimer in the documentation and/or other
    32                           ;        materials provided with the distribution. Publication is not required when
    33                           ;        this file is used in an embedded application.
    34                           ; 
    35                           ;     3. Microchip's name may not be used to endorse or promote products derived from th
      +                          is
    36                           ;        software without specific prior written permission.
    37                           ; 
    38                           ; THIS SOFTWARE IS PROVIDED BY MICROCHIP "AS IS" AND ANY EXPRESS OR IMPLIED WARRANTIES,
    39                           ; INCLUDING, BUT NOT LIMITED TO, THE IMPLIED WARRANTIES OF MERCHANTABILITY AND FITNESS F
      +                          OR
    40                           ; PURPOSE ARE DISCLAIMED.  IN NO EVENT SHALL MICROCHIP BE LIABLE FOR ANY DIRECT, INDIREC
      +                          T,
    41                           ; INCIDENTAL, SPECIAL, EXEMPLARY, OR CONSEQUENTIAL DAMAGES (INCLUDING BUT NOT LIMITED TO
    42                           ; PROCUREMENT OF SUBSTITUTE GOODS OR SERVICES; LOSS OF USE, DATA OR PROFITS; OR BUSINESS
    43                           ; INTERRUPTION) HOWSOEVER CAUSED AND ON ANY THEORY OF LIABILITY, WHETHER IN CONTRACT, ST
      +                          RICT
    44                           ; LIABILITY, OR TORT (INCLUDING NEGLIGENCE OR OTHERWISE) ARISING IN ANY WAY OUT OF THE U
      +                          SE OF
    45                           ; THIS SOFTWARE, EVEN IF ADVISED OF THE POSSIBILITY OF SUCH DAMAGE.
    46                           ; 
    47                           ; 
    48                           ; Code-generator required, PIC18F4550 Definitions
    49                           ; 
    50                           ; SFR Addresses
    51   000FE0                     bsr             equ	4064
    52   000FE9                     fsr0            equ	4073
    53   000FEA                     fsr0h           equ	4074
    54   000FE9                     fsr0l           equ	4073
    55   000FE1                     fsr1            equ	4065
    56   000FE2                     fsr1h           equ	4066
    57   000FE1                     fsr1l           equ	4065
    58   000FD9                     fsr2            equ	4057
    59   000FDA                     fsr2h           equ	4058
    60   000FD9                     fsr2l           equ	4057
    61   000FEF                     indf0           equ	4079
    62   000FE7                     indf1           equ	4071
    63   000FDF                     indf2           equ	4063
    64   000FF2                     intcon          equ	4082
    65   000000                     nvmcon          equ	0
    66   000FF9                     pcl             equ	4089
    67   000FFA                     pclath          equ	4090
    68   000FFB                     pclatu          equ	4091
    69   000FEB                     plusw0          equ	4075
    70   000FE3                     plusw1          equ	4067
    71   000FDB                     plusw2          equ	4059
    72   000FED                     postdec0        equ	4077
    73   000FE5                     postdec1        equ	4069
    74   000FDD                     postdec2        equ	4061
    75   000FEE                     postinc0        equ	4078
    76   000FE6                     postinc1        equ	4070
    77   000FDE                     postinc2        equ	4062
    78   000FEC                     preinc0         equ	4076
    79   000FE4                     preinc1         equ	4068
    80   000FDC                     preinc2         equ	4060
    81   000FF3                     prod            equ	4083
    82   000FF4                     prodh           equ	4084
    83   000FF3                     prodl           equ	4083
    84   000FD8                     status          equ	4056
    85   000FF5                     tablat          equ	4085
    86   000FF6                     tblptr          equ	4086
    87   000FF7                     tblptrh         equ	4087
    88   000FF6                     tblptrl         equ	4086
    89   000FF8                     tblptru         equ	4088
    90   000FFD                     tosl            equ	4093
    91   000FE8                     wreg            equ	4072
    92   000F62                     SPPDATA         equ	3938	;# 
    93   000F63                     SPPCFG          equ	3939	;# 
    94   000F64                     SPPEPS          equ	3940	;# 
    95   000F65                     SPPCON          equ	3941	;# 
    96   000F66                     UFRM            equ	3942	;# 
    97   000F66                     UFRML           equ	3942	;# 
    98   000F67                     UFRMH           equ	3943	;# 
    99   000F68                     UIR             equ	3944	;# 
   100   000F69                     UIE             equ	3945	;# 
   101   000F6A                     UEIR            equ	3946	;# 
   102   000F6B                     UEIE            equ	3947	;# 
   103   000F6C                     USTAT           equ	3948	;# 
   104   000F6D                     UCON            equ	3949	;# 
   105   000F6E                     UADDR           equ	3950	;# 
   106   000F6F                     UCFG            equ	3951	;# 
   107   000F70                     UEP0            equ	3952	;# 
   108   000F71                     UEP1            equ	3953	;# 
   109   000F72                     UEP2            equ	3954	;# 
   110   000F73                     UEP3            equ	3955	;# 
   111   000F74                     UEP4            equ	3956	;# 
   112   000F75                     UEP5            equ	3957	;# 
   113   000F76                     UEP6            equ	3958	;# 
   114   000F77                     UEP7            equ	3959	;# 
   115   000F78                     UEP8            equ	3960	;# 
   116   000F79                     UEP9            equ	3961	;# 
   117   000F7A                     UEP10           equ	3962	;# 
   118   000F7B                     UEP11           equ	3963	;# 
   119   000F7C                     UEP12           equ	3964	;# 
   120   000F7D                     UEP13           equ	3965	;# 
   121   000F7E                     UEP14           equ	3966	;# 
   122   000F7F                     UEP15           equ	3967	;# 
   123   000F80                     PORTA           equ	3968	;# 
   124   000F81                     PORTB           equ	3969	;# 
   125   000F82                     PORTC           equ	3970	;# 
   126   000F83                     PORTD           equ	3971	;# 
   127   000F84                     PORTE           equ	3972	;# 
   128   000F89                     LATA            equ	3977	;# 
   129   000F8A                     LATB            equ	3978	;# 
   130   000F8B                     LATC            equ	3979	;# 
   131   000F8C                     LATD            equ	3980	;# 
   132   000F8D                     LATE            equ	3981	;# 
   133   000F92                     TRISA           equ	3986	;# 
   134   000F92                     DDRA            equ	3986	;# 
   135   000F93                     TRISB           equ	3987	;# 
   136   000F93                     DDRB            equ	3987	;# 
   137   000F94                     TRISC           equ	3988	;# 
   138   000F94                     DDRC            equ	3988	;# 
   139   000F95                     TRISD           equ	3989	;# 
   140   000F95                     DDRD            equ	3989	;# 
   141   000F96                     TRISE           equ	3990	;# 
   142   000F96                     DDRE            equ	3990	;# 
   143   000F9B                     OSCTUNE         equ	3995	;# 
   144   000F9D                     PIE1            equ	3997	;# 
   145   000F9E                     PIR1            equ	3998	;# 
   146   000F9F                     IPR1            equ	3999	;# 
   147   000FA0                     PIE2            equ	4000	;# 
   148   000FA1                     PIR2            equ	4001	;# 
   149   000FA2                     IPR2            equ	4002	;# 
   150   000FA6                     EECON1          equ	4006	;# 
   151   000FA7                     EECON2          equ	4007	;# 
   152   000FA8                     EEDATA          equ	4008	;# 
   153   000FA9                     EEADR           equ	4009	;# 
   154   000FAB                     RCSTA           equ	4011	;# 
   155   000FAB                     RCSTA1          equ	4011	;# 
   156   000FAC                     TXSTA           equ	4012	;# 
   157   000FAC                     TXSTA1          equ	4012	;# 
   158   000FAD                     TXREG           equ	4013	;# 
   159   000FAD                     TXREG1          equ	4013	;# 
   160   000FAE                     RCREG           equ	4014	;# 
   161   000FAE                     RCREG1          equ	4014	;# 
   162   000FAF                     SPBRG           equ	4015	;# 
   163   000FAF                     SPBRG1          equ	4015	;# 
   164   000FB0                     SPBRGH          equ	4016	;# 
   165   000FB1                     T3CON           equ	4017	;# 
   166   000FB2                     TMR3            equ	4018	;# 
   167   000FB2                     TMR3L           equ	4018	;# 
   168   000FB3                     TMR3H           equ	4019	;# 
   169   000FB4                     CMCON           equ	4020	;# 
   170   000FB5                     CVRCON          equ	4021	;# 
   171   000FB6                     ECCP1AS         equ	4022	;# 
   172   000FB6                     CCP1AS          equ	4022	;# 
   173   000FB7                     ECCP1DEL        equ	4023	;# 
   174   000FB7                     CCP1DEL         equ	4023	;# 
   175   000FB8                     BAUDCON         equ	4024	;# 
   176   000FB8                     BAUDCTL         equ	4024	;# 
   177   000FBA                     CCP2CON         equ	4026	;# 
   178   000FBB                     CCPR2           equ	4027	;# 
   179   000FBB                     CCPR2L          equ	4027	;# 
   180   000FBC                     CCPR2H          equ	4028	;# 
   181   000FBD                     CCP1CON         equ	4029	;# 
   182   000FBD                     ECCP1CON        equ	4029	;# 
   183   000FBE                     CCPR1           equ	4030	;# 
   184   000FBE                     CCPR1L          equ	4030	;# 
   185   000FBF                     CCPR1H          equ	4031	;# 
   186   000FC0                     ADCON2          equ	4032	;# 
   187   000FC1                     ADCON1          equ	4033	;# 
   188   000FC2                     ADCON0          equ	4034	;# 
   189   000FC3                     ADRES           equ	4035	;# 
   190   000FC3                     ADRESL          equ	4035	;# 
   191   000FC4                     ADRESH          equ	4036	;# 
   192   000FC5                     SSPCON2         equ	4037	;# 
   193   000FC6                     SSPCON1         equ	4038	;# 
   194   000FC7                     SSPSTAT         equ	4039	;# 
   195   000FC8                     SSPADD          equ	4040	;# 
   196   000FC9                     SSPBUF          equ	4041	;# 
   197   000FCA                     T2CON           equ	4042	;# 
   198   000FCB                     PR2             equ	4043	;# 
   199   000FCB                     MEMCON          equ	4043	;# 
   200   000FCC                     TMR2            equ	4044	;# 
   201   000FCD                     T1CON           equ	4045	;# 
   202   000FCE                     TMR1            equ	4046	;# 
   203   000FCE                     TMR1L           equ	4046	;# 
   204   000FCF                     TMR1H           equ	4047	;# 
   205   000FD0                     RCON            equ	4048	;# 
   206   000FD1                     WDTCON          equ	4049	;# 
   207   000FD2                     HLVDCON         equ	4050	;# 
   208   000FD2                     LVDCON          equ	4050	;# 
   209   000FD3                     OSCCON          equ	4051	;# 
   210   000FD5                     T0CON           equ	4053	;# 
   211   000FD6                     TMR0            equ	4054	;# 
   212   000FD6                     TMR0L           equ	4054	;# 
   213   000FD7                     TMR0H           equ	4055	;# 
   214   000FD8                     STATUS          equ	4056	;# 
   215   000FD9                     FSR2            equ	4057	;# 
   216   000FD9                     FSR2L           equ	4057	;# 
   217   000FDA                     FSR2H           equ	4058	;# 
   218   000FDB                     PLUSW2          equ	4059	;# 
   219   000FDC                     PREINC2         equ	4060	;# 
   220   000FDD                     POSTDEC2        equ	4061	;# 
   221   000FDE                     POSTINC2        equ	4062	;# 
   222   000FDF                     INDF2           equ	4063	;# 
   223   000FE0                     BSR             equ	4064	;# 
   224   000FE1                     FSR1            equ	4065	;# 
   225   000FE1                     FSR1L           equ	4065	;# 
   226   000FE2                     FSR1H           equ	4066	;# 
   227   000FE3                     PLUSW1          equ	4067	;# 
   228   000FE4                     PREINC1         equ	4068	;# 
   229   000FE5                     POSTDEC1        equ	4069	;# 
   230   000FE6                     POSTINC1        equ	4070	;# 
   231   000FE7                     INDF1           equ	4071	;# 
   232   000FE8                     WREG            equ	4072	;# 
   233   000FE9                     FSR0            equ	4073	;# 
   234   000FE9                     FSR0L           equ	4073	;# 
   235   000FEA                     FSR0H           equ	4074	;# 
   236   000FEB                     PLUSW0          equ	4075	;# 
   237   000FEC                     PREINC0         equ	4076	;# 
   238   000FED                     POSTDEC0        equ	4077	;# 
   239   000FEE                     POSTINC0        equ	4078	;# 
   240   000FEF                     INDF0           equ	4079	;# 
   241   000FF0                     INTCON3         equ	4080	;# 
   242   000FF1                     INTCON2         equ	4081	;# 
   243   000FF2                     INTCON          equ	4082	;# 
   244   000FF3                     PROD            equ	4083	;# 
   245   000FF3                     PRODL           equ	4083	;# 
   246   000FF4                     PRODH           equ	4084	;# 
   247   000FF5                     TABLAT          equ	4085	;# 
   248   000FF6                     TBLPTR          equ	4086	;# 
   249   000FF6                     TBLPTRL         equ	4086	;# 
   250   000FF7                     TBLPTRH         equ	4087	;# 
   251   000FF8                     TBLPTRU         equ	4088	;# 
   252   000FF9                     PCLAT           equ	4089	;# 
   253   000FF9                     PC              equ	4089	;# 
   254   000FF9                     PCL             equ	4089	;# 
   255   000FFA                     PCLATH          equ	4090	;# 
   256   000FFB                     PCLATU          equ	4091	;# 
   257   000FFC                     STKPTR          equ	4092	;# 
   258   000FFD                     TOS             equ	4093	;# 
   259   000FFD                     TOSL            equ	4093	;# 
   260   000FFE                     TOSH            equ	4094	;# 
   261   000FFF                     TOSU            equ	4095	;# 
   262                           
   263                           	psect	idataCOMRAM
   264   0008C0                     __pidataCOMRAM:
   265                           	callstack 0
   266                           
   267                           ;initializer for main@F3347
   268   0008C0  30                 	db	48
   269   0008C1  31                 	db	49
   270   0008C2  32                 	db	50
   271   0008C3  33                 	db	51
   272   0008C4  34                 	db	52
   273   0008C5  35                 	db	53
   274   0008C6  36                 	db	54
   275   0008C7  37                 	db	55
   276   0008C8  38                 	db	56
   277   0008C9  39                 	db	57
   278   0008CA  0D                 	db	13
   279   0008CB  0A                 	db	10
   280   0008CC  00                 	db	0
   281   000FD3                     _OSCCON         set	4051
   282   000FAD                     _TXREG          set	4013
   283   000F9E                     _PIR1bits       set	3998
   284   000FAB                     _RCSTAbits      set	4011
   285   000FAC                     _TXSTAbits      set	4012
   286   000FB8                     _BAUDCONbits    set	4024
   287   000FB0                     _SPBRGH         set	4016
   288   000FAF                     _SPBRG          set	4015
   289   000F94                     _TRISCbits      set	3988
   290                           
   291                           ; #config settings
   292                           
   293                           	psect	cinit
   294   00086E                     __pcinit:
   295                           	callstack 0
   296   00086E                     start_initialization:
   297                           	callstack 0
   298   00086E                     __initialization:
   299                           	callstack 0
   300                           
   301                           ; Initialize objects allocated to COMRAM (13 bytes)
   302                           ; load TBLPTR registers with __pidataCOMRAM
   303   00086E  0EC0               	movlw	low __pidataCOMRAM
   304   000870  6EF6               	movwf	tblptrl,c
   305   000872  0E08               	movlw	high __pidataCOMRAM
   306   000874  6EF7               	movwf	tblptrh,c
   307   000876  0E00               	movlw	low (__pidataCOMRAM shr (0+16))
   308   000878  6EF8               	movwf	tblptru,c
   309   00087A  EE00  F013         	lfsr	0,__pdataCOMRAM
   310   00087E  EE10 F00D          	lfsr	1,13
   311   000882                     copy_data0:
   312   000882  0009               	tblrd		*+
   313   000884  CFF5 FFEE          	movff	tablat,postinc0
   314   000888  50E5               	movf	postdec1,w,c
   315   00088A  50E1               	movf	fsr1l,w,c
   316   00088C  E1FA               	bnz	copy_data0
   317   00088E                     end_of_initialization:
   318                           	callstack 0
   319   00088E                     __end_of__initialization:
   320                           	callstack 0
   321   00088E  0100               	movlb	0
   322   000890  EF01  F004         	goto	_main	;jump to C main() function
   323                           
   324                           	psect	dataCOMRAM
   325   000013                     __pdataCOMRAM:
   326                           	callstack 0
   327   000013                     main@F3347:
   328                           	callstack 0
   329   000013                     	ds	13
   330                           
   331                           	psect	cstackCOMRAM
   332   000001                     __pcstackCOMRAM:
   333                           	callstack 0
   334   000001                     UART_Write@data:
   335                           	callstack 0
   336   000001                     
   337                           ; 1 bytes @ 0x0
   338   000001                     	ds	1
   339   000002                     ??_main:
   340                           
   341                           ; 1 bytes @ 0x1
   342   000002                     	ds	2
   343   000004                     main@mensaje:
   344                           	callstack 0
   345                           
   346                           ; 13 bytes @ 0x3
   347   000004                     	ds	13
   348   000011                     main@i:
   349                           	callstack 0
   350                           
   351                           ; 2 bytes @ 0x10
   352   000011                     	ds	2
   353                           
   354 ;;
   355 ;;Main: autosize = 0, tempsize = 2, incstack = 0, save=0
   356 ;;
   357 ;; *************** function _main *****************
   358 ;; Defined at:
   359 ;;		line 38 in file "usb_pic.c"
   360 ;; Parameters:    Size  Location     Type
   361 ;;		None
   362 ;; Auto vars:     Size  Location     Type
   363 ;;  i               2   16[COMRAM] int 
   364 ;;  mensaje        13    3[COMRAM] unsigned char [13]
   365 ;; Return value:  Size  Location     Type
   366 ;;                  1    wreg      void 
   367 ;; Registers used:
   368 ;;		wreg, fsr1l, fsr1h, fsr2l, fsr2h, status,2, status,0, cstack
   369 ;; Tracked objects:
   370 ;;		On entry : 0/0
   371 ;;		On exit  : 0/0
   372 ;;		Unchanged: 0/0
   373 ;; Data sizes:     COMRAM   BANK0   BANK1   BANK2   BANK3   BANK4   BANK5   BANK6   BANK7
   374 ;;      Params:         0       0       0       0       0       0       0       0       0
   375 ;;      Locals:        15       0       0       0       0       0       0       0       0
   376 ;;      Temps:          2       0       0       0       0       0       0       0       0
   377 ;;      Totals:        17       0       0       0       0       0       0       0       0
   378 ;;Total ram usage:       17 bytes
   379 ;; Hardware stack levels required when called: 1
   380 ;; This function calls:
   381 ;;		_UART_Init
   382 ;;		_UART_Write
   383 ;; This function is called by:
   384 ;;		Startup code after reset
   385 ;; This function uses a non-reentrant model
   386 ;;
   387                           
   388                           	psect	text0
   389   000802                     __ptext0:
   390                           	callstack 0
   391   000802                     _main:
   392                           	callstack 30
   393   000802  0E72               	movlw	114
   394   000804  6ED3               	movwf	211,c	;volatile
   395   000806  EC55  F004         	call	_UART_Init	;wreg free
   396   00080A                     l852:
   397   00080A  EE20  F013         	lfsr	2,main@F3347
   398   00080E  EE10  F004         	lfsr	1,main@mensaje
   399   000812  0E0C               	movlw	12
   400   000814                     u21:
   401   000814  CFDB FFE3          	movff	plusw2,plusw1
   402   000818  06E8               	decf	wreg,f,c
   403   00081A  E2FC               	bc	u21
   404   00081C  6A12               	clrf	(main@i+1)^0,c
   405   00081E  0E00               	movlw	0
   406   000820  6E11               	movwf	main@i^0,c
   407   000822  EF1C  F004         	goto	l860
   408   000826                     l856:
   409   000826  5011               	movf	main@i^0,w,c
   410   000828  0F04               	addlw	low main@mensaje
   411   00082A  6ED9               	movwf	fsr2l,c
   412   00082C  6ADA               	clrf	fsr2h,c
   413   00082E  50DF               	movf	indf2,w,c
   414   000830  EC4A  F004         	call	_UART_Write
   415   000834  4A11               	infsnz	main@i^0,f,c
   416   000836  2A12               	incf	(main@i+1)^0,f,c
   417   000838                     l860:
   418   000838  5011               	movf	main@i^0,w,c
   419   00083A  0F04               	addlw	low main@mensaje
   420   00083C  6ED9               	movwf	fsr2l,c
   421   00083E  6ADA               	clrf	fsr2h,c
   422   000840  50DF               	movf	indf2,w,c
   423   000842  A4D8               	btfss	status,2,c
   424   000844  EF26  F004         	goto	u31
   425   000848  EF28  F004         	goto	u30
   426   00084C                     u31:
   427   00084C  EF13  F004         	goto	l856
   428   000850                     u30:
   429   000850  0E0B               	movlw	11
   430   000852  6E03               	movwf	(??_main+1)^0,c
   431   000854  0E26               	movlw	38
   432   000856  6E02               	movwf	??_main^0,c
   433   000858  0E5E               	movlw	94
   434   00085A                     u47:
   435   00085A  2EE8               	decfsz	wreg,f,c
   436   00085C  D7FE               	bra	u47
   437   00085E  2E02               	decfsz	??_main^0,f,c
   438   000860  D7FC               	bra	u47
   439   000862  2E03               	decfsz	(??_main+1)^0,f,c
   440   000864  D7FA               	bra	u47
   441   000866  EF05  F004         	goto	l852
   442   00086A  EFFE  F03F         	goto	start
   443   00086E                     __end_of_main:
   444                           	callstack 0
   445                           
   446 ;; *************** function _UART_Write *****************
   447 ;; Defined at:
   448 ;;		line 33 in file "usb_pic.c"
   449 ;; Parameters:    Size  Location     Type
   450 ;;  data            1    wreg     unsigned char 
   451 ;; Auto vars:     Size  Location     Type
   452 ;;  data            1    0[COMRAM] unsigned char 
   453 ;; Return value:  Size  Location     Type
   454 ;;                  1    wreg      void 
   455 ;; Registers used:
   456 ;;		wreg
   457 ;; Tracked objects:
   458 ;;		On entry : 0/0
   459 ;;		On exit  : 0/0
   460 ;;		Unchanged: 0/0
   461 ;; Data sizes:     COMRAM   BANK0   BANK1   BANK2   BANK3   BANK4   BANK5   BANK6   BANK7
   462 ;;      Params:         0       0       0       0       0       0       0       0       0
   463 ;;      Locals:         1       0       0       0       0       0       0       0       0
   464 ;;      Temps:          0       0       0       0       0       0       0       0       0
   465 ;;      Totals:         1       0       0       0       0       0       0       0       0
   466 ;;Total ram usage:        1 bytes
   467 ;; Hardware stack levels used: 1
   468 ;; This function calls:
   469 ;;		Nothing
   470 ;; This function is called by:
   471 ;;		_main
   472 ;; This function uses a non-reentrant model
   473 ;;
   474                           
   475                           	psect	text1
   476   000894                     __ptext1:
   477                           	callstack 0
   478   000894                     _UART_Write:
   479                           	callstack 30
   480                           
   481                           ;incstack = 0
   482                           ;UART_Write@data stored from wreg
   483   000894  6E01               	movwf	UART_Write@data^0,c
   484   000896                     l26:
   485   000896  A89E               	btfss	158,4,c	;volatile
   486   000898  EF50  F004         	goto	u11
   487   00089C  EF52  F004         	goto	u10
   488   0008A0                     u11:
   489   0008A0  EF4B  F004         	goto	l26
   490   0008A4                     u10:
   491   0008A4                     
   492                           ;usb_pic.c: 35: 
   493   0008A4  C001  FFAD         	movff	UART_Write@data,4013	;volatile
   494   0008A8  0012               	return		;funcret
   495   0008AA                     __end_of_UART_Write:
   496                           	callstack 0
   497                           
   498 ;; *************** function _UART_Init *****************
   499 ;; Defined at:
   500 ;;		line 14 in file "usb_pic.c"
   501 ;; Parameters:    Size  Location     Type
   502 ;;		None
   503 ;; Auto vars:     Size  Location     Type
   504 ;;		None
   505 ;; Return value:  Size  Location     Type
   506 ;;                  1    wreg      void 
   507 ;; Registers used:
   508 ;;		wreg, status,2
   509 ;; Tracked objects:
   510 ;;		On entry : 0/0
   511 ;;		On exit  : 0/0
   512 ;;		Unchanged: 0/0
   513 ;; Data sizes:     COMRAM   BANK0   BANK1   BANK2   BANK3   BANK4   BANK5   BANK6   BANK7
   514 ;;      Params:         0       0       0       0       0       0       0       0       0
   515 ;;      Locals:         0       0       0       0       0       0       0       0       0
   516 ;;      Temps:          0       0       0       0       0       0       0       0       0
   517 ;;      Totals:         0       0       0       0       0       0       0       0       0
   518 ;;Total ram usage:        0 bytes
   519 ;; Hardware stack levels used: 1
   520 ;; This function calls:
   521 ;;		Nothing
   522 ;; This function is called by:
   523 ;;		_main
   524 ;; This function uses a non-reentrant model
   525 ;;
   526                           
   527                           	psect	text2
   528   0008AA                     __ptext2:
   529                           	callstack 0
   530   0008AA                     _UART_Init:
   531                           	callstack 30
   532   0008AA                     
   533                           ;usb_pic.c: 16:     TXSTAbits.TXEN = 1;
   534   0008AA  9C94               	bcf	148,6,c	;volatile
   535                           
   536                           ;usb_pic.c: 17: }
   537   0008AC  8E94               	bsf	148,7,c	;volatile
   538   0008AE                     
   539                           ;usb_pic.c: 20:     while(!PIR1bits.TXIF);
   540   0008AE  0E33               	movlw	51
   541   0008B0  6EAF               	movwf	175,c	;volatile
   542   0008B2                     
   543                           ;usb_pic.c: 21:     TXREG = data;
   544   0008B2  6AB0               	clrf	176,c	;volatile
   545   0008B4                     
   546                           ;usb_pic.c: 22: }
   547   0008B4  96B8               	bcf	184,3,c	;volatile
   548   0008B6                     
   549                           ;usb_pic.c: 23: 
   550   0008B6  94AC               	bcf	172,2,c	;volatile
   551   0008B8                     
   552                           ;usb_pic.c: 26: 
   553   0008B8  98AC               	bcf	172,4,c	;volatile
   554   0008BA                     
   555                           ;usb_pic.c: 27:     UART_Init();
   556   0008BA  8EAB               	bsf	171,7,c	;volatile
   557   0008BC                     
   558                           ;usb_pic.c: 30:         char mensaje[] = "0123456789\r\n";
   559   0008BC  8AAC               	bsf	172,5,c	;volatile
   560   0008BE  0012               	return		;funcret
   561   0008C0                     __end_of_UART_Init:
   562                           	callstack 0
   563                           
   564                           	psect	smallconst
   565   000800                     __psmallconst:
   566                           	callstack 0
   567   000800  00                 	db	0
   568   000801  00                 	db	0	; dummy byte at the end
   569   000800                     __smallconst    set	__psmallconst
   570   000800                     __mediumconst   set	__psmallconst
   571   000000                     __activetblptr  equ	0
   572                           
   573                           	psect	rparam
   574   000001                     ___rparam_used  equ	1
   575   000000                     ___param_bank   equ	0
   576   000000                     __Lparam        equ	__Lrparam
   577   000000                     __Hparam        equ	__Hrparam
   578                           
   579                           	psect	config
   580                           
   581                           ;Config register CONFIG1L @ 0x300000
   582                           ;	unspecified, using default values
   583                           ;	PLL Prescaler Selection bits
   584                           ;	PLLDIV = 0x0, unprogrammed default
   585                           ;	System Clock Postscaler Selection bits
   586                           ;	CPUDIV = 0x0, unprogrammed default
   587                           ;	USB Clock Selection bit (used in Full-Speed USB mode only; UCFG:FSEN = 1)
   588                           ;	USBDIV = 0x0, unprogrammed default
   589   300000                     	org	3145728
   590   300000  00                 	db	0
   591                           
   592                           ;Config register CONFIG1H @ 0x300001
   593                           ;	Oscillator Selection bits
   594                           ;	FOSC = INTOSC_EC, Internal oscillator, CLKO function on RA6, EC used by USB (INTCKO)
   595                           ;	Fail-Safe Clock Monitor Enable bit
   596                           ;	FCMEN = 0x0, unprogrammed default
   597                           ;	Internal/External Oscillator Switchover bit
   598                           ;	IESO = 0x0, unprogrammed default
   599   300001                     	org	3145729
   600   300001  09                 	db	9
   601                           
   602                           ;Config register CONFIG2L @ 0x300002
   603                           ;	Power-up Timer Enable bit
   604                           ;	PWRT = ON, PWRT enabled
   605                           ;	Brown-out Reset Enable bits
   606                           ;	BOR = 0x3, unprogrammed default
   607                           ;	Brown-out Reset Voltage bits
   608                           ;	BORV = 0x3, unprogrammed default
   609                           ;	USB Voltage Regulator Enable bit
   610                           ;	VREGEN = 0x0, unprogrammed default
   611   300002                     	org	3145730
   612   300002  1E                 	db	30
   613                           
   614                           ;Config register CONFIG2H @ 0x300003
   615                           ;	Watchdog Timer Enable bit
   616                           ;	WDT = OFF, WDT disabled (control is placed on the SWDTEN bit)
   617                           ;	Watchdog Timer Postscale Select bits
   618                           ;	WDTPS = 0xF, unprogrammed default
   619   300003                     	org	3145731
   620   300003  1E                 	db	30
   621                           
   622                           ; Padding undefined space
   623   300004                     	org	3145732
   624   300004  FF                 	db	255
   625                           
   626                           ;Config register CONFIG3H @ 0x300005
   627                           ;	CCP2 MUX bit
   628                           ;	CCP2MX = 0x1, unprogrammed default
   629                           ;	PORTB A/D Enable bit
   630                           ;	PBADEN = OFF, PORTB<4:0> pins are configured as digital I/O on Reset
   631                           ;	Low-Power Timer 1 Oscillator Enable bit
   632                           ;	LPT1OSC = 0x0, unprogrammed default
   633                           ;	MCLR Pin Enable bit
   634                           ;	MCLRE = OFF, RE3 input pin enabled; MCLR pin disabled
   635   300005                     	org	3145733
   636   300005  01                 	db	1
   637                           
   638                           ;Config register CONFIG4L @ 0x300006
   639                           ;	Stack Full/Underflow Reset Enable bit
   640                           ;	STVREN = 0x1, unprogrammed default
   641                           ;	Single-Supply ICSP Enable bit
   642                           ;	LVP = OFF, Single-Supply ICSP disabled
   643                           ;	Dedicated In-Circuit Debug/Programming Port (ICPORT) Enable bit
   644                           ;	ICPRT = 0x0, unprogrammed default
   645                           ;	Extended Instruction Set Enable bit
   646                           ;	XINST = OFF, Instruction set extension and Indexed Addressing mode disabled (Legacy mo
      +                          de)
   647                           ;	Background Debugger Enable bit
   648                           ;	DEBUG = OFF, Background debugger disabled, RB6 and RB7 configured as general purpose I
      +                          /O pins
   649   300006                     	org	3145734
   650   300006  81                 	db	129
   651                           
   652                           ; Padding undefined space
   653   300007                     	org	3145735
   654   300007  FF                 	db	255
   655                           tosu	equ	0xFFF
   656                           tosh	equ	0xFFE
   657                           tosl	equ	0xFFD
   658                           stkptr	equ	0xFFC
   659                           pclatu	equ	0xFFB
   660                           pclath	equ	0xFFA
   661                           pcl	equ	0xFF9
   662                           tblptru	equ	0xFF8
   663                           tblptrh	equ	0xFF7
   664                           tblptrl	equ	0xFF6
   665                           tablat	equ	0xFF5
   666                           prodh	equ	0xFF4
   667                           prodl	equ	0xFF3
   668                           indf0	equ	0xFEF
   669                           postinc0	equ	0xFEE
   670                           postdec0	equ	0xFED
   671                           preinc0	equ	0xFEC
   672                           plusw0	equ	0xFEB
   673                           fsr0h	equ	0xFEA
   674                           fsr0l	equ	0xFE9
   675                           wreg	equ	0xFE8
   676                           indf1	equ	0xFE7
   677                           postinc1	equ	0xFE6
   678                           postdec1	equ	0xFE5
   679                           preinc1	equ	0xFE4
   680                           plusw1	equ	0xFE3
   681                           fsr1h	equ	0xFE2
   682                           fsr1l	equ	0xFE1
   683                           bsr	equ	0xFE0
   684                           indf2	equ	0xFDF
   685                           postinc2	equ	0xFDE
   686                           postdec2	equ	0xFDD
   687                           preinc2	equ	0xFDC
   688                           plusw2	equ	0xFDB
   689                           fsr2h	equ	0xFDA
   690                           fsr2l	equ	0xFD9
   691                           status	equ	0xFD8

Data Sizes:
    Strings     0
    Constant    0
    Data        13
    BSS         0
    Persistent  0
    Stack       0

Auto Spaces:
    Space          Size  Autos    Used
    COMRAM           95     18      31
    BANK0           160      0       0
    BANK1           256      0       0
    BANK2           256      0       0
    BANK3           256      0       0
    BANK4           256      0       0
    BANK5           256      0       0
    BANK6           256      0       0
    BANK7           256      0       0

Pointer List with Targets:

    None.

Critical Paths under _main in COMRAM

    _main->_UART_Write

Critical Paths under _main in BANK0

    None.

Critical Paths under _main in BANK1

    None.

Critical Paths under _main in BANK2

    None.

Critical Paths under _main in BANK3

    None.

Critical Paths under _main in BANK4

    None.

Critical Paths under _main in BANK5

    None.

Critical Paths under _main in BANK6

    None.

Critical Paths under _main in BANK7

    None.

Call Graph Tables:

 ---------------------------------------------------------------------------------
 (Depth) Function   	        Calls       Base Space   Used Autos Params    Refs
 ---------------------------------------------------------------------------------
 (0) _main                                                17    17      0      75
                                              1 COMRAM    17    17      0
                          _UART_Init
                         _UART_Write
 ---------------------------------------------------------------------------------
 (1) _UART_Write                                           1     1      0      15
                                              0 COMRAM     1     1      0
 ---------------------------------------------------------------------------------
 (1) _UART_Init                                            0     0      0       0
 ---------------------------------------------------------------------------------
 Estimated maximum stack depth 1
 ---------------------------------------------------------------------------------

 Call Graph Graphs:

 _main (ROOT)
   _UART_Init
   _UART_Write

Address spaces:
Name               Size   Autos  Total    Usage
BIGRAM            2047      0       0      0.0%
BITBANK7           256      0       0      0.0%
BANK7              256      0       0      0.0%
BITBANK6           256      0       0      0.0%
BANK6              256      0       0      0.0%
BITBANK5           256      0       0      0.0%
BANK5              256      0       0      0.0%
BITBANK4           256      0       0      0.0%
BANK4              256      0       0      0.0%
BITBANK3           256      0       0      0.0%
BANK3              256      0       0      0.0%
BITBANK2           256      0       0      0.0%
BANK2              256      0       0      0.0%
BITBANK1           256      0       0      0.0%
BANK1              256      0       0      0.0%
BITBANK0           160      0       0      0.0%
BANK0              160      0       0      0.0%
BITCOMRAM           95      0       0      0.0%
COMRAM              95     18      31     32.6%
BITBIGSFRh          82      0       0      0.0%
BITBIGSFRlll        52      0       0      0.0%
BITBIGSFRllh        22      0       0      0.0%
BITBIGSFRlh          1      0       0      0.0%
STACK                0      0       0      0.0%
DATA                 0      0      31      0.0%


Microchip Technology PIC18 Macro Assembler V3.10 build 20250813170317 
Symbol Table                                                                                   Tue Apr 14 08:23:24 2026

                     l23 08BE                       l26 0896                       l29 08A8  
                     u10 08A4                       u11 08A0                       u21 0814  
                     u30 0850                       u31 084C                       u47 085A  
                    l830 08AE                      l840 08BA                      l832 08B2  
                    l842 08BC                      l834 08B4                      l850 0806  
                    l836 08B6                      l828 08AA                      l844 0896  
                    l860 0838                      l852 080A                      l838 08B8  
                    l846 08A4                      l862 0850                      l854 081C  
                    l856 0826                      l848 0802                      l858 0834  
                    wreg 0FE8              main@mensaje 0004                     _main 0802  
                   fsr2h 0FDA                     indf2 0FDF                     fsr1l 0FE1  
                   fsr2l 0FD9                     start 7FFC             ___param_bank 0000  
                  ?_main 0001                    _SPBRG 0FAF                    _TXREG 0FAD  
            ?_UART_Write 0001                    main@i 0011                    tablat 0FF5  
                  plusw1 0FE3                    plusw2 0FDB                    status 0FD8  
        __initialization 086E             __end_of_main 086E                   ??_main 0002  
          __activetblptr 0000                   _OSCCON 0FD3                   _SPBRGH 0FB0  
      __end_of_UART_Init 08C0                   isa$std 0001             __pdataCOMRAM 0013  
           __mediumconst 0800                   tblptrh 0FF7                   tblptrl 0FF6  
                 tblptru 0FF8               __accesstop 0060  __end_of__initialization 088E  
          ___rparam_used 0001           __pcstackCOMRAM 0001             ??_UART_Write 0001  
                __Hparam 0000                  __Lparam 0000       __end_of_UART_Write 08AA  
           __psmallconst 0800                  __pcinit 086E                  __ramtop 0800  
                __ptext0 0802                  __ptext1 0894                  __ptext2 08AA  
   end_of_initialization 088E                _RCSTAbits 0FAB                  postdec1 0FE5  
                postinc0 0FEE                _UART_Init 08AA           UART_Write@data 0001  
              _TRISCbits 0F94                _TXSTAbits 0FAC              _BAUDCONbits 0FB8  
             ?_UART_Init 0001            __pidataCOMRAM 08C0      start_initialization 086E  
            ??_UART_Init 0001              __smallconst 0800                 _PIR1bits 0F9E  
              main@F3347 0013                copy_data0 0882                 __Hrparam 0000  
               __Lrparam 0000                 isa$xinst 0000               _UART_Write 0894  
