Microchip MPLAB XC8 Compiler V3.10

Linker command line:

-W-3 \
  --edf=C:\Program Files\Microchip\xc8\v3.10\pic\dat\20250813170317_en.msgs \
  -cn -h+dist/default/production\Final_3ercorte.X.production.sym \
  --cmf=dist/default/production\Final_3ercorte.X.production.cmf -z \
  -Q18F4550 -oC:\Users\alexa\AppData\Local\Temp\xcAscy8.0\driver_tmp_3.o \
  --defsym=__MPLAB_BUILD=1 --fixupoverflow=error \
  -Mdist/default/production/Final_3ercorte.X.production.map \
  --md=C:\Users\alexa\AppData\Local\Temp\xcAscy8.0\driver_tmp_0.dat -E1 \
  -ver=XC8 Compiler -ACODE=00h-07FFFh -ACONST=00h-07FFFh \
  -ASMALLCONST=0800h-08FFhx120 -AMEDIUMCONST=0800h-07FFFh -ACOMRAM=01h-05Fh \
  -AABS1=00h-07FFh -ABIGRAM=01h-07FFh -ARAM=060h-0FFh,0100h-01FFhx7 \
  -ABANK0=060h-0FFh -ABANK1=0100h-01FFh -ABANK2=0200h-02FFh \
  -ABANK3=0300h-03FFh -ABANK4=0400h-04FFh -ABANK5=0500h-05FFh \
  -ABANK6=0600h-06FFh -ABANK7=0700h-07FFh -ASFR=0F60h-0FFFh \
  -ABIGSFR=0F60h-0FFFh -ACONFIG=0300000h-030000Dh -AIDLOC=0200000h-0200007h \
  -AEEDATA=0F00000h-0F000FFh -peeprom_data=EEDATA \
  -preset_vec=00h,intcode=8h,intcodelo=18h,sivt_lo,sivt_hi=CODE \
  -ppowerup=CODE,init -pramtop=0800h -psmallconst=SMALLCONST \
  -pmediumconst=MEDIUMCONST -pconst=CONST -AFARRAM=00h-00h \
  -prdata=COMRAM,nvrram=COMRAM,nvbit=COMRAM,rbss=COMRAM,rbit=COMRAM \
  -pfarbss=FARRAM,fardata=FARRAM,nvFARRAM=FARRAM \
  -pintsave_regs=BIGRAM,bigbss=BIGRAM,bigdata=BIGRAM -pbss=RAM \
  -pidata=CODE,irdata=CODE,ibigdata=CODE,ifardata=CODE -prparam=COMRAM \
  C:\Users\alexa\AppData\Local\Temp\xcAscy8.0\driver_tmp_9.o \
  dist/default/production\Final_3ercorte.X.production.o 

Object code version is 3.11

Machine type is 18F4550



                Name                               Link     Load   Length Selector   Space Scale
C:\Users\alexa\AppData\Local\Temp\xcAscy8.0\driver_tmp_9.o
                config                           300000   300000        8        0       4
                init                               7FFC     7FFC        4     3FFE       0
                reset_vec                             0        0        4        0       0
dist/default/production\Final_3ercorte.X.production.o
                config                           300000   300000        8        0       4
                mediumconst                        7C20     7C20      3DC     3E10       0
                text29                             70CE     70CE       5E     3867       0
                text28                             6EE4     6EE4       2C     3772       0
                text27                             6FAC     6FAC       3C     37D6       0
                text26                             7190     7190       70     38C8       0
                text25                             6DE0     6DE0       12     36F0       0
                text24                             7080     7080       4E     3840       0
                text23                             6DF2     6DF2       12     36F9       0
                text22                             6E04     6E04       12     3702       0
                text21                             6E2C     6E2C       1E     3716       0
                text20                             7554     7554       AC     3AAA       0
                text19                             6E4A     6E4A       1E     3725       0
                text18                             6FE8     6FE8       4C     37F4       0
                text17                             6E68     6E68       1E     3734       0
                text16                             6E86     6E86       1E     3743       0
                text15                             6EA4     6EA4       1E     3752       0
                text14                             7034     7034       4C     381A       0
                text13                             6F10     6F10       30     3788       0
                text12                             7272     7272       76     3939       0
                text11                             7200     7200       72     3900       0
                text10                             712C     712C       64     3896       0
                text9                              7370     7370       A0     39B8       0
                text8                              6F40     6F40       36     37A0       0
                text7                              6E16     6E16       16     370B       0
                text6                              7410     7410       A0     3A08       0
                text5                              6F76     6F76       36     37BB       0
                text4                              6DD2     6DD2        E     36E9       0
                text3                              6EC2     6EC2       22     3761       0
                text2                              74B0     74B0       A4     3A58       0
                text1                              72E8     72E8       88     3974       0
                text0                              7600     7600      620     3B00       0
                cstackCOMRAM                          1        1       2A        1       1
                cinit                              6DC8     6DC8        A     36E4       0

TOTAL           Name                               Link     Load   Length     Space
        CLASS   CODE           
                init                               7FFC     7FFC        4         0
                reset_vec                             0        0        4         0
                text29                             70CE     70CE       5E         0
                text28                             6EE4     6EE4       2C         0
                text27                             6FAC     6FAC       3C         0
                text26                             7190     7190       70         0
                text25                             6DE0     6DE0       12         0
                text24                             7080     7080       4E         0
                text23                             6DF2     6DF2       12         0
                text22                             6E04     6E04       12         0
                text21                             6E2C     6E2C       1E         0
                text20                             7554     7554       AC         0
                text19                             6E4A     6E4A       1E         0
                text18                             6FE8     6FE8       4C         0
                text17                             6E68     6E68       1E         0
                text16                             6E86     6E86       1E         0
                text15                             6EA4     6EA4       1E         0
                text14                             7034     7034       4C         0
                text13                             6F10     6F10       30         0
                text12                             7272     7272       76         0
                text11                             7200     7200       72         0
                text10                             712C     712C       64         0
                text9                              7370     7370       A0         0
                text8                              6F40     6F40       36         0
                text7                              6E16     6E16       16         0
                text6                              7410     7410       A0         0
                text5                              6F76     6F76       36         0
                text4                              6DD2     6DD2        E         0
                text3                              6EC2     6EC2       22         0
                text2                              74B0     74B0       A4         0
                text1                              72E8     72E8       88         0
                text0                              7600     7600      620         0
                cinit                              6DC8     6DC8        A         0

        CLASS   CONST          

        CLASS   SMALLCONST     

        CLASS   MEDIUMCONST    
                mediumconst                        7C20     7C20      3DC         0

        CLASS   COMRAM         
                cstackCOMRAM                          1        1       2A         1

        CLASS   ABS1           

        CLASS   BIGRAM         

        CLASS   RAM            

        CLASS   BANK0          

        CLASS   BANK1          

        CLASS   BANK2          

        CLASS   BANK3          

        CLASS   BANK4          

        CLASS   BANK5          

        CLASS   BANK6          

        CLASS   BANK7          

        CLASS   SFR            

        CLASS   BIGSFR         

        CLASS   CONFIG         
                config                           300000   300000        8         4

        CLASS   IDLOC          

        CLASS   EEDATA         

        CLASS   FARRAM         

        CLASS   HEAP           

        CLASS   STACK          



SEGMENTS        Name                           Load    Length   Top    Selector   Space  Class

                reset_vec                      000000  000004  000004         0       0  CODE    
                cstackCOMRAM                   000001  00002A  00002B         1       1  COMRAM  
                cinit                          006DC8  00000A  006DD2      36E4       0  CODE    
                text4                          006DD2  00000E  006DE0      36E9       0  CODE    
                text25                         006DE0  000012  006DF2      36F0       0  CODE    
                text23                         006DF2  000012  006E04      36F9       0  CODE    
                text22                         006E04  000012  006E16      3702       0  CODE    
                text7                          006E16  000016  006E2C      370B       0  CODE    
                text21                         006E2C  00001E  006E4A      3716       0  CODE    
                text19                         006E4A  00001E  006E68      3725       0  CODE    
                text17                         006E68  00001E  006E86      3734       0  CODE    
                text16                         006E86  00001E  006EA4      3743       0  CODE    
                text15                         006EA4  00001E  006EC2      3752       0  CODE    
                text3                          006EC2  000022  006EE4      3761       0  CODE    
                text28                         006EE4  00002C  006F10      3772       0  CODE    
                text13                         006F10  000030  006F40      3788       0  CODE    
                text8                          006F40  000036  006F76      37A0       0  CODE    
                text5                          006F76  000036  006FAC      37BB       0  CODE    
                text27                         006FAC  00003C  006FE8      37D6       0  CODE    
                text18                         006FE8  00004C  007034      37F4       0  CODE    
                text14                         007034  00004C  007080      381A       0  CODE    
                text24                         007080  00004E  0070CE      3840       0  CODE    
                text29                         0070CE  00005E  00712C      3867       0  CODE    
                text10                         00712C  000064  007190      3896       0  CODE    
                text26                         007190  000070  007200      38C8       0  CODE    
                text11                         007200  000072  007272      3900       0  CODE    
                text12                         007272  000076  0072E8      3939       0  CODE    
                text1                          0072E8  000088  007370      3974       0  CODE    
                text9                          007370  0000A0  007410      39B8       0  CODE    
                text6                          007410  0000A0  0074B0      3A08       0  CODE    
                text2                          0074B0  0000A4  007554      3A58       0  CODE    
                text20                         007554  0000AC  007600      3AAA       0  CODE    
                text0                          007600  000620  007C20      3B00       0  CODE    
                mediumconst                    007C20  0003DC  007FFC      3E10       0  MEDIUMCO
                init                           007FFC  000004  008000      3FFE       0  CODE    


UNUSED ADDRESS RANGES

        Name                Unused          Largest block    Delta
        BANK0            000060-0000FF               A0
        BANK1            000100-0001FF              100
        BANK2            000200-0002FF              100
        BANK3            000300-0003FF              100
        BANK4            000400-0004FF              100
        BANK5            000500-0005FF              100
        BANK6            000600-0006FF              100
        BANK7            000700-0007FF              100
        BIGRAM           00002B-0007FF              7D5
        BIGSFR           000F60-000FFF               A0
        CODE             000004-006DC7             6DC4
        COMRAM           00002B-00005F               35
        CONFIG           300008-30000D                6
        CONST            000004-006DC7             6DC4
        EEDATA           F00000-F000FF              100
        IDLOC            200000-200007                8
        MEDIUMCONST      000800-006DC7             65C8
        RAM              000060-0007FF              100
        SFR              000F60-000FFF               A0
        SMALLCONST       000800-006DC7              100

                                  Symbol Table

?_DS18B20_ReadTemp            cstackCOMRAM 000005
?_MAX30102_GetRawData         cstackCOMRAM 000004
?___lldiv                     cstackCOMRAM 000001
?___llmod                     cstackCOMRAM 000001
?___lwdiv                     cstackCOMRAM 000001
?___lwmod                     cstackCOMRAM 000001
DS18B20_ReadByte@dato         cstackCOMRAM 000003
DS18B20_ReadByte@i            cstackCOMRAM 000004
DS18B20_ReadTemp@alto         cstackCOMRAM 00000B
DS18B20_ReadTemp@bajo         cstackCOMRAM 00000A
DS18B20_WriteByte@dato        cstackCOMRAM 000001
DS18B20_WriteByte@i           cstackCOMRAM 000002
I2C_Read@ack                  cstackCOMRAM 000002
I2C_Read@t                    cstackCOMRAM 000003
I2C_Write@d                   cstackCOMRAM 000001
MAX30102_GetRawData@h         cstackCOMRAM 000019
MAX30102_GetRawData@l         cstackCOMRAM 00001A
MAX30102_GetRawData@m         cstackCOMRAM 000018
MAX30102_WriteReg@reg         cstackCOMRAM 000003
MAX30102_WriteReg@val         cstackCOMRAM 000002
OLED_Char@c                   cstackCOMRAM 000007
OLED_Char@i                   cstackCOMRAM 000008
OLED_Clear@i                  cstackCOMRAM 000007
OLED_Clear@j                  cstackCOMRAM 000005
OLED_Cmd@c                    cstackCOMRAM 000002
OLED_Data@d                   cstackCOMRAM 000002
OLED_Num@b                    cstackCOMRAM 00000B
OLED_Num@i                    cstackCOMRAM 000011
OLED_Num@n                    cstackCOMRAM 000009
OLED_SetCursor@c              cstackCOMRAM 000003
OLED_SetCursor@p              cstackCOMRAM 000004
OLED_Str@s                    cstackCOMRAM 000009
UART_EnviarByte@dato          cstackCOMRAM 000001
UART_EnviarNumero@b           cstackCOMRAM 00000A
UART_EnviarNumero@i           cstackCOMRAM 000010
UART_EnviarNumero@n           cstackCOMRAM 000008
UART_EnviarTexto@t            cstackCOMRAM 000002
_DS18B20_ReadByte             text29       0070CE
_DS18B20_ReadTemp             text26       007190
_DS18B20_Reset                text28       006EE4
_DS18B20_WriteByte            text27       006FAC
_I2C_Init                     text25       006DE0
_I2C_Read                     text24       007080
_I2C_Start                    text23       006DF2
_I2C_Stop                     text22       006E04
_I2C_Write                    text21       006E2C
_LATD                         (abs)        000F8C
_LATDbits                     (abs)        000F8C
_MAX30102_GetRawData          text20       007554
_MAX30102_Init                text18       006FE8
_MAX30102_WriteReg            text19       006E4A
_OLED_Char                    text12       007272
_OLED_Clear                   text14       007034
_OLED_Cmd                     text16       006E86
_OLED_Data                    text17       006E68
_OLED_Init                    text13       006F10
_OLED_Num                     text9        007370
_OLED_SetCursor               text15       006EA4
_OLED_Str                     text8        006F40
_OSCCON                       (abs)        000FD3
_PORTBbits                    (abs)        000F81
_RCSTA                        (abs)        000FAB
_SPBRG                        (abs)        000FAF
_SSPADD                       (abs)        000FC8
_SSPBUF                       (abs)        000FC9
_SSPCON1                      (abs)        000FC6
_SSPCON2bits                  (abs)        000FC5
_SSPSTAT                      (abs)        000FC7
_SSPSTATbits                  (abs)        000FC7
_TRISBbits                    (abs)        000F93
_TRISCbits                    (abs)        000F94
_TRISDbits                    (abs)        000F95
_TXREG                        (abs)        000FAD
_TXSTA                        (abs)        000FAC
_TXSTAbits                    (abs)        000FAC
_UART_EnviarByte              text7        006E16
_UART_EnviarNumero            text6        007410
_UART_EnviarSeparador         text4        006DD2
_UART_EnviarTexto             text5        006F76
_UART_Init                    text3        006EC2
__HRAM                        (abs)        000000
__H__absolute__               __absolute__ 000000
__Habs1                       abs1         000000
__Hbank0                      bank0        000000
__Hbank1                      bank1        000000
__Hbank2                      bank2        000000
__Hbank3                      bank3        000000
__Hbank4                      bank4        000000
__Hbank5                      bank5        000000
__Hbank6                      bank6        000000
__Hbank7                      bank7        000000
__Hbigbss                     bigbss       000000
__Hbigdata                    bigdata      000000
__Hbigram                     bigram       000000
__Hbigsfr                     bigsfr       000000
__Hbss                        bss          000000
__Hcinit                      cinit        000000
__Hclrtext                    clrtext      000000
__Hcomram                     comram       000000
__Hconfig                     config       300008
__Hconst                      const        000000
__HcstackCOMRAM               cstackCOMRAM 000000
__Hdata                       data         000000
__Heeprom_data                eeprom_data  000000
__Hfarbss                     farbss       000000
__Hfardata                    fardata      000000
__Hheap                       heap         000000
__Hibigdata                   ibigdata     000000
__Hidata                      idata        000000
__Hidloc                      idloc        000000
__Hifardata                   ifardata     000000
__Hinit                       init         008000
__Hintcode                    intcode      000008
__Hintcode_body               intcode_body 000000
__Hintcodelo                  intcodelo    000018
__Hintentry                   intentry     000000
__Hintret                     intret       000000
__Hintsave_regs               intsave_regs 000000
__Hirdata                     irdata       000000
__Hmediumconst                mediumconst  007FFC
__HnvFARRAM                   nvFARRAM     000000
__Hnvbit                      nvbit        000000
__Hnvrram                     nvrram       000000
__Hparam                      rparam       000000
__Hpowerup                    powerup      000000
__Hram                        ram          000000
__Hramtop                     ramtop       000800
__Hrbit                       rbit         000000
__Hrbss                       rbss         000000
__Hrdata                      rdata        000000
__Hreset_vec                  reset_vec    000004
__Hrparam                     rparam       000000
__Hsfr                        sfr          000000
__Hsivt_hi                    sivt_hi      000000
__Hsivt_lo                    sivt_lo      000018
__Hsmallconst                 smallconst   000000
__Hspace_0                    (abs)        008000
__Hspace_1                    (abs)        00002B
__Hspace_2                    (abs)        000000
__Hspace_4                    (abs)        600008
__Hstack                      stack        000000
__Hstruct                     struct       000000
__Htemp                       temp         000000
__Htext                       text         000000
__Htext0                      text0        000000
__Htext1                      text1        000000
__Htext10                     text10       000000
__Htext11                     text11       000000
__Htext12                     text12       000000
__Htext13                     text13       000000
__Htext14                     text14       000000
__Htext15                     text15       000000
__Htext16                     text16       000000
__Htext17                     text17       000000
__Htext18                     text18       000000
__Htext19                     text19       000000
__Htext2                      text2        000000
__Htext20                     text20       000000
__Htext21                     text21       000000
__Htext22                     text22       000000
__Htext23                     text23       000000
__Htext24                     text24       000000
__Htext25                     text25       000000
__Htext26                     text26       000000
__Htext27                     text27       000000
__Htext28                     text28       000000
__Htext29                     text29       000000
__Htext3                      text3        000000
__Htext4                      text4        000000
__Htext5                      text5        000000
__Htext6                      text6        000000
__Htext7                      text7        000000
__Htext8                      text8        000000
__Htext9                      text9        000000
__LRAM                        (abs)        000001
__L__absolute__               __absolute__ 000000
__Labs1                       abs1         000000
__Lbank0                      bank0        000000
__Lbank1                      bank1        000000
__Lbank2                      bank2        000000
__Lbank3                      bank3        000000
__Lbank4                      bank4        000000
__Lbank5                      bank5        000000
__Lbank6                      bank6        000000
__Lbank7                      bank7        000000
__Lbigbss                     bigbss       000000
__Lbigdata                    bigdata      000000
__Lbigram                     bigram       000000
__Lbigsfr                     bigsfr       000000
__Lbss                        bss          000000
__Lcinit                      cinit        000000
__Lclrtext                    clrtext      000000
__Lcomram                     comram       000000
__Lconfig                     config       000000
__Lconst                      const        000000
__LcstackCOMRAM               cstackCOMRAM 000000
__Ldata                       data         000000
__Leeprom_data                eeprom_data  000000
__Lfarbss                     farbss       000000
__Lfardata                    fardata      000000
__Lheap                       heap         000000
__Libigdata                   ibigdata     000000
__Lidata                      idata        000000
__Lidloc                      idloc        000000
__Lifardata                   ifardata     000000
__Linit                       init         007FFC
__Lintcode                    intcode      000008
__Lintcode_body               intcode_body 000000
__Lintcodelo                  intcodelo    000018
__Lintentry                   intentry     000000
__Lintret                     intret       000000
__Lintsave_regs               intsave_regs 000000
__Lirdata                     irdata       000000
__Lmediumconst                mediumconst  007C20
__LnvFARRAM                   nvFARRAM     000000
__Lnvbit                      nvbit        000000
__Lnvrram                     nvrram       000000
__Lparam                      rparam       000000
__Lpowerup                    powerup      000000
__Lram                        ram          000000
__Lramtop                     ramtop       000800
__Lrbit                       rbit         000000
__Lrbss                       rbss         000000
__Lrdata                      rdata        000000
__Lreset_vec                  reset_vec    000000
__Lrparam                     rparam       000000
__Lsfr                        sfr          000000
__Lsivt_hi                    sivt_hi      000000
__Lsivt_lo                    sivt_lo      000018
__Lsmallconst                 smallconst   000000
__Lspace_0                    (abs)        000000
__Lspace_1                    (abs)        000000
__Lspace_2                    (abs)        000000
__Lspace_4                    (abs)        000000
__Lstack                      stack        000000
__Lstruct                     struct       000000
__Ltemp                       temp         000000
__Ltext                       text         000000
__Ltext0                      text0        000000
__Ltext1                      text1        000000
__Ltext10                     text10       000000
__Ltext11                     text11       000000
__Ltext12                     text12       000000
__Ltext13                     text13       000000
__Ltext14                     text14       000000
__Ltext15                     text15       000000
__Ltext16                     text16       000000
__Ltext17                     text17       000000
__Ltext18                     text18       000000
__Ltext19                     text19       000000
__Ltext2                      text2        000000
__Ltext20                     text20       000000
__Ltext21                     text21       000000
__Ltext22                     text22       000000
__Ltext23                     text23       000000
__Ltext24                     text24       000000
__Ltext25                     text25       000000
__Ltext26                     text26       000000
__Ltext27                     text27       000000
__Ltext28                     text28       000000
__Ltext29                     text29       000000
__Ltext3                      text3        000000
__Ltext4                      text4        000000
__Ltext5                      text5        000000
__Ltext6                      text6        000000
__Ltext7                      text7        000000
__Ltext8                      text8        000000
__Ltext9                      text9        000000
__S0                          (abs)        008000
__S1                          (abs)        00002B
__S4                          (abs)        000000
__S5                          (abs)        000000
___heap_hi                    (abs)        000000
___heap_lo                    (abs)        000000
___inthi_sp                   stack        000000
___inthi_stack_hi             stack        000000
___inthi_stack_lo             stack        000000
___intlo_sp                   stack        000000
___intlo_stack_hi             stack        000000
___intlo_stack_lo             stack        000000
___lldiv                      text2        0074B0
___lldiv@counter              cstackCOMRAM 00000D
___lldiv@dividend             cstackCOMRAM 000001
___lldiv@divisor              cstackCOMRAM 000005
___lldiv@quotient             cstackCOMRAM 000009
___llmod                      text1        0072E8
___llmod@counter              cstackCOMRAM 000009
___llmod@dividend             cstackCOMRAM 000001
___llmod@divisor              cstackCOMRAM 000005
___lwdiv                      text11       007200
___lwdiv@counter              cstackCOMRAM 000007
___lwdiv@dividend             cstackCOMRAM 000001
___lwdiv@divisor              cstackCOMRAM 000003
___lwdiv@quotient             cstackCOMRAM 000005
___lwmod                      text10       00712C
___lwmod@counter              cstackCOMRAM 000005
___lwmod@dividend             cstackCOMRAM 000001
___lwmod@divisor              cstackCOMRAM 000003
___param_bank                 (abs)        000000
___rparam_used                (abs)        000001
___sp                         stack        000000
___stack_hi                   stack        000000
___stack_lo                   stack        000000
__accesstop                   (abs)        000060
__activetblptr                (abs)        000002
__end_of_DS18B20_ReadByte     text29       00712C
__end_of_DS18B20_ReadTemp     text26       007200
__end_of_DS18B20_Reset        text28       006F10
__end_of_DS18B20_WriteByte    text27       006FE8
__end_of_I2C_Init             text25       006DF2
__end_of_I2C_Read             text24       0070CE
__end_of_I2C_Start            text23       006E04
__end_of_I2C_Stop             text22       006E16
__end_of_I2C_Write            text21       006E4A
__end_of_MAX30102_GetRawData  text20       007600
__end_of_MAX30102_Init        text18       007034
__end_of_MAX30102_WriteReg    text19       006E68
__end_of_OLED_Char            text12       0072E8
__end_of_OLED_Clear           text14       007080
__end_of_OLED_Cmd             text16       006EA4
__end_of_OLED_Data            text17       006E86
__end_of_OLED_Init            text13       006F40
__end_of_OLED_Num             text9        007410
__end_of_OLED_SetCursor       text15       006EC2
__end_of_OLED_Str             text8        006F76
__end_of_UART_EnviarByte      text7        006E2C
__end_of_UART_EnviarNumero    text6        0074B0
__end_of_UART_EnviarSeparador text4        006DE0
__end_of_UART_EnviarTexto     text5        006FAC
__end_of_UART_Init            text3        006EE4
__end_of___lldiv              text2        007554
__end_of___llmod              text1        007370
__end_of___lwdiv              text11       007272
__end_of___lwmod              text10       007190
__end_of__initialization      cinit        006DC8
__end_of_font5x8              mediumconst  007D48
__end_of_main                 text0        007C20
__initialization              cinit        006DC8
__mediumconst                 mediumconst  007C20
__pcinit                      cinit        006DC8
__pcstackCOMRAM               cstackCOMRAM 000001
__pmediumconst                mediumconst  007C20
__ptext0                      text0        007600
__ptext1                      text1        0072E8
__ptext10                     text10       00712C
__ptext11                     text11       007200
__ptext12                     text12       007272
__ptext13                     text13       006F10
__ptext14                     text14       007034
__ptext15                     text15       006EA4
__ptext16                     text16       006E86
__ptext17                     text17       006E68
__ptext18                     text18       006FE8
__ptext19                     text19       006E4A
__ptext2                      text2        0074B0
__ptext20                     text20       007554
__ptext21                     text21       006E2C
__ptext22                     text22       006E04
__ptext23                     text23       006DF2
__ptext24                     text24       007080
__ptext25                     text25       006DE0
__ptext26                     text26       007190
__ptext27                     text27       006FAC
__ptext28                     text28       006EE4
__ptext29                     text29       0070CE
__ptext3                      text3        006EC2
__ptext4                      text4        006DD2
__ptext5                      text5        006F76
__ptext6                      text6        007410
__ptext7                      text7        006E16
__ptext8                      text8        006F40
__ptext9                      text9        007370
__ramtop                      ramtop       000800
__smallconst                  mediumconst  007C20
_font5x8                      mediumconst  007C21
_main                         text0        007600
end_of_initialization         cinit        006DC8
intlevel0                     text         000000
intlevel1                     text         000000
intlevel2                     text         000000
intlevel3                     text         000000
isa$std                       (abs)        000001
isa$xinst                     (abs)        000000
main@alarma                   cstackCOMRAM 000021
main@i                        cstackCOMRAM 000022
main@pulso                    cstackCOMRAM 000029
main@raw                      cstackCOMRAM 000023
main@suma_raw                 cstackCOMRAM 00001D
main@temp                     cstackCOMRAM 000027
stackhi                       (abs)        000000
stacklo                       (abs)        000000
start                         init         007FFC
start_initialization          cinit        006DC8


MODULE INFORMATION

Module		Function		Class		Link	Load	Size
C:\Program Files\Microchip\xc8\v3.10\pic\sources\c99\common\lwmod.c
		___lwmod       		CODE           	712C	0000	100

C:\Program Files\Microchip\xc8\v3.10\pic\sources\c99\common\lwmod.c estimated size: 100

C:\Program Files\Microchip\xc8\v3.10\pic\sources\c99\common\llmod.c
		___llmod       		CODE           	72E8	0000	136

C:\Program Files\Microchip\xc8\v3.10\pic\sources\c99\common\llmod.c estimated size: 136

C:\Program Files\Microchip\xc8\v3.10\pic\sources\c99\common\lwdiv.c
		___lwdiv       		CODE           	7200	0000	114

C:\Program Files\Microchip\xc8\v3.10\pic\sources\c99\common\lwdiv.c estimated size: 114

shared
		_font5x8       		MEDIUMCONST    	7C21	0000	295
		__initialization		CODE           	6DC8	0000	1

shared estimated size: 296

Final_3ercorte.c
		_OLED_Num      		CODE           	7370	0000	160
		_OLED_SetCursor		CODE           	6EA4	0000	30
		_OLED_Str      		CODE           	6F40	0000	54
		_OLED_Clear    		CODE           	7034	0000	76
		_UART_EnviarTexto		CODE           	6F76	0000	54
		_DS18B20_ReadByte		CODE           	70CE	0000	94
		_DS18B20_Reset 		CODE           	6EE4	0000	44
		_DS18B20_ReadTemp		CODE           	7190	0000	112
		_MAX30102_GetRawData		CODE           	7554	0000	172
		_UART_EnviarNumero		CODE           	7410	0000	160
		_UART_Init     		CODE           	6EC2	0000	34
		_main          		CODE           	7600	0000	1568
		_OLED_Char     		CODE           	7272	0000	118
		_DS18B20_WriteByte		CODE           	6FAC	0000	60
		_I2C_Write     		CODE           	6E2C	0000	30
		_UART_EnviarByte		CODE           	6E16	0000	22
		_OLED_Init     		CODE           	6F10	0000	48
		_I2C_Stop      		CODE           	6E04	0000	18
		_I2C_Read      		CODE           	7080	0000	78
		_I2C_Init      		CODE           	6DE0	0000	18
		_MAX30102_Init 		CODE           	6FE8	0000	76
		_OLED_Cmd      		CODE           	6E86	0000	30
		_MAX30102_WriteReg		CODE           	6E4A	0000	30
		_UART_EnviarSeparador		CODE           	6DD2	0000	14
		_OLED_Data     		CODE           	6E68	0000	30
		_I2C_Start     		CODE           	6DF2	0000	18

Final_3ercorte.c estimated size: 3148

C:\Program Files\Microchip\xc8\v3.10\pic\sources\c99\common\__lldiv.c
		___lldiv       		CODE           	74B0	0000	164

C:\Program Files\Microchip\xc8\v3.10\pic\sources\c99\common\__lldiv.c estimated size: 164

