

Microchip MPLAB XC8 Assembler V3.10 build 20250813170317 
                                                                                               Wed Apr 22 15:13:38 2026

Microchip MPLAB XC8 C Compiler v3.10 (Free license) build 20250813170317 Og1 
     1                           	processor	18F4550
     2                           	fnconf	rparam,??,?,0
     3                           	pagewidth 120
     4                           	opt	flic
     5                           	psect	cinit,global,reloc=2,class=CODE,space=0,delta=1
     6                           	psect	cstackCOMRAM,global,class=COMRAM,space=1,delta=1,lowdata,noexec
     7                           	psect	text0,global,reloc=2,class=CODE,space=0,delta=1
     8                           	psect	text1,global,reloc=2,class=CODE,space=0,delta=1
     9                           	psect	text2,global,reloc=2,class=CODE,space=0,delta=1
    10                           	psect	text3,global,reloc=2,class=CODE,space=0,delta=1
    11                           	psect	smallconst,global,reloc=2,class=SMALLCONST,space=0,delta=1,noexec
    12                           	psect	intsave_regs,global,class=BIGRAM,space=1,delta=1,noexec
    13                           	psect	rparam,global,class=COMRAM,space=1,delta=1,noexec
    14                           	psect	config,global,abs,ovrld,class=CONFIG,space=4,delta=1,noexec
    15   000000                     
    16                           ; Generated 17/01/2025 GMT
    17                           ; 
    18                           ; Copyright © 2025, Microchip Technology Inc. and its subsidiaries ("Microchip")
    19                           ; All rights reserved.
    20                           ; 
    21                           ; This software is developed by Microchip Technology Inc. and its subsidiaries ("Microch
      +                          ip").
    22                           ; 
    23                           ; Redistribution and use in source and binary forms, with or without modification, are
    24                           ; permitted provided that the following conditions are met:
    25                           ; 
    26                           ;     1. Redistributions of source code must retain the above copyright notice, this lis
      +                          t of
    27                           ;        conditions and the following disclaimer.
    28                           ; 
    29                           ;     2. Redistributions in binary form must reproduce the above copyright notice, this 
      +                          list
    30                           ;        of conditions and the following disclaimer in the documentation and/or other
    31                           ;        materials provided with the distribution. Publication is not required when
    32                           ;        this file is used in an embedded application.
    33                           ; 
    34                           ;     3. Microchip's name may not be used to endorse or promote products derived from th
      +                          is
    35                           ;        software without specific prior written permission.
    36                           ; 
    37                           ; THIS SOFTWARE IS PROVIDED BY MICROCHIP "AS IS" AND ANY EXPRESS OR IMPLIED WARRANTIES,
    38                           ; INCLUDING, BUT NOT LIMITED TO, THE IMPLIED WARRANTIES OF MERCHANTABILITY AND FITNESS F
      +                          OR
    39                           ; PURPOSE ARE DISCLAIMED.  IN NO EVENT SHALL MICROCHIP BE LIABLE FOR ANY DIRECT, INDIREC
      +                          T,
    40                           ; INCIDENTAL, SPECIAL, EXEMPLARY, OR CONSEQUENTIAL DAMAGES (INCLUDING BUT NOT LIMITED TO
    41                           ; PROCUREMENT OF SUBSTITUTE GOODS OR SERVICES; LOSS OF USE, DATA OR PROFITS; OR BUSINESS
    42                           ; INTERRUPTION) HOWSOEVER CAUSED AND ON ANY THEORY OF LIABILITY, WHETHER IN CONTRACT, ST
      +                          RICT
    43                           ; LIABILITY, OR TORT (INCLUDING NEGLIGENCE OR OTHERWISE) ARISING IN ANY WAY OUT OF THE U
      +                          SE OF
    44                           ; THIS SOFTWARE, EVEN IF ADVISED OF THE POSSIBILITY OF SUCH DAMAGE.
    45                           ; 
    46                           ; 
    47                           ; Code-generator required, PIC18F4550 Definitions
    48                           ; 
    49                           ; SFR Addresses
    50   000FE0                     bsr             equ	4064
    51   000FE9                     fsr0            equ	4073
    52   000FEA                     fsr0h           equ	4074
    53   000FE9                     fsr0l           equ	4073
    54   000FE1                     fsr1            equ	4065
    55   000FE2                     fsr1h           equ	4066
    56   000FE1                     fsr1l           equ	4065
    57   000FD9                     fsr2            equ	4057
    58   000FDA                     fsr2h           equ	4058
    59   000FD9                     fsr2l           equ	4057
    60   000FEF                     indf0           equ	4079
    61   000FE7                     indf1           equ	4071
    62   000FDF                     indf2           equ	4063
    63   000FF2                     intcon          equ	4082
    64   000000                     nvmcon          equ	0
    65   000FF9                     pcl             equ	4089
    66   000FFA                     pclath          equ	4090
    67   000FFB                     pclatu          equ	4091
    68   000FEB                     plusw0          equ	4075
    69   000FE3                     plusw1          equ	4067
    70   000FDB                     plusw2          equ	4059
    71   000FED                     postdec0        equ	4077
    72   000FE5                     postdec1        equ	4069
    73   000FDD                     postdec2        equ	4061
    74   000FEE                     postinc0        equ	4078
    75   000FE6                     postinc1        equ	4070
    76   000FDE                     postinc2        equ	4062
    77   000FEC                     preinc0         equ	4076
    78   000FE4                     preinc1         equ	4068
    79   000FDC                     preinc2         equ	4060
    80   000FF3                     prod            equ	4083
    81   000FF4                     prodh           equ	4084
    82   000FF3                     prodl           equ	4083
    83   000FD8                     status          equ	4056
    84   000FF5                     tablat          equ	4085
    85   000FF6                     tblptr          equ	4086
    86   000FF7                     tblptrh         equ	4087
    87   000FF6                     tblptrl         equ	4086
    88   000FF8                     tblptru         equ	4088
    89   000FFD                     tosl            equ	4093
    90   000FE8                     wreg            equ	4072
    91   000F62                     SPPDATA         equ	3938	;# 
    92   000F63                     SPPCFG          equ	3939	;# 
    93   000F64                     SPPEPS          equ	3940	;# 
    94   000F65                     SPPCON          equ	3941	;# 
    95   000F66                     UFRM            equ	3942	;# 
    96   000F66                     UFRML           equ	3942	;# 
    97   000F67                     UFRMH           equ	3943	;# 
    98   000F68                     UIR             equ	3944	;# 
    99   000F69                     UIE             equ	3945	;# 
   100   000F6A                     UEIR            equ	3946	;# 
   101   000F6B                     UEIE            equ	3947	;# 
   102   000F6C                     USTAT           equ	3948	;# 
   103   000F6D                     UCON            equ	3949	;# 
   104   000F6E                     UADDR           equ	3950	;# 
   105   000F6F                     UCFG            equ	3951	;# 
   106   000F70                     UEP0            equ	3952	;# 
   107   000F71                     UEP1            equ	3953	;# 
   108   000F72                     UEP2            equ	3954	;# 
   109   000F73                     UEP3            equ	3955	;# 
   110   000F74                     UEP4            equ	3956	;# 
   111   000F75                     UEP5            equ	3957	;# 
   112   000F76                     UEP6            equ	3958	;# 
   113   000F77                     UEP7            equ	3959	;# 
   114   000F78                     UEP8            equ	3960	;# 
   115   000F79                     UEP9            equ	3961	;# 
   116   000F7A                     UEP10           equ	3962	;# 
   117   000F7B                     UEP11           equ	3963	;# 
   118   000F7C                     UEP12           equ	3964	;# 
   119   000F7D                     UEP13           equ	3965	;# 
   120   000F7E                     UEP14           equ	3966	;# 
   121   000F7F                     UEP15           equ	3967	;# 
   122   000F80                     PORTA           equ	3968	;# 
   123   000F81                     PORTB           equ	3969	;# 
   124   000F82                     PORTC           equ	3970	;# 
   125   000F83                     PORTD           equ	3971	;# 
   126   000F84                     PORTE           equ	3972	;# 
   127   000F89                     LATA            equ	3977	;# 
   128   000F8A                     LATB            equ	3978	;# 
   129   000F8B                     LATC            equ	3979	;# 
   130   000F8C                     LATD            equ	3980	;# 
   131   000F8D                     LATE            equ	3981	;# 
   132   000F92                     TRISA           equ	3986	;# 
   133   000F92                     DDRA            equ	3986	;# 
   134   000F93                     TRISB           equ	3987	;# 
   135   000F93                     DDRB            equ	3987	;# 
   136   000F94                     TRISC           equ	3988	;# 
   137   000F94                     DDRC            equ	3988	;# 
   138   000F95                     TRISD           equ	3989	;# 
   139   000F95                     DDRD            equ	3989	;# 
   140   000F96                     TRISE           equ	3990	;# 
   141   000F96                     DDRE            equ	3990	;# 
   142   000F9B                     OSCTUNE         equ	3995	;# 
   143   000F9D                     PIE1            equ	3997	;# 
   144   000F9E                     PIR1            equ	3998	;# 
   145   000F9F                     IPR1            equ	3999	;# 
   146   000FA0                     PIE2            equ	4000	;# 
   147   000FA1                     PIR2            equ	4001	;# 
   148   000FA2                     IPR2            equ	4002	;# 
   149   000FA6                     EECON1          equ	4006	;# 
   150   000FA7                     EECON2          equ	4007	;# 
   151   000FA8                     EEDATA          equ	4008	;# 
   152   000FA9                     EEADR           equ	4009	;# 
   153   000FAB                     RCSTA           equ	4011	;# 
   154   000FAB                     RCSTA1          equ	4011	;# 
   155   000FAC                     TXSTA           equ	4012	;# 
   156   000FAC                     TXSTA1          equ	4012	;# 
   157   000FAD                     TXREG           equ	4013	;# 
   158   000FAD                     TXREG1          equ	4013	;# 
   159   000FAE                     RCREG           equ	4014	;# 
   160   000FAE                     RCREG1          equ	4014	;# 
   161   000FAF                     SPBRG           equ	4015	;# 
   162   000FAF                     SPBRG1          equ	4015	;# 
   163   000FB0                     SPBRGH          equ	4016	;# 
   164   000FB1                     T3CON           equ	4017	;# 
   165   000FB2                     TMR3            equ	4018	;# 
   166   000FB2                     TMR3L           equ	4018	;# 
   167   000FB3                     TMR3H           equ	4019	;# 
   168   000FB4                     CMCON           equ	4020	;# 
   169   000FB5                     CVRCON          equ	4021	;# 
   170   000FB6                     ECCP1AS         equ	4022	;# 
   171   000FB6                     CCP1AS          equ	4022	;# 
   172   000FB7                     ECCP1DEL        equ	4023	;# 
   173   000FB7                     CCP1DEL         equ	4023	;# 
   174   000FB8                     BAUDCON         equ	4024	;# 
   175   000FB8                     BAUDCTL         equ	4024	;# 
   176   000FBA                     CCP2CON         equ	4026	;# 
   177   000FBB                     CCPR2           equ	4027	;# 
   178   000FBB                     CCPR2L          equ	4027	;# 
   179   000FBC                     CCPR2H          equ	4028	;# 
   180   000FBD                     CCP1CON         equ	4029	;# 
   181   000FBD                     ECCP1CON        equ	4029	;# 
   182   000FBE                     CCPR1           equ	4030	;# 
   183   000FBE                     CCPR1L          equ	4030	;# 
   184   000FBF                     CCPR1H          equ	4031	;# 
   185   000FC0                     ADCON2          equ	4032	;# 
   186   000FC1                     ADCON1          equ	4033	;# 
   187   000FC2                     ADCON0          equ	4034	;# 
   188   000FC3                     ADRES           equ	4035	;# 
   189   000FC3                     ADRESL          equ	4035	;# 
   190   000FC4                     ADRESH          equ	4036	;# 
   191   000FC5                     SSPCON2         equ	4037	;# 
   192   000FC6                     SSPCON1         equ	4038	;# 
   193   000FC7                     SSPSTAT         equ	4039	;# 
   194   000FC8                     SSPADD          equ	4040	;# 
   195   000FC9                     SSPBUF          equ	4041	;# 
   196   000FCA                     T2CON           equ	4042	;# 
   197   000FCB                     PR2             equ	4043	;# 
   198   000FCB                     MEMCON          equ	4043	;# 
   199   000FCC                     TMR2            equ	4044	;# 
   200   000FCD                     T1CON           equ	4045	;# 
   201   000FCE                     TMR1            equ	4046	;# 
   202   000FCE                     TMR1L           equ	4046	;# 
   203   000FCF                     TMR1H           equ	4047	;# 
   204   000FD0                     RCON            equ	4048	;# 
   205   000FD1                     WDTCON          equ	4049	;# 
   206   000FD2                     HLVDCON         equ	4050	;# 
   207   000FD2                     LVDCON          equ	4050	;# 
   208   000FD3                     OSCCON          equ	4051	;# 
   209   000FD5                     T0CON           equ	4053	;# 
   210   000FD6                     TMR0            equ	4054	;# 
   211   000FD6                     TMR0L           equ	4054	;# 
   212   000FD7                     TMR0H           equ	4055	;# 
   213   000FD8                     STATUS          equ	4056	;# 
   214   000FD9                     FSR2            equ	4057	;# 
   215   000FD9                     FSR2L           equ	4057	;# 
   216   000FDA                     FSR2H           equ	4058	;# 
   217   000FDB                     PLUSW2          equ	4059	;# 
   218   000FDC                     PREINC2         equ	4060	;# 
   219   000FDD                     POSTDEC2        equ	4061	;# 
   220   000FDE                     POSTINC2        equ	4062	;# 
   221   000FDF                     INDF2           equ	4063	;# 
   222   000FE0                     BSR             equ	4064	;# 
   223   000FE1                     FSR1            equ	4065	;# 
   224   000FE1                     FSR1L           equ	4065	;# 
   225   000FE2                     FSR1H           equ	4066	;# 
   226   000FE3                     PLUSW1          equ	4067	;# 
   227   000FE4                     PREINC1         equ	4068	;# 
   228   000FE5                     POSTDEC1        equ	4069	;# 
   229   000FE6                     POSTINC1        equ	4070	;# 
   230   000FE7                     INDF1           equ	4071	;# 
   231   000FE8                     WREG            equ	4072	;# 
   232   000FE9                     FSR0            equ	4073	;# 
   233   000FE9                     FSR0L           equ	4073	;# 
   234   000FEA                     FSR0H           equ	4074	;# 
   235   000FEB                     PLUSW0          equ	4075	;# 
   236   000FEC                     PREINC0         equ	4076	;# 
   237   000FED                     POSTDEC0        equ	4077	;# 
   238   000FEE                     POSTINC0        equ	4078	;# 
   239   000FEF                     INDF0           equ	4079	;# 
   240   000FF0                     INTCON3         equ	4080	;# 
   241   000FF1                     INTCON2         equ	4081	;# 
   242   000FF2                     INTCON          equ	4082	;# 
   243   000FF3                     PROD            equ	4083	;# 
   244   000FF3                     PRODL           equ	4083	;# 
   245   000FF4                     PRODH           equ	4084	;# 
   246   000FF5                     TABLAT          equ	4085	;# 
   247   000FF6                     TBLPTR          equ	4086	;# 
   248   000FF6                     TBLPTRL         equ	4086	;# 
   249   000FF7                     TBLPTRH         equ	4087	;# 
   250   000FF8                     TBLPTRU         equ	4088	;# 
   251   000FF9                     PCLAT           equ	4089	;# 
   252   000FF9                     PC              equ	4089	;# 
   253   000FF9                     PCL             equ	4089	;# 
   254   000FFA                     PCLATH          equ	4090	;# 
   255   000FFB                     PCLATU          equ	4091	;# 
   256   000FFC                     STKPTR          equ	4092	;# 
   257   000FFD                     TOS             equ	4093	;# 
   258   000FFD                     TOSL            equ	4093	;# 
   259   000FFE                     TOSH            equ	4094	;# 
   260   000FFF                     TOSU            equ	4095	;# 
   261   000F8C                     _LATDbits       set	3980
   262   000F95                     _TRISDbits      set	3989
   263   000FD3                     _OSCCON         set	4051
   264   000FC3                     _ADRESL         set	4035
   265   000FC4                     _ADRESH         set	4036
   266   000FC2                     _ADCON0bits     set	4034
   267   000FC2                     _ADCON0         set	4034
   268   000FC0                     _ADCON2         set	4032
   269   000FC1                     _ADCON1         set	4033
   270   000F92                     _TRISAbits      set	3986
   271                           
   272                           ; #config settings
   273                           
   274                           	psect	cinit
   275   0009B2                     __pcinit:
   276                           	callstack 0
   277   0009B2                     start_initialization:
   278                           	callstack 0
   279   0009B2                     __initialization:
   280                           	callstack 0
   281   0009B2                     end_of_initialization:
   282                           	callstack 0
   283   0009B2                     __end_of__initialization:
   284                           	callstack 0
   285   0009B2  0100               	movlb	0
   286   0009B4  EF01  F004         	goto	_main	;jump to C main() function
   287                           
   288                           	psect	cstackCOMRAM
   289   000001                     __pcstackCOMRAM:
   290                           	callstack 0
   291   000001                     ?_ADC_Read:
   292                           	callstack 0
   293   000001                     ??_ADC_Init:
   294                           
   295                           ; 1 bytes @ 0x0
   296   000001                     	ds	2
   297   000003                     ??_ADC_Read:
   298                           
   299                           ; 1 bytes @ 0x2
   300   000003                     	ds	2
   301   000005                     ADC_Read@canal:
   302                           	callstack 0
   303                           
   304                           ; 1 bytes @ 0x4
   305   000005                     	ds	1
   306   000006                     ?_ADC_ReadAvg:
   307                           	callstack 0
   308                           
   309                           ; 2 bytes @ 0x5
   310   000006                     	ds	2
   311   000008                     ??_ADC_ReadAvg:
   312                           
   313                           ; 1 bytes @ 0x7
   314   000008                     	ds	4
   315   00000C                     ADC_ReadAvg@canal:
   316                           	callstack 0
   317                           
   318                           ; 1 bytes @ 0xB
   319   00000C                     	ds	1
   320   00000D                     ADC_ReadAvg@suma:
   321                           	callstack 0
   322                           
   323                           ; 4 bytes @ 0xC
   324   00000D                     	ds	4
   325   000011                     ADC_ReadAvg@i:
   326                           	callstack 0
   327                           
   328                           ; 1 bytes @ 0x10
   329   000011                     	ds	1
   330   000012                     ??_main:
   331                           
   332                           ; 1 bytes @ 0x11
   333   000012                     	ds	2
   334   000014                     main@luz_adc:
   335                           	callstack 0
   336                           
   337                           ; 2 bytes @ 0x13
   338   000014                     	ds	2
   339   000016                     main@aire_adc:
   340                           	callstack 0
   341                           
   342                           ; 2 bytes @ 0x15
   343   000016                     	ds	2
   344   000018                     main@temp_adc:
   345                           	callstack 0
   346                           
   347                           ; 2 bytes @ 0x17
   348   000018                     	ds	2
   349                           
   350 ;;
   351 ;;Main: autosize = 0, tempsize = 2, incstack = 0, save=0
   352 ;;
   353 ;; *************** function _main *****************
   354 ;; Defined at:
   355 ;;		line 83 in file "luz_calor_aire.c"
   356 ;; Parameters:    Size  Location     Type
   357 ;;		None
   358 ;; Auto vars:     Size  Location     Type
   359 ;;  temp_adc        2   23[COMRAM] unsigned int 
   360 ;;  aire_adc        2   21[COMRAM] unsigned int 
   361 ;;  luz_adc         2   19[COMRAM] unsigned int 
   362 ;; Return value:  Size  Location     Type
   363 ;;                  1    wreg      void 
   364 ;; Registers used:
   365 ;;		wreg, status,2, status,0, cstack
   366 ;; Tracked objects:
   367 ;;		On entry : 0/0
   368 ;;		On exit  : 0/0
   369 ;;		Unchanged: 0/0
   370 ;; Data sizes:     COMRAM   BANK0   BANK1   BANK2   BANK3   BANK4   BANK5   BANK6   BANK7
   371 ;;      Params:         0       0       0       0       0       0       0       0       0
   372 ;;      Locals:         6       0       0       0       0       0       0       0       0
   373 ;;      Temps:          2       0       0       0       0       0       0       0       0
   374 ;;      Totals:         8       0       0       0       0       0       0       0       0
   375 ;;Total ram usage:        8 bytes
   376 ;; Hardware stack levels required when called: 2
   377 ;; This function calls:
   378 ;;		_ADC_Init
   379 ;;		_ADC_ReadAvg
   380 ;; This function is called by:
   381 ;;		Startup code after reset
   382 ;; This function uses a non-reentrant model
   383 ;;
   384                           
   385                           	psect	text0
   386   000802                     __ptext0:
   387                           	callstack 0
   388   000802                     _main:
   389                           	callstack 29
   390   000802                     
   391                           ;luz_calor_aire.c: 85:     unsigned int temp_adc;;luz_calor_aire.c: 86:     unsigned int
      +                           luz_adc;;luz_calor_aire.c: 87:     unsigned int aire_adc;;luz_calor_aire.c: 89:     OSC
      +                          CON = 0x72;
   392   000802  0E72               	movlw	114
   393   000804  6ED3               	movwf	211,c	;volatile
   394   000806                     
   395                           ;luz_calor_aire.c: 91:     TRISDbits.TRISD0 = 0;
   396   000806  9095               	bcf	149,0,c	;volatile
   397   000808                     
   398                           ;luz_calor_aire.c: 92:     TRISDbits.TRISD1 = 0;
   399   000808  9295               	bcf	149,1,c	;volatile
   400   00080A                     
   401                           ;luz_calor_aire.c: 93:     TRISDbits.TRISD2 = 0;
   402   00080A  9495               	bcf	149,2,c	;volatile
   403   00080C                     
   404                           ;luz_calor_aire.c: 95:     LATDbits.LATD0 = 0;
   405   00080C  908C               	bcf	140,0,c	;volatile
   406   00080E                     
   407                           ;luz_calor_aire.c: 96:     LATDbits.LATD1 = 0;
   408   00080E  928C               	bcf	140,1,c	;volatile
   409   000810                     
   410                           ;luz_calor_aire.c: 97:     LATDbits.LATD2 = 0;
   411   000810  948C               	bcf	140,2,c	;volatile
   412   000812                     
   413                           ;luz_calor_aire.c: 99:     ADC_Init();
   414   000812  ECC8  F004         	call	_ADC_Init	;wreg free
   415   000816                     l954:
   416                           
   417                           ;luz_calor_aire.c: 104:         temp_adc = ADC_ReadAvg(0);
   418   000816  0E00               	movlw	0
   419   000818  EC68  F004         	call	_ADC_ReadAvg
   420   00081C  C006  F018         	movff	?_ADC_ReadAvg,main@temp_adc
   421   000820  C007  F019         	movff	?_ADC_ReadAvg+1,main@temp_adc+1
   422   000824                     
   423                           ;luz_calor_aire.c: 105:         luz_adc = ADC_ReadAvg(1);
   424   000824  0E01               	movlw	1
   425   000826  EC68  F004         	call	_ADC_ReadAvg
   426   00082A  C006  F014         	movff	?_ADC_ReadAvg,main@luz_adc
   427   00082E  C007  F015         	movff	?_ADC_ReadAvg+1,main@luz_adc+1
   428   000832                     
   429                           ;luz_calor_aire.c: 106:         aire_adc = ADC_ReadAvg(2);
   430   000832  0E02               	movlw	2
   431   000834  EC68  F004         	call	_ADC_ReadAvg
   432   000838  C006  F016         	movff	?_ADC_ReadAvg,main@aire_adc
   433   00083C  C007  F017         	movff	?_ADC_ReadAvg+1,main@aire_adc+1
   434                           
   435                           ;luz_calor_aire.c: 109:         if (temp_adc >= 60 && temp_adc <= 80) {
   436   000840  5019               	movf	(main@temp_adc+1)^0,w,c
   437   000842  E109               	bnz	u110
   438   000844  0E3C               	movlw	60
   439   000846  5C18               	subwf	main@temp_adc^0,w,c
   440   000848  A0D8               	btfss	status,0,c
   441   00084A  EF29  F004         	goto	u111
   442   00084E  EF2B  F004         	goto	u110
   443   000852                     u111:
   444   000852  EF39  F004         	goto	l42
   445   000856                     u110:
   446   000856  5019               	movf	(main@temp_adc+1)^0,w,c
   447   000858  E107               	bnz	u121
   448   00085A  0E51               	movlw	81
   449   00085C  5C18               	subwf	main@temp_adc^0,w,c
   450   00085E  B0D8               	btfsc	status,0,c
   451   000860  EF34  F004         	goto	u121
   452   000864  EF36  F004         	goto	u120
   453   000868                     u121:
   454   000868  EF39  F004         	goto	l42
   455   00086C                     u120:
   456   00086C                     
   457                           ;luz_calor_aire.c: 110:             LATDbits.LATD0 = 1;
   458   00086C  808C               	bsf	140,0,c	;volatile
   459                           
   460                           ;luz_calor_aire.c: 111:         } else {
   461   00086E  EF3A  F004         	goto	l964
   462   000872                     l42:
   463                           
   464                           ;luz_calor_aire.c: 112:             LATDbits.LATD0 = 0;
   465   000872  908C               	bcf	140,0,c	;volatile
   466   000874                     l964:
   467                           
   468                           ;luz_calor_aire.c: 116:         if (luz_adc > 500) {
   469   000874  0EF5               	movlw	245
   470   000876  5C14               	subwf	main@luz_adc^0,w,c
   471   000878  0E01               	movlw	1
   472   00087A  5815               	subwfb	(main@luz_adc+1)^0,w,c
   473   00087C  A0D8               	btfss	status,0,c
   474   00087E  EF43  F004         	goto	u131
   475   000882  EF45  F004         	goto	u130
   476   000886                     u131:
   477   000886  EF48  F004         	goto	l44
   478   00088A                     u130:
   479   00088A                     
   480                           ;luz_calor_aire.c: 117:             LATDbits.LATD1 = 1;
   481   00088A  828C               	bsf	140,1,c	;volatile
   482                           
   483                           ;luz_calor_aire.c: 118:         } else {
   484   00088C  EF49  F004         	goto	l968
   485   000890                     l44:
   486                           
   487                           ;luz_calor_aire.c: 119:             LATDbits.LATD1 = 0;
   488   000890  928C               	bcf	140,1,c	;volatile
   489   000892                     l968:
   490                           
   491                           ;luz_calor_aire.c: 123:         if (aire_adc > 400) {
   492   000892  0E91               	movlw	145
   493   000894  5C16               	subwf	main@aire_adc^0,w,c
   494   000896  0E01               	movlw	1
   495   000898  5817               	subwfb	(main@aire_adc+1)^0,w,c
   496   00089A  A0D8               	btfss	status,0,c
   497   00089C  EF52  F004         	goto	u141
   498   0008A0  EF54  F004         	goto	u140
   499   0008A4                     u141:
   500   0008A4  EF57  F004         	goto	l46
   501   0008A8                     u140:
   502   0008A8                     
   503                           ;luz_calor_aire.c: 124:             LATDbits.LATD2 = 1;
   504   0008A8  848C               	bsf	140,2,c	;volatile
   505                           
   506                           ;luz_calor_aire.c: 125:         } else {
   507   0008AA  EF58  F004         	goto	l972
   508   0008AE                     l46:
   509                           
   510                           ;luz_calor_aire.c: 126:             LATDbits.LATD2 = 0;
   511   0008AE  948C               	bcf	140,2,c	;volatile
   512   0008B0                     l972:
   513                           
   514                           ;luz_calor_aire.c: 129:         _delay((unsigned long)((200)*(8000000/4000.0)));
   515   0008B0  0E03               	movlw	3
   516   0008B2  6E13               	movwf	(??_main+1)^0,c
   517   0008B4  0E08               	movlw	8
   518   0008B6  6E12               	movwf	??_main^0,c
   519   0008B8  0E77               	movlw	119
   520   0008BA                     u157:
   521   0008BA  2EE8               	decfsz	wreg,f,c
   522   0008BC  D7FE               	bra	u157
   523   0008BE  2E12               	decfsz	??_main^0,f,c
   524   0008C0  D7FC               	bra	u157
   525   0008C2  2E13               	decfsz	(??_main+1)^0,f,c
   526   0008C4  D7FA               	bra	u157
   527   0008C6  0000               	nop	
   528   0008C8  EF0B  F004         	goto	l954
   529   0008CC  EFFE  F03F         	goto	start
   530   0008D0                     __end_of_main:
   531                           	callstack 0
   532                           
   533 ;; *************** function _ADC_ReadAvg *****************
   534 ;; Defined at:
   535 ;;		line 69 in file "luz_calor_aire.c"
   536 ;; Parameters:    Size  Location     Type
   537 ;;  canal           1    wreg     unsigned char 
   538 ;; Auto vars:     Size  Location     Type
   539 ;;  canal           1   11[COMRAM] unsigned char 
   540 ;;  suma            4   12[COMRAM] unsigned long 
   541 ;;  i               1   16[COMRAM] unsigned char 
   542 ;; Return value:  Size  Location     Type
   543 ;;                  2    5[COMRAM] unsigned int 
   544 ;; Registers used:
   545 ;;		wreg, status,2, status,0, cstack
   546 ;; Tracked objects:
   547 ;;		On entry : 0/0
   548 ;;		On exit  : 0/0
   549 ;;		Unchanged: 0/0
   550 ;; Data sizes:     COMRAM   BANK0   BANK1   BANK2   BANK3   BANK4   BANK5   BANK6   BANK7
   551 ;;      Params:         2       0       0       0       0       0       0       0       0
   552 ;;      Locals:         6       0       0       0       0       0       0       0       0
   553 ;;      Temps:          4       0       0       0       0       0       0       0       0
   554 ;;      Totals:        12       0       0       0       0       0       0       0       0
   555 ;;Total ram usage:       12 bytes
   556 ;; Hardware stack levels used: 1
   557 ;; Hardware stack levels required when called: 1
   558 ;; This function calls:
   559 ;;		_ADC_Read
   560 ;; This function is called by:
   561 ;;		_main
   562 ;; This function uses a non-reentrant model
   563 ;;
   564                           
   565                           	psect	text1
   566   0008D0                     __ptext1:
   567                           	callstack 0
   568   0008D0                     _ADC_ReadAvg:
   569                           	callstack 29
   570                           
   571                           ;incstack = 0
   572                           ;ADC_ReadAvg@canal stored from wreg
   573   0008D0  6E0C               	movwf	ADC_ReadAvg@canal^0,c
   574   0008D2                     
   575                           ;luz_calor_aire.c: 70:     unsigned char i;;luz_calor_aire.c: 71:     unsigned long suma
      +                           = 0;
   576   0008D2  0E00               	movlw	0
   577   0008D4  6E0D               	movwf	ADC_ReadAvg@suma^0,c
   578   0008D6  0E00               	movlw	0
   579   0008D8  6E0E               	movwf	(ADC_ReadAvg@suma+1)^0,c
   580   0008DA  0E00               	movlw	0
   581   0008DC  6E0F               	movwf	(ADC_ReadAvg@suma+2)^0,c
   582   0008DE  0E00               	movlw	0
   583   0008E0  6E10               	movwf	(ADC_ReadAvg@suma+3)^0,c
   584   0008E2                     
   585                           ;luz_calor_aire.c: 73:     for (i = 0; i < 8; i++) {
   586   0008E2  6A11               	clrf	ADC_ReadAvg@i^0,c
   587   0008E4                     l926:
   588                           
   589                           ;luz_calor_aire.c: 74:         suma += ADC_Read(canal);
   590   0008E4  500C               	movf	ADC_ReadAvg@canal^0,w,c
   591   0008E6  ECA5  F004         	call	_ADC_Read
   592   0008EA  5001               	movf	?_ADC_Read^0,w,c
   593   0008EC  260D               	addwf	ADC_ReadAvg@suma^0,f,c
   594   0008EE  5002               	movf	(?_ADC_Read+1)^0,w,c
   595   0008F0  220E               	addwfc	(ADC_ReadAvg@suma+1)^0,f,c
   596   0008F2  0E00               	movlw	0
   597   0008F4  220F               	addwfc	(ADC_ReadAvg@suma+2)^0,f,c
   598   0008F6  0E00               	movlw	0
   599   0008F8  2210               	addwfc	(ADC_ReadAvg@suma+3)^0,f,c
   600   0008FA                     
   601                           ;luz_calor_aire.c: 75:         _delay((unsigned long)((1)*(8000000/4000.0)));
   602   0008FA  0E03               	movlw	3
   603   0008FC  6E08               	movwf	??_ADC_ReadAvg^0,c
   604   0008FE  0E98               	movlw	152
   605   000900                     u167:
   606   000900  2EE8               	decfsz	wreg,f,c
   607   000902  D7FE               	bra	u167
   608   000904  2E08               	decfsz	??_ADC_ReadAvg^0,f,c
   609   000906  D7FC               	bra	u167
   610   000908                     
   611                           ;luz_calor_aire.c: 76:     }
   612   000908  2A11               	incf	ADC_ReadAvg@i^0,f,c
   613   00090A  0E07               	movlw	7
   614   00090C  6411               	cpfsgt	ADC_ReadAvg@i^0,c
   615   00090E  EF8B  F004         	goto	u91
   616   000912  EF8D  F004         	goto	u90
   617   000916                     u91:
   618   000916  EF72  F004         	goto	l926
   619   00091A                     u90:
   620   00091A                     
   621                           ;luz_calor_aire.c: 78:     return (unsigned int)(suma / 8);
   622   00091A  C00D  F008         	movff	ADC_ReadAvg@suma,??_ADC_ReadAvg
   623   00091E  C00E  F009         	movff	ADC_ReadAvg@suma+1,??_ADC_ReadAvg+1
   624   000922  C00F  F00A         	movff	ADC_ReadAvg@suma+2,??_ADC_ReadAvg+2
   625   000926  C010  F00B         	movff	ADC_ReadAvg@suma+3,??_ADC_ReadAvg+3
   626   00092A  0E04               	movlw	4
   627   00092C  EF9D  F004         	goto	u100
   628   000930                     u105:
   629   000930  90D8               	bcf	status,0,c
   630   000932  320B               	rrcf	(??_ADC_ReadAvg+3)^0,f,c
   631   000934  320A               	rrcf	(??_ADC_ReadAvg+2)^0,f,c
   632   000936  3209               	rrcf	(??_ADC_ReadAvg+1)^0,f,c
   633   000938  3208               	rrcf	??_ADC_ReadAvg^0,f,c
   634   00093A                     u100:
   635   00093A  2EE8               	decfsz	wreg,f,c
   636   00093C  EF98  F004         	goto	u105
   637   000940  C008  F006         	movff	??_ADC_ReadAvg,?_ADC_ReadAvg
   638   000944  C009  F007         	movff	??_ADC_ReadAvg+1,?_ADC_ReadAvg+1
   639   000948  0012               	return		;funcret
   640   00094A                     __end_of_ADC_ReadAvg:
   641                           	callstack 0
   642                           
   643 ;; *************** function _ADC_Read *****************
   644 ;; Defined at:
   645 ;;		line 58 in file "luz_calor_aire.c"
   646 ;; Parameters:    Size  Location     Type
   647 ;;  canal           1    wreg     unsigned char 
   648 ;; Auto vars:     Size  Location     Type
   649 ;;  canal           1    4[COMRAM] unsigned char 
   650 ;; Return value:  Size  Location     Type
   651 ;;                  2    0[COMRAM] unsigned int 
   652 ;; Registers used:
   653 ;;		wreg, status,2, status,0
   654 ;; Tracked objects:
   655 ;;		On entry : 0/0
   656 ;;		On exit  : 0/0
   657 ;;		Unchanged: 0/0
   658 ;; Data sizes:     COMRAM   BANK0   BANK1   BANK2   BANK3   BANK4   BANK5   BANK6   BANK7
   659 ;;      Params:         2       0       0       0       0       0       0       0       0
   660 ;;      Locals:         1       0       0       0       0       0       0       0       0
   661 ;;      Temps:          2       0       0       0       0       0       0       0       0
   662 ;;      Totals:         5       0       0       0       0       0       0       0       0
   663 ;;Total ram usage:        5 bytes
   664 ;; Hardware stack levels used: 1
   665 ;; This function calls:
   666 ;;		Nothing
   667 ;; This function is called by:
   668 ;;		_ADC_ReadAvg
   669 ;; This function uses a non-reentrant model
   670 ;;
   671                           
   672                           	psect	text2
   673   00094A                     __ptext2:
   674                           	callstack 0
   675   00094A                     _ADC_Read:
   676                           	callstack 29
   677                           
   678                           ;incstack = 0
   679                           ;ADC_Read@canal stored from wreg
   680   00094A  6E05               	movwf	ADC_Read@canal^0,c
   681   00094C                     
   682                           ;luz_calor_aire.c: 59:     ADCON0 = (ADCON0 & 0xC3) | (canal << 2);
   683   00094C  C005  F003         	movff	ADC_Read@canal,??_ADC_Read
   684   000950  90D8               	bcf	status,0,c
   685   000952  3603               	rlcf	??_ADC_Read^0,f,c
   686   000954  90D8               	bcf	status,0,c
   687   000956  3603               	rlcf	??_ADC_Read^0,f,c
   688   000958  50C2               	movf	194,w,c	;volatile
   689   00095A  0BC3               	andlw	195
   690   00095C  1003               	iorwf	??_ADC_Read^0,w,c
   691   00095E  6EC2               	movwf	194,c	;volatile
   692   000960                     
   693                           ;luz_calor_aire.c: 61:     _delay((unsigned long)((50)*(8000000/4000000.0)));
   694   000960  0E21               	movlw	33
   695   000962                     u177:
   696   000962  2EE8               	decfsz	wreg,f,c
   697   000964  D7FE               	bra	u177
   698   000966  0000               	nop	
   699   000968                     
   700                           ;luz_calor_aire.c: 63:     ADCON0bits.GO = 1;
   701   000968  82C2               	bsf	194,1,c	;volatile
   702   00096A                     l28:
   703   00096A  B2C2               	btfsc	194,1,c	;volatile
   704   00096C  EFBA  F004         	goto	u81
   705   000970  EFBC  F004         	goto	u80
   706   000974                     u81:
   707   000974  EFB5  F004         	goto	l28
   708   000978                     u80:
   709   000978                     
   710                           ;luz_calor_aire.c: 66:     return ((ADRESH << 8) | ADRESL);
   711   000978  50C3               	movf	195,w,c	;volatile
   712   00097A  CFC4 F003          	movff	4036,??_ADC_Read	;volatile
   713   00097E  6A04               	clrf	(??_ADC_Read+1)^0,c
   714   000980  C003  F004         	movff	??_ADC_Read,??_ADC_Read+1
   715   000984  6A03               	clrf	??_ADC_Read^0,c
   716   000986  1003               	iorwf	??_ADC_Read^0,w,c
   717   000988  6E01               	movwf	?_ADC_Read^0,c
   718   00098A  5004               	movf	(??_ADC_Read+1)^0,w,c
   719   00098C  6E02               	movwf	(?_ADC_Read+1)^0,c
   720   00098E  0012               	return		;funcret
   721   000990                     __end_of_ADC_Read:
   722                           	callstack 0
   723                           
   724 ;; *************** function _ADC_Init *****************
   725 ;; Defined at:
   726 ;;		line 46 in file "luz_calor_aire.c"
   727 ;; Parameters:    Size  Location     Type
   728 ;;		None
   729 ;; Auto vars:     Size  Location     Type
   730 ;;		None
   731 ;; Return value:  Size  Location     Type
   732 ;;                  1    wreg      void 
   733 ;; Registers used:
   734 ;;		wreg, status,2
   735 ;; Tracked objects:
   736 ;;		On entry : 0/0
   737 ;;		On exit  : 0/0
   738 ;;		Unchanged: 0/0
   739 ;; Data sizes:     COMRAM   BANK0   BANK1   BANK2   BANK3   BANK4   BANK5   BANK6   BANK7
   740 ;;      Params:         0       0       0       0       0       0       0       0       0
   741 ;;      Locals:         0       0       0       0       0       0       0       0       0
   742 ;;      Temps:          1       0       0       0       0       0       0       0       0
   743 ;;      Totals:         1       0       0       0       0       0       0       0       0
   744 ;;Total ram usage:        1 bytes
   745 ;; Hardware stack levels used: 1
   746 ;; This function calls:
   747 ;;		Nothing
   748 ;; This function is called by:
   749 ;;		_main
   750 ;; This function uses a non-reentrant model
   751 ;;
   752                           
   753                           	psect	text3
   754   000990                     __ptext3:
   755                           	callstack 0
   756   000990                     _ADC_Init:
   757                           	callstack 30
   758   000990                     
   759                           ;luz_calor_aire.c: 47:     TRISAbits.TRISA0 = 1;
   760   000990  8092               	bsf	146,0,c	;volatile
   761                           
   762                           ;luz_calor_aire.c: 48:     TRISAbits.TRISA1 = 1;
   763   000992  8292               	bsf	146,1,c	;volatile
   764                           
   765                           ;luz_calor_aire.c: 49:     TRISAbits.TRISA2 = 1;
   766   000994  8492               	bsf	146,2,c	;volatile
   767   000996                     
   768                           ;luz_calor_aire.c: 51:     ADCON1 = 0x0C;
   769   000996  0E0C               	movlw	12
   770   000998  6EC1               	movwf	193,c	;volatile
   771                           
   772                           ;luz_calor_aire.c: 52:     ADCON2 = 0xBD;
   773   00099A  0EBD               	movlw	189
   774   00099C  6EC0               	movwf	192,c	;volatile
   775                           
   776                           ;luz_calor_aire.c: 53:     ADCON0 = 0x01;
   777   00099E  0E01               	movlw	1
   778   0009A0  6EC2               	movwf	194,c	;volatile
   779   0009A2                     
   780                           ;luz_calor_aire.c: 55:     _delay((unsigned long)((5)*(8000000/4000.0)));
   781   0009A2  0E0D               	movlw	13
   782   0009A4  6E01               	movwf	??_ADC_Init^0,c
   783   0009A6  0EFC               	movlw	252
   784   0009A8                     u187:
   785   0009A8  2EE8               	decfsz	wreg,f,c
   786   0009AA  D7FE               	bra	u187
   787   0009AC  2E01               	decfsz	??_ADC_Init^0,f,c
   788   0009AE  D7FC               	bra	u187
   789   0009B0  0012               	return		;funcret
   790   0009B2                     __end_of_ADC_Init:
   791                           	callstack 0
   792                           
   793                           	psect	smallconst
   794   000800                     __psmallconst:
   795                           	callstack 0
   796   000800  00                 	db	0
   797   000801  00                 	db	0	; dummy byte at the end
   798   000800                     __smallconst    set	__psmallconst
   799   000800                     __mediumconst   set	__psmallconst
   800   000000                     __activetblptr  equ	0
   801                           
   802                           	psect	rparam
   803   000001                     ___rparam_used  equ	1
   804   000000                     ___param_bank   equ	0
   805   000000                     __Lparam        equ	__Lrparam
   806   000000                     __Hparam        equ	__Hrparam
   807                           
   808                           	psect	config
   809                           
   810                           ;Config register CONFIG1L @ 0x300000
   811                           ;	unspecified, using default values
   812                           ;	PLL Prescaler Selection bits
   813                           ;	PLLDIV = 0x0, unprogrammed default
   814                           ;	System Clock Postscaler Selection bits
   815                           ;	CPUDIV = 0x0, unprogrammed default
   816                           ;	USB Clock Selection bit (used in Full-Speed USB mode only; UCFG:FSEN = 1)
   817                           ;	USBDIV = 0x0, unprogrammed default
   818   300000                     	org	3145728
   819   300000  00                 	db	0
   820                           
   821                           ;Config register CONFIG1H @ 0x300001
   822                           ;	Oscillator Selection bits
   823                           ;	FOSC = INTOSC_EC, Internal oscillator, CLKO function on RA6, EC used by USB (INTCKO)
   824                           ;	Fail-Safe Clock Monitor Enable bit
   825                           ;	FCMEN = 0x0, unprogrammed default
   826                           ;	Internal/External Oscillator Switchover bit
   827                           ;	IESO = 0x0, unprogrammed default
   828   300001                     	org	3145729
   829   300001  09                 	db	9
   830                           
   831                           ;Config register CONFIG2L @ 0x300002
   832                           ;	unspecified, using default values
   833                           ;	Power-up Timer Enable bit
   834                           ;	PWRT = 0x1, unprogrammed default
   835                           ;	Brown-out Reset Enable bits
   836                           ;	BOR = 0x3, unprogrammed default
   837                           ;	Brown-out Reset Voltage bits
   838                           ;	BORV = 0x3, unprogrammed default
   839                           ;	USB Voltage Regulator Enable bit
   840                           ;	VREGEN = 0x0, unprogrammed default
   841   300002                     	org	3145730
   842   300002  1F                 	db	31
   843                           
   844                           ;Config register CONFIG2H @ 0x300003
   845                           ;	Watchdog Timer Enable bit
   846                           ;	WDT = OFF, WDT disabled (control is placed on the SWDTEN bit)
   847                           ;	Watchdog Timer Postscale Select bits
   848                           ;	WDTPS = 0xF, unprogrammed default
   849   300003                     	org	3145731
   850   300003  1E                 	db	30
   851                           
   852                           ; Padding undefined space
   853   300004                     	org	3145732
   854   300004  FF                 	db	255
   855                           
   856                           ;Config register CONFIG3H @ 0x300005
   857                           ;	CCP2 MUX bit
   858                           ;	CCP2MX = 0x1, unprogrammed default
   859                           ;	PORTB A/D Enable bit
   860                           ;	PBADEN = OFF, PORTB<4:0> pins are configured as digital I/O on Reset
   861                           ;	Low-Power Timer 1 Oscillator Enable bit
   862                           ;	LPT1OSC = 0x0, unprogrammed default
   863                           ;	MCLR Pin Enable bit
   864                           ;	MCLRE = OFF, RE3 input pin enabled; MCLR pin disabled
   865   300005                     	org	3145733
   866   300005  01                 	db	1
   867                           
   868                           ;Config register CONFIG4L @ 0x300006
   869                           ;	Stack Full/Underflow Reset Enable bit
   870                           ;	STVREN = 0x1, unprogrammed default
   871                           ;	Single-Supply ICSP Enable bit
   872                           ;	LVP = OFF, Single-Supply ICSP disabled
   873                           ;	Dedicated In-Circuit Debug/Programming Port (ICPORT) Enable bit
   874                           ;	ICPRT = 0x0, unprogrammed default
   875                           ;	Extended Instruction Set Enable bit
   876                           ;	XINST = 0x0, unprogrammed default
   877                           ;	Background Debugger Enable bit
   878                           ;	DEBUG = 0x1, unprogrammed default
   879   300006                     	org	3145734
   880   300006  81                 	db	129
   881                           
   882                           ; Padding undefined space
   883   300007                     	org	3145735
   884   300007  FF                 	db	255
   885                           tosu	equ	0xFFF
   886                           tosh	equ	0xFFE
   887                           tosl	equ	0xFFD
   888                           stkptr	equ	0xFFC
   889                           pclatu	equ	0xFFB
   890                           pclath	equ	0xFFA
   891                           pcl	equ	0xFF9
   892                           tblptru	equ	0xFF8
   893                           tblptrh	equ	0xFF7
   894                           tblptrl	equ	0xFF6
   895                           tablat	equ	0xFF5
   896                           prodh	equ	0xFF4
   897                           prodl	equ	0xFF3
   898                           indf0	equ	0xFEF
   899                           postinc0	equ	0xFEE
   900                           postdec0	equ	0xFED
   901                           preinc0	equ	0xFEC
   902                           plusw0	equ	0xFEB
   903                           fsr0h	equ	0xFEA
   904                           fsr0l	equ	0xFE9
   905                           wreg	equ	0xFE8
   906                           indf1	equ	0xFE7
   907                           postinc1	equ	0xFE6
   908                           postdec1	equ	0xFE5
   909                           preinc1	equ	0xFE4
   910                           plusw1	equ	0xFE3
   911                           fsr1h	equ	0xFE2
   912                           fsr1l	equ	0xFE1
   913                           bsr	equ	0xFE0
   914                           indf2	equ	0xFDF
   915                           postinc2	equ	0xFDE
   916                           postdec2	equ	0xFDD
   917                           preinc2	equ	0xFDC
   918                           plusw2	equ	0xFDB
   919                           fsr2h	equ	0xFDA
   920                           fsr2l	equ	0xFD9
   921                           status	equ	0xFD8

Data Sizes:
    Strings     0
    Constant    0
    Data        0
    BSS         0
    Persistent  0
    Stack       0

Auto Spaces:
    Space          Size  Autos    Used
    COMRAM           95     25      25
    BANK0           160      0       0
    BANK1           256      0       0
    BANK2           256      0       0
    BANK3           256      0       0
    BANK4           256      0       0
    BANK5           256      0       0
    BANK6           256      0       0
    BANK7           256      0       0

Pointer List with Targets:

    None.

Critical Paths under _main in COMRAM

    _main->_ADC_ReadAvg
    _ADC_ReadAvg->_ADC_Read

Critical Paths under _main in BANK0

    None.

Critical Paths under _main in BANK1

    None.

Critical Paths under _main in BANK2

    None.

Critical Paths under _main in BANK3

    None.

Critical Paths under _main in BANK4

    None.

Critical Paths under _main in BANK5

    None.

Critical Paths under _main in BANK6

    None.

Critical Paths under _main in BANK7

    None.

Call Graph Tables:

 ---------------------------------------------------------------------------------
 (Depth) Function   	        Calls       Base Space   Used Autos Params    Refs
 ---------------------------------------------------------------------------------
 (0) _main                                                 8     8      0     219
                                             17 COMRAM     8     8      0
                           _ADC_Init
                        _ADC_ReadAvg
 ---------------------------------------------------------------------------------
 (1) _ADC_ReadAvg                                         12    10      2     128
                                              5 COMRAM    12    10      2
                           _ADC_Read
 ---------------------------------------------------------------------------------
 (2) _ADC_Read                                             5     3      2      29
                                              0 COMRAM     5     3      2
 ---------------------------------------------------------------------------------
 (1) _ADC_Init                                             1     1      0       0
                                              0 COMRAM     1     1      0
 ---------------------------------------------------------------------------------
 Estimated maximum stack depth 2
 ---------------------------------------------------------------------------------

 Call Graph Graphs:

 _main (ROOT)
   _ADC_Init
   _ADC_ReadAvg
     _ADC_Read

Address spaces:
Name               Size   Autos  Total    Usage
BITCOMRAM           95      0       0      0.0%
BITBANK0           160      0       0      0.0%
BITBANK1           256      0       0      0.0%
BITBANK2           256      0       0      0.0%
BITBANK3           256      0       0      0.0%
BITBANK4           256      0       0      0.0%
BITBANK5           256      0       0      0.0%
BITBANK6           256      0       0      0.0%
BITBANK7           256      0       0      0.0%
BITBIGSFRh          61      0       0      0.0%
BITBIGSFRlh         53      0       0      0.0%
BITBIGSFRll         44      0       0      0.0%
COMRAM              95     25      25     26.3%
BANK0              160      0       0      0.0%
BANK1              256      0       0      0.0%
BANK2              256      0       0      0.0%
BANK3              256      0       0      0.0%
BANK4              256      0       0      0.0%
BANK5              256      0       0      0.0%
BANK6              256      0       0      0.0%
BANK7              256      0       0      0.0%
BIGRAM            2047      0       0      0.0%
STACK                0      0       0      0.0%
DATA                 0      0      25      0.0%


Microchip Technology PIC18 Macro Assembler V3.10 build 20250813170317 
Symbol Table                                                                                   Wed Apr 22 15:13:38 2026

                     l31 098E                       l25 09B0                       l42 0872  
                     l28 096A                       l36 0948                       l44 0890  
                     l46 08AE                       u80 0978                       u81 0974  
                     u90 091A                       u91 0916                      l910 0960  
                    l912 0968                      l920 08E2                      l850 09A2  
                    l914 0978                      l930 0908                      l908 094C  
                    l932 090A                      l940 0806                      l846 0990  
                    l934 091A                      l926 08E4                      l918 08D2  
                    l950 0810                      l942 0808                      l848 0996  
                    l928 08FA                      l960 0856                      l952 0812  
                    l944 080A                      l970 08A8                      l962 086C  
                    l954 0816                      l946 080C                      l938 0802  
                    l972 08B0                      l964 0874                      l956 0824  
                    l948 080E                      l966 088A                      l958 0832  
                    l968 0892                      u100 093A                      u110 0856  
                    u111 0852                      u120 086C                      u105 0930  
                    u121 0868                      u130 088A                      u131 0886  
                    u140 08A8                      u141 08A4                      u157 08BA  
                    u167 0900                      u177 0962                      u187 09A8  
                    wreg 0FE8                     _main 0802              main@luz_adc 0014  
       __end_of_ADC_Init 09B2         __end_of_ADC_Read 0990                     start 7FFC  
           ___param_bank 0000             main@aire_adc 0016                    ?_main 0001  
           main@temp_adc 0018                    status 0FD8          __initialization 09B2  
           __end_of_main 08D0                   ??_main 0012            __activetblptr 0000  
                 _ADCON0 0FC2                   _ADCON1 0FC1                   _ADCON2 0FC0  
                 _ADRESH 0FC4                   _ADRESL 0FC3                   _OSCCON 0FD3  
                 isa$std 0001          ADC_ReadAvg@suma 000D                ?_ADC_Init 0001  
              ?_ADC_Read 0001             __mediumconst 0800               __accesstop 0060  
__end_of__initialization 09B2            ___rparam_used 0001           __pcstackCOMRAM 0001  
             ??_ADC_Init 0001               ??_ADC_Read 0003            ??_ADC_ReadAvg 0008  
                __Hparam 0000                  __Lparam 0000             ADC_ReadAvg@i 0011  
           __psmallconst 0800                  __pcinit 09B2                  __ramtop 0800  
                __ptext0 0802                  __ptext1 08D0                  __ptext2 094A  
                __ptext3 0990     end_of_initialization 09B2         ADC_ReadAvg@canal 000C  
    __end_of_ADC_ReadAvg 094A                _TRISAbits 0F92                _TRISDbits 0F95  
    start_initialization 09B2              _ADC_ReadAvg 08D0              __smallconst 0800  
               _ADC_Init 0990                 _ADC_Read 094A                 _LATDbits 0F8C  
             _ADCON0bits 0FC2                 __Hrparam 0000                 __Lrparam 0000  
          ADC_Read@canal 0005             ?_ADC_ReadAvg 0006                 isa$xinst 0000  
