Microchip MPLAB XC8 Compiler V3.10

Linker command line:

-W-3 \
  --edf=C:\Program Files\Microchip\xc8\v3.10\pic\dat\20250813170317_en.msgs \
  -cn -h+dist/default/debug\oled_libro.X.debug.sym \
  --cmf=dist/default/debug\oled_libro.X.debug.cmf -z -Q18F4550 \
  -oC:\Users\Lenovo\AppData\Local\Temp\xcAsesw.0\driver_tmp_3.o \
  --defsym=__MPLAB_BUILD=1 --fixupoverflow=error \
  -Mdist/default/debug/oled_libro.X.debug.map \
  --md=C:\Users\Lenovo\AppData\Local\Temp\xcAsesw.0\driver_tmp_0.dat -E1 \
  -ver=XC8 Compiler -ACODE=00h-07FFFh -ACONST=00h-07FFFh \
  -ASMALLCONST=0800h-08FFhx120 -AMEDIUMCONST=0800h-07FFFh -ACOMRAM=01h-05Fh \
  -AABS1=00h-07FFh -ABIGRAM=01h-07FFh -ARAM=060h-0FFh,0100h-01FFhx7 \
  -ABANK0=060h-0FFh -ABANK1=0100h-01FFh -ABANK2=0200h-02FFh \
  -ABANK3=0300h-03FFh -ABANK4=0400h-04FFh -ABANK5=0500h-05FFh \
  -ABANK6=0600h-06FFh -ABANK7=0700h-07FFh -ASFR=0F60h-0FFFh \
  -ABIGSFR=0F60h-0FFFh -ACONFIG=0300000h-030000Dh -AIDLOC=0200000h-0200007h \
  -AEEDATA=0F00000h-0F000FFh -peeprom_data=EEDATA \
  -preset_vec=00h,intcode=8h,intcodelo=18h,sivt_lo,sivt_hi=CODE \
  -ppowerup=CODE,init -pramtop=0800h -psmallconst=SMALLCONST \
  -pmediumconst=MEDIUMCONST -pconst=CONST -AFARRAM=00h-00h \
  -prdata=COMRAM,nvrram=COMRAM,nvbit=COMRAM,rbss=COMRAM,rbit=COMRAM \
  -pfarbss=FARRAM,fardata=FARRAM,nvFARRAM=FARRAM \
  -pintsave_regs=BIGRAM,bigbss=BIGRAM,bigdata=BIGRAM -pbss=RAM \
  -pidata=CODE,irdata=CODE,ibigdata=CODE,ifardata=CODE -prparam=COMRAM \
  C:\Users\Lenovo\AppData\Local\Temp\xcAsesw.0\driver_tmp_9.o \
  dist/default/debug\oled_libro.X.debug.o 

Object code version is 3.11

Machine type is 18F4550



                Name                               Link     Load   Length Selector   Space Scale
C:\Users\Lenovo\AppData\Local\Temp\xcAsesw.0\driver_tmp_9.o
                config                           300000   300000        8        0       4
                init                               7FFC     7FFC        4     3FFE       0
                reset_vec                             0        0        4        0       0
dist/default/debug\oled_libro.X.debug.o
                config                           300000   300000        8        0       4
                mediumconst                        7E14     7E14      1E8     3F0A       0
                text12                             7B36     7B36       16     3D9B       0
                text11                             7C26     7C26       2E     3E13       0
                text10                             7BFA     7BFA       2C     3DFD       0
                text9                              7B4C     7B4C       18     3DA6       0
                text8                              7B98     7B98       1C     3DCC       0
                text7                              7B64     7B64       1A     3DB2       0
                text6                              7B7E     7B7E       1A     3DBF       0
                text5                              7C96     7C96       44     3E4B       0
                text4                              7D50     7D50       C4     3EA8       0
                text3                              7CDA     7CDA       76     3E6D       0
                text2                              7BB4     7BB4       20     3DDA       0
                text1                              7C54     7C54       42     3E2A       0
                text0                              7BD4     7BD4       26     3DEA       0
                cstackCOMRAM                          1        1        D        1       1
                cinit                              7B2C     7B2C        A     3D96       0

TOTAL           Name                               Link     Load   Length     Space
        CLASS   CODE           
                init                               7FFC     7FFC        4         0
                reset_vec                             0        0        4         0
                text12                             7B36     7B36       16         0
                text11                             7C26     7C26       2E         0
                text10                             7BFA     7BFA       2C         0
                text9                              7B4C     7B4C       18         0
                text8                              7B98     7B98       1C         0
                text7                              7B64     7B64       1A         0
                text6                              7B7E     7B7E       1A         0
                text5                              7C96     7C96       44         0
                text4                              7D50     7D50       C4         0
                text3                              7CDA     7CDA       76         0
                text2                              7BB4     7BB4       20         0
                text1                              7C54     7C54       42         0
                text0                              7BD4     7BD4       26         0
                cinit                              7B2C     7B2C        A         0

        CLASS   CONST          

        CLASS   SMALLCONST     

        CLASS   MEDIUMCONST    
                mediumconst                        7E14     7E14      1E8         0

        CLASS   COMRAM         
                cstackCOMRAM                          1        1        D         1

        CLASS   ABS1           

        CLASS   BIGRAM         

        CLASS   RAM            

        CLASS   BANK0          

        CLASS   BANK1          

        CLASS   BANK2          

        CLASS   BANK3          

        CLASS   BANK4          

        CLASS   BANK5          

        CLASS   BANK6          

        CLASS   BANK7          

        CLASS   SFR            

        CLASS   BIGSFR         

        CLASS   CONFIG         
                config                           300000   300000        8         4

        CLASS   IDLOC          

        CLASS   EEDATA         

        CLASS   FARRAM         

        CLASS   HEAP           

        CLASS   STACK          



SEGMENTS        Name                           Load    Length   Top    Selector   Space  Class

                reset_vec                      000000  000004  000004         0       0  CODE    
                cstackCOMRAM                   000001  00000D  00000E         1       1  COMRAM  
                cinit                          007B2C  00000A  007B36      3D96       0  CODE    
                text12                         007B36  000016  007B4C      3D9B       0  CODE    
                text9                          007B4C  000018  007B64      3DA6       0  CODE    
                text7                          007B64  00001A  007B7E      3DB2       0  CODE    
                text6                          007B7E  00001A  007B98      3DBF       0  CODE    
                text8                          007B98  00001C  007BB4      3DCC       0  CODE    
                text2                          007BB4  000020  007BD4      3DDA       0  CODE    
                text0                          007BD4  000026  007BFA      3DEA       0  CODE    
                text10                         007BFA  00002C  007C26      3DFD       0  CODE    
                text11                         007C26  00002E  007C54      3E13       0  CODE    
                text1                          007C54  000042  007C96      3E2A       0  CODE    
                text5                          007C96  000044  007CDA      3E4B       0  CODE    
                text3                          007CDA  000076  007D50      3E6D       0  CODE    
                text4                          007D50  0000C4  007E14      3EA8       0  CODE    
                mediumconst                    007E14  0001E8  007FFC      3F0A       0  MEDIUMCO
                init                           007FFC  000004  008000      3FFE       0  CODE    


UNUSED ADDRESS RANGES

        Name                Unused          Largest block    Delta
        BANK0            000060-0000FF               A0
        BANK1            000100-0001FF              100
        BANK2            000200-0002FF              100
        BANK3            000300-0003FF              100
        BANK4            000400-0004FF              100
        BANK5            000500-0005FF              100
        BANK6            000600-0006FF              100
        BANK7            000700-0007FF              100
        BIGRAM           00000E-0007FF              7F2
        BIGSFR           000F60-000FFF               A0
        CODE             000004-007B2B             7B28
        COMRAM           00000E-00005F               52
        CONFIG           300008-30000D                6
        CONST            000004-007B2B             7B28
        EEDATA           F00000-F000FF              100
        IDLOC            200000-200007                8
        MEDIUMCONST      000800-007B2B             732C
        RAM              000060-0007FF              100
        SFR              000F60-000FFF               A0
        SMALLCONST       000800-007B2B              100

                                  Symbol Table

I2C_Start@addr           cstackCOMRAM 000002
I2C_Write@data           cstackCOMRAM 000002
OLED_Char@c              cstackCOMRAM 000008
OLED_Char@i              cstackCOMRAM 000009
OLED_Clear@i             cstackCOMRAM 000005
OLED_Clear@j             cstackCOMRAM 000004
OLED_Comando@cmd         cstackCOMRAM 000003
OLED_Dato@dato           cstackCOMRAM 000003
OLED_SetCursor@col       cstackCOMRAM 000004
OLED_SetCursor@pagina    cstackCOMRAM 000005
OLED_String@col          cstackCOMRAM 00000A
OLED_String@pagina       cstackCOMRAM 00000D
OLED_String@texto        cstackCOMRAM 00000B
_I2C_Init                text12       007B36
_I2C_Ready               text11       007C26
_I2C_Start               text10       007BFA
_I2C_Stop                text9        007B4C
_I2C_Write               text8        007B98
_OLED_Char               text3        007CDA
_OLED_Clear              text5        007C96
_OLED_Comando            text7        007B64
_OLED_Dato               text6        007B7E
_OLED_Init               text4        007D50
_OLED_SetCursor          text2        007BB4
_OLED_String             text1        007C54
_PIR1bits                (abs)        000F9E
_SSPADD                  (abs)        000FC8
_SSPBUF                  (abs)        000FC9
_SSPCON1                 (abs)        000FC6
_SSPCON2                 (abs)        000FC5
_SSPCON2bits             (abs)        000FC5
_SSPSTAT                 (abs)        000FC7
_SSPSTATbits             (abs)        000FC7
_TRISBbits               (abs)        000F93
__HRAM                   (abs)        000000
__H__absolute__          __absolute__ 000000
__Habs1                  abs1         000000
__Hbank0                 bank0        000000
__Hbank1                 bank1        000000
__Hbank2                 bank2        000000
__Hbank3                 bank3        000000
__Hbank4                 bank4        000000
__Hbank5                 bank5        000000
__Hbank6                 bank6        000000
__Hbank7                 bank7        000000
__Hbigbss                bigbss       000000
__Hbigdata               bigdata      000000
__Hbigram                bigram       000000
__Hbigsfr                bigsfr       000000
__Hbss                   bss          000000
__Hcinit                 cinit        000000
__Hclrtext               clrtext      000000
__Hcomram                comram       000000
__Hconfig                config       300008
__Hconst                 const        000000
__HcstackCOMRAM          cstackCOMRAM 000000
__Hdata                  data         000000
__Heeprom_data           eeprom_data  000000
__Hfarbss                farbss       000000
__Hfardata               fardata      000000
__Hheap                  heap         000000
__Hibigdata              ibigdata     000000
__Hidata                 idata        000000
__Hidloc                 idloc        000000
__Hifardata              ifardata     000000
__Hinit                  init         008000
__Hintcode               intcode      000008
__Hintcode_body          intcode_body 000000
__Hintcodelo             intcodelo    000018
__Hintentry              intentry     000000
__Hintret                intret       000000
__Hintsave_regs          intsave_regs 000000
__Hirdata                irdata       000000
__Hmediumconst           mediumconst  007FFC
__HnvFARRAM              nvFARRAM     000000
__Hnvbit                 nvbit        000000
__Hnvrram                nvrram       000000
__Hparam                 rparam       000000
__Hpowerup               powerup      000000
__Hram                   ram          000000
__Hramtop                ramtop       000800
__Hrbit                  rbit         000000
__Hrbss                  rbss         000000
__Hrdata                 rdata        000000
__Hreset_vec             reset_vec    000004
__Hrparam                rparam       000000
__Hsfr                   sfr          000000
__Hsivt_hi               sivt_hi      000000
__Hsivt_lo               sivt_lo      000018
__Hsmallconst            smallconst   000000
__Hspace_0               (abs)        008000
__Hspace_1               (abs)        00000E
__Hspace_2               (abs)        000000
__Hspace_4               (abs)        600008
__Hstack                 stack        000000
__Hstruct                struct       000000
__Htemp                  temp         000000
__Htext                  text         000000
__Htext0                 text0        000000
__Htext1                 text1        000000
__Htext10                text10       000000
__Htext11                text11       000000
__Htext12                text12       000000
__Htext2                 text2        000000
__Htext3                 text3        000000
__Htext4                 text4        000000
__Htext5                 text5        000000
__Htext6                 text6        000000
__Htext7                 text7        000000
__Htext8                 text8        000000
__Htext9                 text9        000000
__LRAM                   (abs)        000001
__L__absolute__          __absolute__ 000000
__Labs1                  abs1         000000
__Lbank0                 bank0        000000
__Lbank1                 bank1        000000
__Lbank2                 bank2        000000
__Lbank3                 bank3        000000
__Lbank4                 bank4        000000
__Lbank5                 bank5        000000
__Lbank6                 bank6        000000
__Lbank7                 bank7        000000
__Lbigbss                bigbss       000000
__Lbigdata               bigdata      000000
__Lbigram                bigram       000000
__Lbigsfr                bigsfr       000000
__Lbss                   bss          000000
__Lcinit                 cinit        000000
__Lclrtext               clrtext      000000
__Lcomram                comram       000000
__Lconfig                config       000000
__Lconst                 const        000000
__LcstackCOMRAM          cstackCOMRAM 000000
__Ldata                  data         000000
__Leeprom_data           eeprom_data  000000
__Lfarbss                farbss       000000
__Lfardata               fardata      000000
__Lheap                  heap         000000
__Libigdata              ibigdata     000000
__Lidata                 idata        000000
__Lidloc                 idloc        000000
__Lifardata              ifardata     000000
__Linit                  init         007FFC
__Lintcode               intcode      000008
__Lintcode_body          intcode_body 000000
__Lintcodelo             intcodelo    000018
__Lintentry              intentry     000000
__Lintret                intret       000000
__Lintsave_regs          intsave_regs 000000
__Lirdata                irdata       000000
__Lmediumconst           mediumconst  007E14
__LnvFARRAM              nvFARRAM     000000
__Lnvbit                 nvbit        000000
__Lnvrram                nvrram       000000
__Lparam                 rparam       000000
__Lpowerup               powerup      000000
__Lram                   ram          000000
__Lramtop                ramtop       000800
__Lrbit                  rbit         000000
__Lrbss                  rbss         000000
__Lrdata                 rdata        000000
__Lreset_vec             reset_vec    000000
__Lrparam                rparam       000000
__Lsfr                   sfr          000000
__Lsivt_hi               sivt_hi      000000
__Lsivt_lo               sivt_lo      000018
__Lsmallconst            smallconst   000000
__Lspace_0               (abs)        000000
__Lspace_1               (abs)        000000
__Lspace_2               (abs)        000000
__Lspace_4               (abs)        000000
__Lstack                 stack        000000
__Lstruct                struct       000000
__Ltemp                  temp         000000
__Ltext                  text         000000
__Ltext0                 text0        000000
__Ltext1                 text1        000000
__Ltext10                text10       000000
__Ltext11                text11       000000
__Ltext12                text12       000000
__Ltext2                 text2        000000
__Ltext3                 text3        000000
__Ltext4                 text4        000000
__Ltext5                 text5        000000
__Ltext6                 text6        000000
__Ltext7                 text7        000000
__Ltext8                 text8        000000
__Ltext9                 text9        000000
__S0                     (abs)        008000
__S1                     (abs)        00000E
__S4                     (abs)        000000
__S5                     (abs)        000000
___heap_hi               (abs)        000000
___heap_lo               (abs)        000000
___inthi_sp              stack        000000
___inthi_stack_hi        stack        000000
___inthi_stack_lo        stack        000000
___intlo_sp              stack        000000
___intlo_stack_hi        stack        000000
___intlo_stack_lo        stack        000000
___param_bank            (abs)        000000
___rparam_used           (abs)        000001
___sp                    stack        000000
___stack_hi              stack        000000
___stack_lo              stack        000000
__accesstop              (abs)        000060
__activetblptr           (abs)        000002
__end_of_I2C_Init        text12       007B4C
__end_of_I2C_Ready       text11       007C54
__end_of_I2C_Start       text10       007C26
__end_of_I2C_Stop        text9        007B64
__end_of_I2C_Write       text8        007BB4
__end_of_OLED_Char       text3        007D50
__end_of_OLED_Clear      text5        007CDA
__end_of_OLED_Comando    text7        007B7E
__end_of_OLED_Dato       text6        007B98
__end_of_OLED_Init       text4        007E14
__end_of_OLED_SetCursor  text2        007BD4
__end_of_OLED_String     text1        007C96
__end_of__initialization cinit        007B2C
__end_of_font5x8         mediumconst  007FF0
__end_of_main            text0        007BFA
__initialization         cinit        007B2C
__mediumconst            mediumconst  007E14
__pcinit                 cinit        007B2C
__pcstackCOMRAM          cstackCOMRAM 000001
__pmediumconst           mediumconst  007E14
__ptext0                 text0        007BD4
__ptext1                 text1        007C54
__ptext10                text10       007BFA
__ptext11                text11       007C26
__ptext12                text12       007B36
__ptext2                 text2        007BB4
__ptext3                 text3        007CDA
__ptext4                 text4        007D50
__ptext5                 text5        007C96
__ptext6                 text6        007B7E
__ptext7                 text7        007B64
__ptext8                 text8        007B98
__ptext9                 text9        007B4C
__ramtop                 ramtop       000800
__smallconst             mediumconst  007E14
_font5x8                 mediumconst  007E15
_main                    text0        007BD4
end_of_initialization    cinit        007B2C
intlevel0                text         000000
intlevel1                text         000000
intlevel2                text         000000
intlevel3                text         000000
isa$std                  (abs)        000001
isa$xinst                (abs)        000000
stackhi                  (abs)        000000
stacklo                  (abs)        000000
start                    init         007FFC
start_initialization     cinit        007B2C


MODULE INFORMATION

Module		Function		Class		Link	Load	Size
shared
		_font5x8       		MEDIUMCONST    	7E15	0000	475
		__initialization		CODE           	7B2C	0000	1

shared estimated size: 476

OLED_Libreria.c
		_OLED_SetCursor		CODE           	7BB4	0000	32
		_OLED_Clear    		CODE           	7C96	0000	68
		_OLED_String   		CODE           	7C54	0000	66
		_OLED_Comando  		CODE           	7B64	0000	26
		_OLED_Char     		CODE           	7CDA	0000	118
		_I2C_Write     		CODE           	7B98	0000	28
		_OLED_Init     		CODE           	7D50	0000	196
		_I2C_Stop      		CODE           	7B4C	0000	24
		_I2C_Ready     		CODE           	7C26	0000	46
		_I2C_Init      		CODE           	7B36	0000	22
		_OLED_Dato     		CODE           	7B7E	0000	26
		_I2C_Start     		CODE           	7BFA	0000	44

OLED_Libreria.c estimated size: 696

main.c
		_main          		CODE           	7BD4	0000	38

main.c estimated size: 38

